Archive member included to satisfy reference by file (symbol)

/usr/lib/gcc/arm-none-eabi/9.2.1/../../../arm-none-eabi/lib/thumb/v7e-m+fp/hard/libc_nano.a(lib_a-atexit.o)
                              /usr/lib/gcc/arm-none-eabi/9.2.1/../../../arm-none-eabi/lib/thumb/v7e-m+fp/hard/crt0.o (atexit)
/usr/lib/gcc/arm-none-eabi/9.2.1/../../../arm-none-eabi/lib/thumb/v7e-m+fp/hard/libc_nano.a(lib_a-ctype_.o)
                              _build/nrf52832_xxaa/nrf_log_str_formatter.c.o (_ctype_)
/usr/lib/gcc/arm-none-eabi/9.2.1/../../../arm-none-eabi/lib/thumb/v7e-m+fp/hard/libc_nano.a(lib_a-exit.o)
                              /usr/lib/gcc/arm-none-eabi/9.2.1/../../../arm-none-eabi/lib/thumb/v7e-m+fp/hard/crt0.o (exit)
/usr/lib/gcc/arm-none-eabi/9.2.1/../../../arm-none-eabi/lib/thumb/v7e-m+fp/hard/libc_nano.a(lib_a-fini.o)
                              /usr/lib/gcc/arm-none-eabi/9.2.1/../../../arm-none-eabi/lib/thumb/v7e-m+fp/hard/crt0.o (__libc_fini_array)
/usr/lib/gcc/arm-none-eabi/9.2.1/../../../arm-none-eabi/lib/thumb/v7e-m+fp/hard/libc_nano.a(lib_a-impure.o)
                              /usr/lib/gcc/arm-none-eabi/9.2.1/../../../arm-none-eabi/lib/thumb/v7e-m+fp/hard/libc_nano.a(lib_a-exit.o) (_global_impure_ptr)
/usr/lib/gcc/arm-none-eabi/9.2.1/../../../arm-none-eabi/lib/thumb/v7e-m+fp/hard/libc_nano.a(lib_a-init.o)
                              /usr/lib/gcc/arm-none-eabi/9.2.1/../../../arm-none-eabi/lib/thumb/v7e-m+fp/hard/crt0.o (__libc_init_array)
/usr/lib/gcc/arm-none-eabi/9.2.1/../../../arm-none-eabi/lib/thumb/v7e-m+fp/hard/libc_nano.a(lib_a-memcmp.o)
                              _build/nrf52832_xxaa/ble_advdata.c.o (memcmp)
/usr/lib/gcc/arm-none-eabi/9.2.1/../../../arm-none-eabi/lib/thumb/v7e-m+fp/hard/libc_nano.a(lib_a-memcpy.o)
                              _build/nrf52832_xxaa/nrf_log_frontend.c.o (memcpy)
/usr/lib/gcc/arm-none-eabi/9.2.1/../../../arm-none-eabi/lib/thumb/v7e-m+fp/hard/libc_nano.a(lib_a-memset.o)
                              /usr/lib/gcc/arm-none-eabi/9.2.1/../../../arm-none-eabi/lib/thumb/v7e-m+fp/hard/crt0.o (memset)
/usr/lib/gcc/arm-none-eabi/9.2.1/../../../arm-none-eabi/lib/thumb/v7e-m+fp/hard/libc_nano.a(lib_a-printf.o)
                              _build/nrf52832_xxaa/main.c.o (printf)
/usr/lib/gcc/arm-none-eabi/9.2.1/../../../arm-none-eabi/lib/thumb/v7e-m+fp/hard/libc_nano.a(lib_a-strcpy.o)
                              _build/nrf52832_xxaa/SEGGER_RTT.c.o (strcpy)
/usr/lib/gcc/arm-none-eabi/9.2.1/../../../arm-none-eabi/lib/thumb/v7e-m+fp/hard/libc_nano.a(lib_a-strlen.o)
                              _build/nrf52832_xxaa/nrf_log_frontend.c.o (strlen)
/usr/lib/gcc/arm-none-eabi/9.2.1/../../../arm-none-eabi/lib/thumb/v7e-m+fp/hard/libc_nano.a(lib_a-__atexit.o)
                              /usr/lib/gcc/arm-none-eabi/9.2.1/../../../arm-none-eabi/lib/thumb/v7e-m+fp/hard/libc_nano.a(lib_a-atexit.o) (__register_exitproc)
/usr/lib/gcc/arm-none-eabi/9.2.1/../../../arm-none-eabi/lib/thumb/v7e-m+fp/hard/libc_nano.a(lib_a-__call_atexit.o)
                              /usr/lib/gcc/arm-none-eabi/9.2.1/../../../arm-none-eabi/lib/thumb/v7e-m+fp/hard/libc_nano.a(lib_a-__atexit.o) (__call_exitprocs)
/usr/lib/gcc/arm-none-eabi/9.2.1/../../../arm-none-eabi/lib/thumb/v7e-m+fp/hard/libc_nano.a(lib_a-findfp.o)
                              /usr/lib/gcc/arm-none-eabi/9.2.1/../../../arm-none-eabi/lib/thumb/v7e-m+fp/hard/libc_nano.a(lib_a-printf.o) (__sinit)
/usr/lib/gcc/arm-none-eabi/9.2.1/../../../arm-none-eabi/lib/thumb/v7e-m+fp/hard/libc_nano.a(lib_a-fwalk.o)
                              /usr/lib/gcc/arm-none-eabi/9.2.1/../../../arm-none-eabi/lib/thumb/v7e-m+fp/hard/libc_nano.a(lib_a-findfp.o) (_fwalk)
/usr/lib/gcc/arm-none-eabi/9.2.1/../../../arm-none-eabi/lib/thumb/v7e-m+fp/hard/libc_nano.a(lib_a-nano-mallocr.o)
                              /usr/lib/gcc/arm-none-eabi/9.2.1/../../../arm-none-eabi/lib/thumb/v7e-m+fp/hard/libc_nano.a(lib_a-findfp.o) (_malloc_r)
/usr/lib/gcc/arm-none-eabi/9.2.1/../../../arm-none-eabi/lib/thumb/v7e-m+fp/hard/libc_nano.a(lib_a-nano-vfprintf.o)
                              /usr/lib/gcc/arm-none-eabi/9.2.1/../../../arm-none-eabi/lib/thumb/v7e-m+fp/hard/libc_nano.a(lib_a-printf.o) (_vfprintf_r)
/usr/lib/gcc/arm-none-eabi/9.2.1/../../../arm-none-eabi/lib/thumb/v7e-m+fp/hard/libc_nano.a(lib_a-nano-vfprintf_i.o)
                              /usr/lib/gcc/arm-none-eabi/9.2.1/../../../arm-none-eabi/lib/thumb/v7e-m+fp/hard/libc_nano.a(lib_a-nano-vfprintf.o) (_printf_i)
/usr/lib/gcc/arm-none-eabi/9.2.1/../../../arm-none-eabi/lib/thumb/v7e-m+fp/hard/libc_nano.a(lib_a-sbrkr.o)
                              /usr/lib/gcc/arm-none-eabi/9.2.1/../../../arm-none-eabi/lib/thumb/v7e-m+fp/hard/libc_nano.a(lib_a-nano-mallocr.o) (_sbrk_r)
/usr/lib/gcc/arm-none-eabi/9.2.1/../../../arm-none-eabi/lib/thumb/v7e-m+fp/hard/libc_nano.a(lib_a-stdio.o)
[...]
Memory Configuration

Name             Origin             Length             Attributes
FLASH            0x0000000000026000 0x000000000005a000 xr
RAM              0x00000000200018c8 0x000000000000e738 xrw
*default*        0x0000000000000000 0xffffffffffffffff

Linker script and memory map


.text           0x0000000000026000     0x767c
 *(.isr_vector)
 .isr_vector    0x0000000000026000      0x200 _build/nrf52832_xxaa/gcc_startup_nrf52.S.o
                0x0000000000026000                __isr_vector
 *(.text*)
 .text          0x0000000000026200       0x88 /usr/lib/gcc/arm-none-eabi/9.2.1/thumb/v7e-m+fp/hard/crtbegin.o
 .text          0x0000000000026288       0x70 /usr/lib/gcc/arm-none-eabi/9.2.1/../../../arm-none-eabi/lib/thumb/v7e-m+fp/hard/crt0.o
                0x0000000000026288                _stack_init
                0x0000000000026290                _mainCRTStartup
                0x0000000000026290                _start
 .text          0x00000000000262f8       0x3c _build/nrf52832_xxaa/gcc_startup_nrf52.S.o
                0x00000000000262f8                Reset_Handler
                0x0000000000026320                NMI_Handler
                0x0000000000026322                HardFault_Handler
                0x0000000000026324                MemoryManagement_Handler
                0x0000000000026326                BusFault_Handler
                0x0000000000026328                UsageFault_Handler
                0x000000000002632a                SVC_Handler
                0x000000000002632c                DebugMon_Handler
                0x000000000002632e                PendSV_Handler
                0x0000000000026330                SysTick_Handler
                0x0000000000026332                TIMER2_IRQHandler
                0x0000000000026332                RTC0_IRQHandler
                0x0000000000026332                SWI0_EGU0_IRQHandler
                0x0000000000026332                PWM1_IRQHandler
                0x0000000000026332                RADIO_IRQHandler
                0x0000000000026332                PDM_IRQHandler
                0x0000000000026332                TEMP_IRQHandler
                0x0000000000026332                QDEC_IRQHandler
                0x0000000000026332                TIMER3_IRQHandler
                0x0000000000026332                FPU_IRQHandler
                0x0000000000026332                SPIM0_SPIS0_TWIM0_TWIS0_SPI0_TWI0_IRQHandler
                0x0000000000026332                TIMER4_IRQHandler
                0x0000000000026332                I2S_IRQHandler
                0x0000000000026332                SWI4_EGU4_IRQHandler
                0x0000000000026332                TIMER0_IRQHandler
                0x0000000000026332                TIMER1_IRQHandler
                0x0000000000026332                PWM2_IRQHandler
                0x0000000000026332                ECB_IRQHandler
                0x0000000000026332                SPIM1_SPIS1_TWIM1_TWIS1_SPI1_TWI1_IRQHandler
                0x0000000000026332                Default_Handler
                0x0000000000026332                SAADC_IRQHandler
                0x0000000000026332                CCM_AAR_IRQHandler
                0x0000000000026332                WDT_IRQHandler
                0x0000000000026332                SWI5_EGU5_IRQHandler
                0x0000000000026332                RNG_IRQHandler
                0x0000000000026332                RTC2_IRQHandler
                0x0000000000026332                PWM0_IRQHandler
                0x0000000000026332                SWI3_EGU3_IRQHandler
                0x0000000000026332                SWI1_EGU1_IRQHandler
                0x0000000000026332                SPIM2_SPIS2_SPI2_IRQHandler
                0x0000000000026332                NFCT_IRQHandler
                0x0000000000026332                MWU_IRQHandler
                0x0000000000026332                COMP_LPCOMP_IRQHandler
 .text.nrf_log_default_backends_init
                0x0000000000026334        0x4 _build/nrf52832_xxaa/nrf_log_default_backends.c.o
                0x0000000000026334                nrf_log_default_backends_init
 .text.nrf_log_init
                0x0000000000026338       0x28 _build/nrf52832_xxaa/nrf_log_frontend.c.o
                0x0000000000026338                nrf_log_init
 .text.nrf_log_frontend_dequeue
                0x0000000000026360      0x250 _build/nrf52832_xxaa/nrf_log_frontend.c.o
                0x0000000000026360                nrf_log_frontend_dequeue
 .text.nrf_log_frontend_std_0
                0x00000000000265b0      0x188 _build/nrf52832_xxaa/nrf_log_frontend.c.o
                0x00000000000265b0                nrf_log_frontend_std_0
 .text.nrf_log_frontend_std_1
                0x0000000000026738      0x19c _build/nrf52832_xxaa/nrf_log_frontend.c.o
                0x0000000000026738                nrf_log_frontend_std_1
 .text.nrf_log_frontend_std_2
                0x00000000000268d4      0x1b0 _build/nrf52832_xxaa/nrf_log_frontend.c.o
                0x00000000000268d4                nrf_log_frontend_std_2
 .text.nrf_log_panic
                0x0000000000026a84       0x28 _build/nrf52832_xxaa/nrf_log_frontend.c.o
                0x0000000000026a84                nrf_log_panic
 .text.gpiote_event_handler
                0x0000000000026aac       0x74 _build/nrf52832_xxaa/app_button.c.o
 .text.detection_delay_timeout_handler
                0x0000000000026b20      0x264 _build/nrf52832_xxaa/app_button.c.o
 .text.app_button_init
                0x0000000000026d84       0xc0 _build/nrf52832_xxaa/app_button.c.o
                0x0000000000026d84                app_button_init
 .text.app_button_enable
                0x0000000000026e44       0x2c _build/nrf52832_xxaa/app_button.c.o
                0x0000000000026e44                app_button_enable
 .text.app_error_handler_bare
                0x0000000000026e70       0x20 _build/nrf52832_xxaa/app_error.c.o
                0x0000000000026e70                app_error_handler_bare
 .text.app_error_fault_handler
                0x0000000000026e90       0x70 _build/nrf52832_xxaa/app_error_weak.c.o
                0x0000000000026e90                app_error_fault_handler
 .text.compare_func
                0x0000000000026f00       0x18 _build/nrf52832_xxaa/app_timer2.c.o
 .text.rtc_irq  0x0000000000026f18      0x318 _build/nrf52832_xxaa/app_timer2.c.o
 .text.app_timer_init
                0x0000000000027230       0x6c _build/nrf52832_xxaa/app_timer2.c.o
                0x0000000000027230                app_timer_init
 .text.app_timer_create
                0x000000000002729c       0x1c _build/nrf52832_xxaa/app_timer2.c.o
                0x000000000002729c                app_timer_create
 .text.app_timer_start
                0x00000000000272b8       0x8c _build/nrf52832_xxaa/app_timer2.c.o
                0x00000000000272b8                app_timer_start
 .text.app_timer_stop
                0x0000000000027344       0x44 _build/nrf52832_xxaa/app_timer2.c.o
                0x0000000000027344                app_timer_stop
 .text.app_util_critical_region_enter
                0x0000000000027388       0x4c _build/nrf52832_xxaa/app_util_platform.c.o
                0x0000000000027388                app_util_critical_region_enter
 .text.app_util_critical_region_exit
                0x00000000000273d4       0x30 _build/nrf52832_xxaa/app_util_platform.c.o
                0x00000000000273d4                app_util_critical_region_exit
 .text.drv_rtc_init
                0x0000000000027404       0xc0 _build/nrf52832_xxaa/drv_rtc.c.o
                0x0000000000027404                drv_rtc_init
 .text.drv_rtc_start
                0x00000000000274c4        0x8 _build/nrf52832_xxaa/drv_rtc.c.o
                0x00000000000274c4                drv_rtc_start
 .text.drv_rtc_stop
                0x00000000000274cc        0x8 _build/nrf52832_xxaa/drv_rtc.c.o
                0x00000000000274cc                drv_rtc_stop
 .text.drv_rtc_compare_set
                0x00000000000274d4       0x4c _build/nrf52832_xxaa/drv_rtc.c.o
                0x00000000000274d4                drv_rtc_compare_set
 .text.drv_rtc_windowed_compare_set
                0x0000000000027520       0xf8 _build/nrf52832_xxaa/drv_rtc.c.o
                0x0000000000027520                drv_rtc_windowed_compare_set
 .text.drv_rtc_overflow_enable
                0x0000000000027618       0x14 _build/nrf52832_xxaa/drv_rtc.c.o
                0x0000000000027618                drv_rtc_overflow_enable
 .text.drv_rtc_overflow_pending
                0x000000000002762c       0x20 _build/nrf52832_xxaa/drv_rtc.c.o
                0x000000000002762c                drv_rtc_overflow_pending
 .text.drv_rtc_compare_disable
                0x000000000002764c       0x18 _build/nrf52832_xxaa/drv_rtc.c.o
                0x000000000002764c                drv_rtc_compare_disable
 .text.drv_rtc_compare_pending
                0x0000000000027664       0x20 _build/nrf52832_xxaa/drv_rtc.c.o
                0x0000000000027664                drv_rtc_compare_pending
 .text.drv_rtc_counter_get
                0x0000000000027684        0x8 _build/nrf52832_xxaa/drv_rtc.c.o
                0x0000000000027684                drv_rtc_counter_get
 .text.drv_rtc_irq_trigger
                0x000000000002768c       0x24 _build/nrf52832_xxaa/drv_rtc.c.o
                0x000000000002768c                drv_rtc_irq_trigger
 .text.RTC1_IRQHandler
                0x00000000000276b0       0x14 _build/nrf52832_xxaa/drv_rtc.c.o
                0x00000000000276b0                RTC1_IRQHandler
 .text.nrf_atfifo_init
                0x00000000000276c4       0x30 _build/nrf52832_xxaa/nrf_atfifo.c.o
                0x00000000000276c4                nrf_atfifo_init
 .text.nrf_atfifo_item_alloc
                0x00000000000276f4       0x5c _build/nrf52832_xxaa/nrf_atfifo.c.o
                0x00000000000276f4                nrf_atfifo_item_alloc
 .text.nrf_atfifo_item_put
                0x0000000000027750       0x20 _build/nrf52832_xxaa/nrf_atfifo.c.o
                0x0000000000027750                nrf_atfifo_item_put
 .text.nrf_atfifo_item_get
                0x0000000000027770       0x60 _build/nrf52832_xxaa/nrf_atfifo.c.o
                0x0000000000027770                nrf_atfifo_item_get
 .text.nrf_atfifo_item_free
                0x00000000000277d0       0x20 _build/nrf52832_xxaa/nrf_atfifo.c.o
                0x00000000000277d0                nrf_atfifo_item_free
 .text.nrf_atomic_u32_fetch_store
                0x00000000000277f0       0x1c _build/nrf52832_xxaa/nrf_atomic.c.o
                0x00000000000277f0                nrf_atomic_u32_fetch_store
 .text.nrf_atomic_u32_add
                0x000000000002780c       0x1c _build/nrf52832_xxaa/nrf_atomic.c.o
                0x000000000002780c                nrf_atomic_u32_add
 .text.nrf_atomic_u32_sub
                0x0000000000027828       0x1c _build/nrf52832_xxaa/nrf_atomic.c.o
                0x0000000000027828                nrf_atomic_u32_sub
 .text.nrf_atomic_flag_set
                0x0000000000027844       0x20 _build/nrf52832_xxaa/nrf_atomic.c.o
                0x0000000000027844                nrf_atomic_flag_set
 .text.nrf_atomic_flag_clear_fetch
                0x0000000000027864       0x20 _build/nrf52832_xxaa/nrf_atomic.c.o
                0x0000000000027864                nrf_atomic_flag_clear_fetch
 .text.nrf_balloc_init
                0x0000000000027884       0x38 _build/nrf52832_xxaa/nrf_balloc.c.o
                0x0000000000027884                nrf_balloc_init
 .text.nrf_balloc_alloc
                0x00000000000278bc       0x50 _build/nrf52832_xxaa/nrf_balloc.c.o
                0x00000000000278bc                nrf_balloc_alloc
 .text.nrf_balloc_free
                0x000000000002790c       0x38 _build/nrf52832_xxaa/nrf_balloc.c.o
                0x000000000002790c                nrf_balloc_free
 .text.nrf_memobj_pool_init
                0x0000000000027944        0x4 _build/nrf52832_xxaa/nrf_memobj.c.o
                0x0000000000027944                nrf_memobj_pool_init
 .text.nrf_memobj_alloc
                0x0000000000027948       0x94 _build/nrf52832_xxaa/nrf_memobj.c.o
                0x0000000000027948                nrf_memobj_alloc
 .text.nrf_memobj_get
                0x00000000000279dc        0x8 _build/nrf52832_xxaa/nrf_memobj.c.o
                0x00000000000279dc                nrf_memobj_get
 .text.nrf_memobj_put
                0x00000000000279e4       0x58 _build/nrf52832_xxaa/nrf_memobj.c.o
                0x00000000000279e4                nrf_memobj_put
 .text.nrf_memobj_write
                0x0000000000027a3c       0x68 _build/nrf52832_xxaa/nrf_memobj.c.o
                0x0000000000027a3c                nrf_memobj_write
 .text.sd_app_evt_wait
                0x0000000000027aa4        0x4 _build/nrf52832_xxaa/nrf_pwr_mgmt.c.o
 .text.nrf_pwr_mgmt_init
                0x0000000000027aa8       0x2c _build/nrf52832_xxaa/nrf_pwr_mgmt.c.o
                0x0000000000027aa8                nrf_pwr_mgmt_init
 .text.nrf_pwr_mgmt_run
                0x0000000000027ad4       0x54 _build/nrf52832_xxaa/nrf_pwr_mgmt.c.o
                0x0000000000027ad4                nrf_pwr_mgmt_run
 .text.nrf_ringbuf_init
                0x0000000000027b28       0x1c _build/nrf52832_xxaa/nrf_ringbuf.c.o
                0x0000000000027b28                nrf_ringbuf_init
 .text.nrf_section_iter_init
                0x0000000000027b44       0x14 _build/nrf52832_xxaa/nrf_section_iter.c.o
                0x0000000000027b44                nrf_section_iter_init
 .text.nrf_section_iter_next
                0x0000000000027b58       0x18 _build/nrf52832_xxaa/nrf_section_iter.c.o
                0x0000000000027b58                nrf_section_iter_next
 .text.nrf_sortlist_add
                0x0000000000027b70       0x28 _build/nrf52832_xxaa/nrf_sortlist.c.o
                0x0000000000027b70                nrf_sortlist_add
 .text.nrf_sortlist_pop
                0x0000000000027b98        0xc _build/nrf52832_xxaa/nrf_sortlist.c.o
                0x0000000000027b98                nrf_sortlist_pop
 .text.nrf_sortlist_peek
                0x0000000000027ba4        0x8 _build/nrf52832_xxaa/nrf_sortlist.c.o
                0x0000000000027ba4                nrf_sortlist_peek
 .text.nrf_sortlist_remove
                0x0000000000027bac       0x1c _build/nrf52832_xxaa/nrf_sortlist.c.o
                0x0000000000027bac                nrf_sortlist_remove
 .text.nrf_strerror_get
                0x0000000000027bc8       0x50 _build/nrf52832_xxaa/nrf_strerror.c.o
                0x0000000000027bc8                nrf_strerror_get
 .text.SystemInit
                0x0000000000027c18      0x37c _build/nrf52832_xxaa/system_nrf52.c.o
                0x0000000000027c18                SystemInit
 .text.bsp_board_led_state_get
                0x0000000000027f94       0x1c _build/nrf52832_xxaa/boards.c.o
                0x0000000000027f94                bsp_board_led_state_get
 .text.bsp_board_led_on
                0x0000000000027fb0       0x18 _build/nrf52832_xxaa/boards.c.o
                0x0000000000027fb0                bsp_board_led_on
 .text.bsp_board_led_off
                0x0000000000027fc8       0x18 _build/nrf52832_xxaa/boards.c.o
                0x0000000000027fc8                bsp_board_led_off
 .text.bsp_board_leds_off
                0x0000000000027fe0       0x2c _build/nrf52832_xxaa/boards.c.o
                0x0000000000027fe0                bsp_board_leds_off
 .text.bsp_board_leds_on
                0x000000000002800c       0x2c _build/nrf52832_xxaa/boards.c.o
                0x000000000002800c                bsp_board_leds_on
 .text.bsp_board_led_invert
                0x0000000000028038       0x24 _build/nrf52832_xxaa/boards.c.o
                0x0000000000028038                bsp_board_led_invert
 .text.bsp_board_pin_to_button_idx
                0x000000000002805c       0x24 _build/nrf52832_xxaa/boards.c.o
                0x000000000002805c                bsp_board_pin_to_button_idx
 .text.bsp_board_init
                0x0000000000028080       0x5c _build/nrf52832_xxaa/boards.c.o
                0x0000000000028080                bsp_board_init
 .text.clock_irq_handler
                0x00000000000280dc       0x44 _build/nrf52832_xxaa/nrf_drv_clock.c.o
 .text.soc_evt_handler
                0x0000000000028120       0x28 _build/nrf52832_xxaa/nrf_drv_clock.c.o
 .text.sd_state_evt_handler
                0x0000000000028148       0xc8 _build/nrf52832_xxaa/nrf_drv_clock.c.o
 .text.uarte_evt_handler
                0x0000000000028210       0x34 _build/nrf52832_xxaa/nrf_drv_uart.c.o
 .text.uart_evt_handler
                0x0000000000028244       0x34 _build/nrf52832_xxaa/nrf_drv_uart.c.o
 .text.nrf_drv_uart_init
                0x0000000000028278       0x80 _build/nrf52832_xxaa/nrf_drv_uart.c.o
                0x0000000000028278                nrf_drv_uart_init
 .text.nrfx_clock_init
                0x00000000000282f8       0x18 _build/nrf52832_xxaa/nrfx_clock.c.o
                0x00000000000282f8                nrfx_clock_init
 .text.nrfx_clock_enable
                0x0000000000028310       0x24 _build/nrf52832_xxaa/nrfx_clock.c.o
                0x0000000000028310                nrfx_clock_enable
 .text.nrfx_clock_lfclk_stop
                0x0000000000028334       0x38 _build/nrf52832_xxaa/nrfx_clock.c.o
                0x0000000000028334                nrfx_clock_lfclk_stop
 .text.POWER_CLOCK_IRQHandler
                0x000000000002836c       0x6c _build/nrf52832_xxaa/nrfx_clock.c.o
                0x000000000002836c                POWER_CLOCK_IRQHandler
 .text.nrfx_gpiote_init
                0x00000000000283d8       0xa0 _build/nrf52832_xxaa/nrfx_gpiote.c.o
                0x00000000000283d8                nrfx_gpiote_init
 .text.nrfx_gpiote_is_init
                0x0000000000028478       0x14 _build/nrf52832_xxaa/nrfx_gpiote.c.o
                0x0000000000028478                nrfx_gpiote_is_init
 .text.nrfx_gpiote_in_init
                0x000000000002848c      0x1c8 _build/nrf52832_xxaa/nrfx_gpiote.c.o
                0x000000000002848c                nrfx_gpiote_in_init
 .text.nrfx_gpiote_in_event_enable
                0x0000000000028654       0xbc _build/nrf52832_xxaa/nrfx_gpiote.c.o
                0x0000000000028654                nrfx_gpiote_in_event_enable
 .text.nrfx_gpiote_in_is_set
                0x0000000000028710       0x14 _build/nrf52832_xxaa/nrfx_gpiote.c.o
                0x0000000000028710                nrfx_gpiote_in_is_set
 .text.GPIOTE_IRQHandler
                0x0000000000028724      0x444 _build/nrf52832_xxaa/nrfx_gpiote.c.o
                0x0000000000028724                GPIOTE_IRQHandler
 .text.UARTE0_UART0_IRQHandler
                0x0000000000028b68        0xc _build/nrf52832_xxaa/nrfx_prs.c.o
                0x0000000000028b68                UARTE0_UART0_IRQHandler
 .text.nrfx_prs_acquire
                0x0000000000028b74       0x50 _build/nrf52832_xxaa/nrfx_prs.c.o
                0x0000000000028b74                nrfx_prs_acquire
 .text.nrfx_uart_0_irq_handler
                0x0000000000028bc4      0x1c4 _build/nrf52832_xxaa/nrfx_uart.c.o
                0x0000000000028bc4                nrfx_uart_0_irq_handler
 .text.nrfx_uart_init
                0x0000000000028d88      0x1a4 _build/nrf52832_xxaa/nrfx_uart.c.o
                0x0000000000028d88                nrfx_uart_init
 .text.nrfx_uart_tx
                0x0000000000028f2c       0xd0 _build/nrf52832_xxaa/nrfx_uart.c.o
                0x0000000000028f2c                nrfx_uart_tx
 .text.nrfx_uart_tx_in_progress
                0x0000000000028ffc       0x18 _build/nrf52832_xxaa/nrfx_uart.c.o
                0x0000000000028ffc                nrfx_uart_tx_in_progress
 .text.nrfx_uart_rx
                0x0000000000029014      0x148 _build/nrf52832_xxaa/nrfx_uart.c.o
                0x0000000000029014                nrfx_uart_rx
 .text.nrfx_uarte_0_irq_handler
                0x000000000002915c      0x168 _build/nrf52832_xxaa/nrfx_uarte.c.o
                0x000000000002915c                nrfx_uarte_0_irq_handler
 .text.nrfx_uarte_init
                0x00000000000292c4      0x1dc _build/nrf52832_xxaa/nrfx_uarte.c.o
                0x00000000000292c4                nrfx_uarte_init
 .text.nrfx_uarte_tx
                0x00000000000294a0       0xb4 _build/nrf52832_xxaa/nrfx_uarte.c.o
                0x00000000000294a0                nrfx_uarte_tx
 .text.nrfx_uarte_tx_in_progress
                0x0000000000029554       0x1c _build/nrf52832_xxaa/nrfx_uarte.c.o
                0x0000000000029554                nrfx_uarte_tx_in_progress
 .text.nrfx_uarte_rx
                0x0000000000029570      0x130 _build/nrf52832_xxaa/nrfx_uarte.c.o
                0x0000000000029570                nrfx_uarte_rx
 .text.alert_timer_handler
                0x00000000000296a0        0x8 _build/nrf52832_xxaa/bsp.c.o
 .text.bsp_button_event_handler
                0x00000000000296a8       0xa4 _build/nrf52832_xxaa/bsp.c.o
 .text.button_timer_handler
                0x000000000002974c       0x30 _build/nrf52832_xxaa/bsp.c.o
 .text.bsp_led_indication
                0x000000000002977c      0x318 _build/nrf52832_xxaa/bsp.c.o
 .text.leds_timer_handler
                0x0000000000029a94       0x1c _build/nrf52832_xxaa/bsp.c.o
 .text.bsp_indication_set
                0x0000000000029ab0       0x18 _build/nrf52832_xxaa/bsp.c.o
                0x0000000000029ab0                bsp_indication_set
 .text.bsp_init
                0x0000000000029ac8       0xbc _build/nrf52832_xxaa/bsp.c.o
                0x0000000000029ac8                bsp_init
 .text.sd_ble_gap_adv_set_configure
                0x0000000000029b84        0x4 _build/nrf52832_xxaa/main.c.o
 .text.sd_ble_gap_adv_start
                0x0000000000029b88        0x4 _build/nrf52832_xxaa/main.c.o
 .text.sd_ble_gap_adv_stop
                0x0000000000029b8c        0x4 _build/nrf52832_xxaa/main.c.o
 .text.sd_ble_gap_ppcp_set
                0x0000000000029b90        0x4 _build/nrf52832_xxaa/main.c.o
 .text.sd_ble_gap_device_name_set
                0x0000000000029b94        0x4 _build/nrf52832_xxaa/main.c.o
 .text.uart_event_handle
                0x0000000000029b98      0x2c0 _build/nrf52832_xxaa/main.c.o
                0x0000000000029b98                uart_event_handle
 .text._write   0x0000000000029e58       0x20 _build/nrf52832_xxaa/main.c.o
                0x0000000000029e58                _write
 .text.startup.main
                0x0000000000029e78      0x214 _build/nrf52832_xxaa/main.c.o
                0x0000000000029e78                main
 .text.sd_ble_gap_addr_get
                0x000000000002a08c        0x4 _build/nrf52832_xxaa/ble_advdata.c.o
 .text.sd_ble_gap_appearance_get
                0x000000000002a090        0x4 _build/nrf52832_xxaa/ble_advdata.c.o
 .text.sd_ble_gap_device_name_get
                0x000000000002a094        0x4 _build/nrf52832_xxaa/ble_advdata.c.o
 .text.sd_ble_uuid_encode
                0x000000000002a098        0x4 _build/nrf52832_xxaa/ble_advdata.c.o
 .text.uuid_list_sized_encode.isra.0
                0x000000000002a09c       0xf0 _build/nrf52832_xxaa/ble_advdata.c.o
 .text.ble_advdata_encode
                0x000000000002a18c      0x40c _build/nrf52832_xxaa/ble_advdata.c.o
                0x000000000002a18c                ble_advdata_encode
 .text.sd_softdevice_enable
                0x000000000002a598        0x4 _build/nrf52832_xxaa/nrf_sdh.c.o
 .text.nrf_sdh_enable_request
                0x000000000002a59c      0x118 _build/nrf52832_xxaa/nrf_sdh.c.o
                0x000000000002a59c                nrf_sdh_enable_request
 .text.nrf_sdh_is_enabled
                0x000000000002a6b4        0xc _build/nrf52832_xxaa/nrf_sdh.c.o
                0x000000000002a6b4                nrf_sdh_is_enabled
 .text.SWI2_EGU2_IRQHandler
                0x000000000002a6c0       0x2c _build/nrf52832_xxaa/nrf_sdh.c.o
                0x000000000002a6c0                SWI2_EGU2_IRQHandler
 .text.sd_ble_enable
                0x000000000002a6ec        0x4 _build/nrf52832_xxaa/nrf_sdh_ble.c.o
 .text.sd_ble_cfg_set
                0x000000000002a6f0        0x4 _build/nrf52832_xxaa/nrf_sdh_ble.c.o
 .text.sd_ble_evt_get
                0x000000000002a6f4        0x4 _build/nrf52832_xxaa/nrf_sdh_ble.c.o
 .text.nrf_sdh_ble_evts_poll
                0x000000000002a6f8       0x5c _build/nrf52832_xxaa/nrf_sdh_ble.c.o
 .text.nrf_sdh_ble_default_cfg_set
                0x000000000002a754      0x178 _build/nrf52832_xxaa/nrf_sdh_ble.c.o
                0x000000000002a754                nrf_sdh_ble_default_cfg_set
 .text.nrf_sdh_ble_enable
                0x000000000002a8cc       0xa0 _build/nrf52832_xxaa/nrf_sdh_ble.c.o
                0x000000000002a8cc                nrf_sdh_ble_enable
 .text.sd_evt_get
                0x000000000002a96c        0x4 _build/nrf52832_xxaa/nrf_sdh_soc.c.o
 .text.nrf_sdh_soc_evts_poll
                0x000000000002a970       0x4c _build/nrf52832_xxaa/nrf_sdh_soc.c.o
 .text.uart_event_handler
                0x000000000002a9bc      0x120 _build/nrf52832_xxaa/app_uart_fifo.c.o
 .text.app_uart_init
                0x000000000002aadc       0xf8 _build/nrf52832_xxaa/app_uart_fifo.c.o
                0x000000000002aadc                app_uart_init
 .text.app_uart_get
                0x000000000002abd4       0x5c _build/nrf52832_xxaa/app_uart_fifo.c.o
                0x000000000002abd4                app_uart_get
 .text.app_uart_put
                0x000000000002ac30       0x74 _build/nrf52832_xxaa/app_uart_fifo.c.o
                0x000000000002ac30                app_uart_put
 .text.app_fifo_init
                0x000000000002aca4       0x20 _build/nrf52832_xxaa/app_fifo.c.o
                0x000000000002aca4                app_fifo_init
 .text.app_fifo_put
                0x000000000002acc4       0x30 _build/nrf52832_xxaa/app_fifo.c.o
                0x000000000002acc4                app_fifo_put
 .text.app_fifo_get
                0x000000000002acf4       0x2c _build/nrf52832_xxaa/app_fifo.c.o
                0x000000000002acf4                app_fifo_get
 .text          0x000000000002ad20        0xc /usr/lib/gcc/arm-none-eabi/9.2.1/../../../arm-none-eabi/lib/thumb/v7e-m+fp/hard/libc_nano.a(lib_a-atexit.o)
                0x000000000002ad20                atexit
 .text          0x000000000002ad2c       0x28 /usr/lib/gcc/arm-none-eabi/9.2.1/../../../arm-none-eabi/lib/thumb/v7e-m+fp/hard/libc_nano.a(lib_a-exit.o)
                0x000000000002ad2c                exit
 .text          0x000000000002ad54       0x34 /usr/lib/gcc/arm-none-eabi/9.2.1/../../../arm-none-eabi/lib/thumb/v7e-m+fp/hard/libc_nano.a(lib_a-fini.o)
                0x000000000002ad54                __libc_fini_array
 .text          0x000000000002ad88       0x48 /usr/lib/gcc/arm-none-eabi/9.2.1/../../../arm-none-eabi/lib/thumb/v7e-m+fp/hard/libc_nano.a(lib_a-init.o)
                0x000000000002ad88                __libc_init_array
 .text          0x000000000002add0      0x134 /usr/lib/gcc/arm-none-eabi/9.2.1/../../../arm-none-eabi/lib/thumb/v7e-m+fp/hard/libc_nano.a(lib_a-memcpy.o)
                0x000000000002add0                memcpy
 .text          0x000000000002af04       0xa0 /usr/lib/gcc/arm-none-eabi/9.2.1/../../../arm-none-eabi/lib/thumb/v7e-m+fp/hard/libc_nano.a(lib_a-memset.o)
                0x000000000002af04                memset
 .text          0x000000000002afa4       0x68 /usr/lib/gcc/arm-none-eabi/9.2.1/../../../arm-none-eabi/lib/thumb/v7e-m+fp/hard/libc_nano.a(lib_a-printf.o)
                0x000000000002afa4                _printf_r
                0x000000000002afa4                _iprintf_r
                0x000000000002afd4                printf
                0x000000000002afd4                iprintf
 *fill*         0x000000000002b00c       0x34 
 .text          0x000000000002b040       0xdc /usr/lib/gcc/arm-none-eabi/9.2.1/../../../arm-none-eabi/lib/thumb/v7e-m+fp/hard/libc_nano.a(lib_a-strlen.o)
                0x000000000002b040                strlen
 .text          0x000000000002b11c       0xa0 /usr/lib/gcc/arm-none-eabi/9.2.1/../../../arm-none-eabi/lib/thumb/v7e-m+fp/hard/libc_nano.a(lib_a-__atexit.o)
                0x000000000002b11c                __register_exitproc
 .text          0x000000000002b1bc       0x9c /usr/lib/gcc/arm-none-eabi/9.2.1/../../../arm-none-eabi/lib/thumb/v7e-m+fp/hard/libc_nano.a(lib_a-__call_atexit.o)
                0x000000000002b1bc                __call_exitprocs
 .text          0x000000000002b258      0x210 /usr/lib/gcc/arm-none-eabi/9.2.1/../../../arm-none-eabi/lib/thumb/v7e-m+fp/hard/libc_nano.a(lib_a-findfp.o)
                0x000000000002b25c                _cleanup_r
                0x000000000002b26c                __sfmoreglue
                0x000000000002b29c                __sfp
                0x000000000002b414                _cleanup
                0x000000000002b428                __sinit
                0x000000000002b430                __sfp_lock_acquire
                0x000000000002b434                __sfp_lock_release
                0x000000000002b438                __sinit_lock_acquire
                0x000000000002b43c                __sinit_lock_release
                0x000000000002b440                __fp_lock_all
                0x000000000002b454                __fp_unlock_all
 .text          0x000000000002b468       0xa0 /usr/lib/gcc/arm-none-eabi/9.2.1/../../../arm-none-eabi/lib/thumb/v7e-m+fp/hard/libc_nano.a(lib_a-fwalk.o)
                0x000000000002b468                _fwalk
                0x000000000002b4b4                _fwalk_reent
 .text          0x000000000002b508       0xc8 /usr/lib/gcc/arm-none-eabi/9.2.1/../../../arm-none-eabi/lib/thumb/v7e-m+fp/hard/libc_nano.a(lib_a-nano-mallocr.o)
                0x000000000002b508                _malloc_r
 .text          0x000000000002b5d0      0x364 /usr/lib/gcc/arm-none-eabi/9.2.1/../../../arm-none-eabi/lib/thumb/v7e-m+fp/hard/libc_nano.a(lib_a-nano-vfprintf.o)
                0x000000000002b60c                __sfputs_r
                0x000000000002b63c                __sprint_r
                0x000000000002b658                _vfiprintf_r
                0x000000000002b658                _vfprintf_r
                0x000000000002b91c                vfiprintf
                0x000000000002b91c                vfprintf
 .text          0x000000000002b934      0x3c4 /usr/lib/gcc/arm-none-eabi/9.2.1/../../../arm-none-eabi/lib/thumb/v7e-m+fp/hard/libc_nano.a(lib_a-nano-vfprintf_i.o)
                0x000000000002b934                _printf_common
                0x000000000002ba60                _printf_i
 .text          0x000000000002bcf8       0x24 /usr/lib/gcc/arm-none-eabi/9.2.1/../../../arm-none-eabi/lib/thumb/v7e-m+fp/hard/libc_nano.a(lib_a-sbrkr.o)
                0x000000000002bcf8                _sbrk_r
 .text          0x000000000002bd1c       0x90 /usr/lib/gcc/arm-none-eabi/9.2.1/../../../arm-none-eabi/lib/thumb/v7e-m+fp/hard/libc_nano.a(lib_a-stdio.o)
                0x000000000002bd1c                __sread
                0x000000000002bd40                __seofread
                0x000000000002bd44                __swrite
                0x000000000002bd84                __sseek
                0x000000000002bda4                __sclose
 .text          0x000000000002bdac       0xc0 /usr/lib/gcc/arm-none-eabi/9.2.1/../../../arm-none-eabi/lib/thumb/v7e-m+fp/hard/libc_nano.a(lib_a-wbuf.o)
                0x000000000002bdac                __swbuf_r
                0x000000000002be5c                __swbuf
 .text          0x000000000002be6c       0x2c /usr/lib/gcc/arm-none-eabi/9.2.1/../../../arm-none-eabi/lib/thumb/v7e-m+fp/hard/libc_nano.a(lib_a-writer.o)
                0x000000000002be6c                _write_r
 .text          0x000000000002be98      0x100 /usr/lib/gcc/arm-none-eabi/9.2.1/../../../arm-none-eabi/lib/thumb/v7e-m+fp/hard/libc_nano.a(lib_a-wsetup.o)
                0x000000000002be98                __swsetup_r
 .text          0x000000000002bf98       0x24 /usr/lib/gcc/arm-none-eabi/9.2.1/../../../arm-none-eabi/lib/thumb/v7e-m+fp/hard/libc_nano.a(lib_a-closer.o)
                0x000000000002bf98                _close_r
 .text          0x000000000002bfbc      0x1b0 /usr/lib/gcc/arm-none-eabi/9.2.1/../../../arm-none-eabi/lib/thumb/v7e-m+fp/hard/libc_nano.a(lib_a-fflush.o)
                0x000000000002bfbc                __sflush_r
                0x000000000002c0e8                _fflush_r
                0x000000000002c148                fflush
 .text          0x000000000002c16c      0x308 /usr/lib/gcc/arm-none-eabi/9.2.1/../../../arm-none-eabi/lib/thumb/v7e-m+fp/hard/libc_nano.a(lib_a-fvwrite.o)
                0x000000000002c16c                __sfvwrite_r
 .text          0x000000000002c474       0x2c /usr/lib/gcc/arm-none-eabi/9.2.1/../../../arm-none-eabi/lib/thumb/v7e-m+fp/hard/libc_nano.a(lib_a-lseekr.o)
                0x000000000002c474                _lseek_r
 .text          0x000000000002c4a0       0xf0 /usr/lib/gcc/arm-none-eabi/9.2.1/../../../arm-none-eabi/lib/thumb/v7e-m+fp/hard/libc_nano.a(lib_a-makebuf.o)
                0x000000000002c4a0                __swhatbuf_r
                0x000000000002c4fc                __smakebuf_r
 .text          0x000000000002c590       0xa0 /usr/lib/gcc/arm-none-eabi/9.2.1/../../../arm-none-eabi/lib/thumb/v7e-m+fp/hard/libc_nano.a(lib_a-memchr.o)
                0x000000000002c590                memchr
 .text          0x000000000002c630       0xd0 /usr/lib/gcc/arm-none-eabi/9.2.1/../../../arm-none-eabi/lib/thumb/v7e-m+fp/hard/libc_nano.a(lib_a-memmove.o)
                0x000000000002c630                memmove
 .text          0x000000000002c700        0x8 /usr/lib/gcc/arm-none-eabi/9.2.1/../../../arm-none-eabi/lib/thumb/v7e-m+fp/hard/libc_nano.a(lib_a-mlock.o)
                0x000000000002c700                __malloc_lock
                0x000000000002c704                __malloc_unlock
 .text          0x000000000002c708       0xac /usr/lib/gcc/arm-none-eabi/9.2.1/../../../arm-none-eabi/lib/thumb/v7e-m+fp/hard/libc_nano.a(lib_a-nano-freer.o)
                0x000000000002c708                _free_r
 .text          0x000000000002c7b4       0x4c /usr/lib/gcc/arm-none-eabi/9.2.1/../../../arm-none-eabi/lib/thumb/v7e-m+fp/hard/libc_nano.a(lib_a-nano-reallocr.o)
                0x000000000002c7b4                _realloc_r
 .text          0x000000000002c800       0x2c /usr/lib/gcc/arm-none-eabi/9.2.1/../../../arm-none-eabi/lib/thumb/v7e-m+fp/hard/libc_nano.a(lib_a-readr.o)
                0x000000000002c800                _read_r
 .text          0x000000000002c82c       0x28 /usr/lib/gcc/arm-none-eabi/9.2.1/../../../arm-none-eabi/lib/thumb/v7e-m+fp/hard/libc_nano.a(lib_a-fstatr.o)
                0x000000000002c82c                _fstat_r
 .text          0x000000000002c854       0x24 /usr/lib/gcc/arm-none-eabi/9.2.1/../../../arm-none-eabi/lib/thumb/v7e-m+fp/hard/libc_nano.a(lib_a-isattyr.o)
                0x000000000002c854                _isatty_r
 .text          0x000000000002c878       0x10 /usr/lib/gcc/arm-none-eabi/9.2.1/../../../arm-none-eabi/lib/thumb/v7e-m+fp/hard/libc_nano.a(lib_a-nano-msizer.o)
                0x000000000002c878                _malloc_usable_size_r
 .text          0x000000000002c888       0x10 /usr/lib/gcc/arm-none-eabi/9.2.1/../../../arm-none-eabi/lib/thumb/v7e-m+fp/hard/libnosys.a(close.o)
                0x000000000002c888                _close
 .text          0x000000000002c898       0x10 /usr/lib/gcc/arm-none-eabi/9.2.1/../../../arm-none-eabi/lib/thumb/v7e-m+fp/hard/libnosys.a(fstat.o)
                0x000000000002c898                _fstat
 .text          0x000000000002c8a8       0x10 /usr/lib/gcc/arm-none-eabi/9.2.1/../../../arm-none-eabi/lib/thumb/v7e-m+fp/hard/libnosys.a(isatty.o)
                0x000000000002c8a8                _isatty
 .text          0x000000000002c8b8       0x10 /usr/lib/gcc/arm-none-eabi/9.2.1/../../../arm-none-eabi/lib/thumb/v7e-m+fp/hard/libnosys.a(lseek.o)
                0x000000000002c8b8                _lseek
 .text          0x000000000002c8c8       0x10 /usr/lib/gcc/arm-none-eabi/9.2.1/../../../arm-none-eabi/lib/thumb/v7e-m+fp/hard/libnosys.a(read.o)
                0x000000000002c8c8                _read
 .text          0x000000000002c8d8       0x1c /usr/lib/gcc/arm-none-eabi/9.2.1/../../../arm-none-eabi/lib/thumb/v7e-m+fp/hard/libnosys.a(sbrk.o)
                0x000000000002c8d8                _sbrk
 .text          0x000000000002c8f4        0x4 /usr/lib/gcc/arm-none-eabi/9.2.1/../../../arm-none-eabi/lib/thumb/v7e-m+fp/hard/libnosys.a(_exit.o)
                0x000000000002c8f4                _exit
 .text          0x000000000002c8f8       0x30 /usr/lib/gcc/arm-none-eabi/9.2.1/thumb/v7e-m+fp/hard/libgcc.a(_aeabi_uldivmod.o)
                0x000000000002c8f8                __aeabi_uldivmod
 .text          0x000000000002c928      0x2c4 /usr/lib/gcc/arm-none-eabi/9.2.1/thumb/v7e-m+fp/hard/libgcc.a(_udivmoddi4.o)
                0x000000000002c928                __udivmoddi4
 .text          0x000000000002cbec        0x4 /usr/lib/gcc/arm-none-eabi/9.2.1/thumb/v7e-m+fp/hard/libgcc.a(_dvmd_tls.o)
                0x000000000002cbec                __aeabi_ldiv0
                0x000000000002cbec                __aeabi_idiv0
 *(.init)
 .init          0x000000000002cbf0        0x4 /usr/lib/gcc/arm-none-eabi/9.2.1/thumb/v7e-m+fp/hard/crti.o
                0x000000000002cbf0                _init
 .init          0x000000000002cbf4        0x8 /usr/lib/gcc/arm-none-eabi/9.2.1/thumb/v7e-m+fp/hard/crtn.o
 *(.fini)
 .fini          0x000000000002cbfc        0x4 /usr/lib/gcc/arm-none-eabi/9.2.1/thumb/v7e-m+fp/hard/crti.o
                0x000000000002cbfc                _fini
 .fini          0x000000000002cc00        0x8 /usr/lib/gcc/arm-none-eabi/9.2.1/thumb/v7e-m+fp/hard/crtn.o
 *crtbegin.o(.ctors)
 *crtbegin?.o(.ctors)
 *(EXCLUDE_FILE(*crtend.o *crtend?.o) .ctors)
 *(SORT_BY_NAME(.ctors.*))
 *(.ctors)
 *crtbegin.o(.dtors)
 *crtbegin?.o(.dtors)
 *(EXCLUDE_FILE(*crtend.o *crtend?.o) .dtors)
 *(SORT_BY_NAME(.dtors.*))
 *(.dtors)
 *(.rodata*)
 .rodata.nrf_log_frontend_dequeue.str1.4
                0x000000000002cc08       0x11 _build/nrf52832_xxaa/nrf_log_frontend.c.o
 *fill*         0x000000000002cc19        0x3 
 .rodata.str1.4
                0x000000000002cc1c        0x4 _build/nrf52832_xxaa/nrf_log_frontend.c.o
 .rodata.m_log_push_ringbuf
                0x000000000002cc20        0xc _build/nrf52832_xxaa/nrf_log_frontend.c.o
 .rodata.str1.4
                0x000000000002cc2c        0xb _build/nrf52832_xxaa/app_button.c.o
 *fill*         0x000000000002cc37        0x1 
 .rodata.m_detection_delay_timer_id
                0x000000000002cc38        0x4 _build/nrf52832_xxaa/app_button.c.o
 .rodata.app_error_fault_handler.str1.4
                0x000000000002cc3c       0x19 _build/nrf52832_xxaa/app_error_weak.c.o
 *fill*         0x000000000002cc55        0x3 
 .rodata.str1.4
                0x000000000002cc58        0xa _build/nrf52832_xxaa/app_timer2.c.o
 *fill*         0x000000000002cc62        0x2 
 .rodata        0x000000000002cc64        0x4 _build/nrf52832_xxaa/app_timer2.c.o
 .rodata.m_app_timer_sortlist
                0x000000000002cc68        0xc _build/nrf52832_xxaa/app_timer2.c.o
 .rodata.drv_rtc_init.str1.4
                0x000000000002cc74       0x36 _build/nrf52832_xxaa/drv_rtc.c.o
 *fill*         0x000000000002ccaa        0x6 
 .rodata.delay_machine_code.8542
                0x000000000002ccb0        0x6 _build/nrf52832_xxaa/drv_rtc.c.o
 *fill*         0x000000000002ccb6        0x2 
 .rodata.str1.4
                0x000000000002ccb8        0x9 _build/nrf52832_xxaa/nrf_pwr_mgmt.c.o
 *fill*         0x000000000002ccc1        0x3 
 .rodata.pwr_mgmt_data
                0x000000000002ccc4        0xc _build/nrf52832_xxaa/nrf_pwr_mgmt.c.o
 .rodata.str1.4
                0x000000000002ccd0        0x9 _build/nrf52832_xxaa/nrf_sortlist.c.o
 *fill*         0x000000000002ccd9        0x3 
 .rodata.str1.4
                0x000000000002ccdc      0x3e9 _build/nrf52832_xxaa/nrf_strerror.c.o
 *fill*         0x000000000002d0c5        0x3 
 .rodata.m_unknown_str
                0x000000000002d0c8       0x13 _build/nrf52832_xxaa/nrf_strerror.c.o
 *fill*         0x000000000002d0db        0x1 
 .rodata.nrf_strerror_array
                0x000000000002d0dc      0x128 _build/nrf52832_xxaa/nrf_strerror.c.o
 .rodata.CSWTCH.15
                0x000000000002d204        0x4 _build/nrf52832_xxaa/system_nrf52.c.o
 .rodata.CSWTCH.19
                0x000000000002d208        0x4 _build/nrf52832_xxaa/system_nrf52.c.o
 .rodata.CSWTCH.5
                0x000000000002d20c        0x4 _build/nrf52832_xxaa/system_nrf52.c.o
 .rodata.m_board_led_list
                0x000000000002d210        0x4 _build/nrf52832_xxaa/boards.c.o
 .rodata.str1.4
                0x000000000002d214        0x6 _build/nrf52832_xxaa/nrf_drv_clock.c.o
 *fill*         0x000000000002d21a        0x2 
 .rodata.str1.4
                0x000000000002d21c        0x6 _build/nrf52832_xxaa/nrfx_clock.c.o
 *fill*         0x000000000002d222        0x2 
 .rodata.str1.4
                0x000000000002d224        0x7 _build/nrf52832_xxaa/nrfx_gpiote.c.o
 *fill*         0x000000000002d22b        0x1 
 .rodata.str1.4
                0x000000000002d22c        0x4 _build/nrf52832_xxaa/nrfx_prs.c.o
 .rodata.str1.4
                0x000000000002d230        0x5 _build/nrf52832_xxaa/nrfx_uart.c.o
 *fill*         0x000000000002d235        0x3 
 .rodata.str1.4
                0x000000000002d238        0x6 _build/nrf52832_xxaa/nrfx_uarte.c.o
 *fill*         0x000000000002d23e        0x2 
 .rodata.app_buttons
                0x000000000002d240       0x20 _build/nrf52832_xxaa/bsp.c.o
 .rodata.m_bsp_alert_tmr
                0x000000000002d260        0x4 _build/nrf52832_xxaa/bsp.c.o
 .rodata.m_bsp_button_tmr
                0x000000000002d264        0x4 _build/nrf52832_xxaa/bsp.c.o
 .rodata.m_bsp_leds_tmr
                0x000000000002d268        0x4 _build/nrf52832_xxaa/bsp.c.o
 .rodata.uart_event_handle.str1.4
                0x000000000002d26c       0x54 _build/nrf52832_xxaa/main.c.o
 .rodata.main.str1.4
                0x000000000002d2c0       0x45 _build/nrf52832_xxaa/main.c.o
 *fill*         0x000000000002d305        0x3 
 .rodata        0x000000000002d308       0x18 _build/nrf52832_xxaa/main.c.o
 .rodata.str1.4
                0x000000000002d320        0x8 _build/nrf52832_xxaa/nrf_sdh.c.o
 .rodata        0x000000000002d328        0x4 _build/nrf52832_xxaa/nrf_sdh.c.o
 .rodata.sdh_req_observers
                0x000000000002d32c        0xc _build/nrf52832_xxaa/nrf_sdh.c.o
 .rodata.sdh_stack_observers
                0x000000000002d338        0xc _build/nrf52832_xxaa/nrf_sdh.c.o
 .rodata.sdh_state_observers
                0x000000000002d344        0xc _build/nrf52832_xxaa/nrf_sdh.c.o
 .rodata.nrf_sdh_ble_default_cfg_set.str1.4
                0x000000000002d350      0x187 _build/nrf52832_xxaa/nrf_sdh_ble.c.o
 *fill*         0x000000000002d4d7        0x1 
 .rodata.nrf_sdh_ble_enable.str1.4
                0x000000000002d4d8       0xad _build/nrf52832_xxaa/nrf_sdh_ble.c.o
 *fill*         0x000000000002d585        0x3 
 .rodata.str1.4
                0x000000000002d588        0xc _build/nrf52832_xxaa/nrf_sdh_ble.c.o
 .rodata.sdh_ble_observers
                0x000000000002d594        0xc _build/nrf52832_xxaa/nrf_sdh_ble.c.o
 .rodata.str1.4
                0x000000000002d5a0        0xc _build/nrf52832_xxaa/nrf_sdh_soc.c.o
 .rodata.sdh_soc_observers
                0x000000000002d5ac        0xc _build/nrf52832_xxaa/nrf_sdh_soc.c.o
 .rodata        0x000000000002d5b8       0x20 _build/nrf52832_xxaa/app_uart_fifo.c.o
 .rodata        0x000000000002d5d8        0x4 /usr/lib/gcc/arm-none-eabi/9.2.1/../../../arm-none-eabi/lib/thumb/v7e-m+fp/hard/libc_nano.a(lib_a-impure.o)
                0x000000000002d5d8                _global_impure_ptr
 .rodata        0x000000000002d5dc       0x60 /usr/lib/gcc/arm-none-eabi/9.2.1/../../../arm-none-eabi/lib/thumb/v7e-m+fp/hard/libc_nano.a(lib_a-findfp.o)
                0x000000000002d5dc                __sf_fake_stderr
                0x000000000002d5fc                __sf_fake_stdout
                0x000000000002d61c                __sf_fake_stdin
 .rodata.str1.4
                0x000000000002d63c       0x13 /usr/lib/gcc/arm-none-eabi/9.2.1/../../../arm-none-eabi/lib/thumb/v7e-m+fp/hard/libc_nano.a(lib_a-nano-vfprintf.o)
 *fill*         0x000000000002d64f        0x1 
 .rodata.str1.4
                0x000000000002d650       0x25 /usr/lib/gcc/arm-none-eabi/9.2.1/../../../arm-none-eabi/lib/thumb/v7e-m+fp/hard/libc_nano.a(lib_a-nano-vfprintf_i.o)
 *(.eh_frame*)
 *fill*         0x000000000002d675        0x3 
 .eh_frame      0x000000000002d678        0x0 /usr/lib/gcc/arm-none-eabi/9.2.1/thumb/v7e-m+fp/hard/crtbegin.o
 .eh_frame      0x000000000002d678        0x4 /usr/lib/gcc/arm-none-eabi/9.2.1/thumb/v7e-m+fp/hard/crtend.o

.glue_7         0x000000000002d67c        0x0
 .glue_7        0x000000000002d67c        0x0 linker stubs

.glue_7t        0x000000000002d67c        0x0
 .glue_7t       0x000000000002d67c        0x0 linker stubs

.vfp11_veneer   0x000000000002d67c        0x0
 .vfp11_veneer  0x000000000002d67c        0x0 linker stubs

.v4_bx          0x000000000002d67c        0x0
 .v4_bx         0x000000000002d67c        0x0 linker stubs

.iplt           0x000000000002d67c        0x0
 .iplt          0x000000000002d67c        0x0 /usr/lib/gcc/arm-none-eabi/9.2.1/thumb/v7e-m+fp/hard/crtbegin.o

.mem_section_dummy_rom

.sdh_soc_observers
                0x000000000002d67c        0x8
                0x000000000002d67c                PROVIDE (__start_sdh_soc_observers = .)
 *(SORT_BY_NAME(.sdh_soc_observers*))
 .sdh_soc_observers0
                0x000000000002d67c        0x8 _build/nrf52832_xxaa/nrf_drv_clock.c.o
                0x000000000002d684                PROVIDE (__stop_sdh_soc_observers = .)

.sdh_ble_observers
                0x000000000002d684        0x0
                0x000000000002d684                PROVIDE (__start_sdh_ble_observers = .)
 *(SORT_BY_NAME(.sdh_ble_observers*))
                0x000000000002d684                PROVIDE (__stop_sdh_ble_observers = .)

.pwr_mgmt_data  0x000000000002d684        0x0
                0x000000000002d684                PROVIDE (__start_pwr_mgmt_data = .)
 *(SORT_BY_NAME(.pwr_mgmt_data*))
                0x000000000002d684                PROVIDE (__stop_pwr_mgmt_data = .)

.sdh_req_observers
                0x000000000002d684        0x0
                0x000000000002d684                PROVIDE (__start_sdh_req_observers = .)
 *(SORT_BY_NAME(.sdh_req_observers*))
                0x000000000002d684                PROVIDE (__stop_sdh_req_observers = .)

.sdh_state_observers
                0x000000000002d684        0x8
                0x000000000002d684                PROVIDE (__start_sdh_state_observers = .)
 *(SORT_BY_NAME(.sdh_state_observers*))
 .sdh_state_observers0
                0x000000000002d684        0x8 _build/nrf52832_xxaa/nrf_drv_clock.c.o
                0x000000000002d68c                PROVIDE (__stop_sdh_state_observers = .)

.sdh_stack_observers
                0x000000000002d68c       0x10
                0x000000000002d68c                PROVIDE (__start_sdh_stack_observers = .)
 *(SORT_BY_NAME(.sdh_stack_observers*))
 .sdh_stack_observers0
                0x000000000002d68c        0x8 _build/nrf52832_xxaa/nrf_sdh_ble.c.o
 .sdh_stack_observers0
                0x000000000002d694        0x8 _build/nrf52832_xxaa/nrf_sdh_soc.c.o
                0x000000000002d69c                PROVIDE (__stop_sdh_stack_observers = .)

.nrf_queue      0x000000000002d69c        0x0
                [!provide]                        PROVIDE (__start_nrf_queue = .)
 *(.nrf_queue)
                [!provide]                        PROVIDE (__stop_nrf_queue = .)

.nrf_balloc     0x000000000002d69c       0x14
                [!provide]                        PROVIDE (__start_nrf_balloc = .)
 *(.nrf_balloc)
 .nrf_balloc    0x000000000002d69c       0x14 _build/nrf52832_xxaa/nrf_log_frontend.c.o
                0x000000000002d69c                log_mempool
                [!provide]                        PROVIDE (__stop_nrf_balloc = .)

.cli_command    0x000000000002d6b0        0x0
                [!provide]                        PROVIDE (__start_cli_command = .)
 *(.cli_command)
                [!provide]                        PROVIDE (__stop_cli_command = .)

.crypto_data    0x000000000002d6b0        0x0
                [!provide]                        PROVIDE (__start_crypto_data = .)
 *(SORT_BY_NAME(.crypto_data*))
                [!provide]                        PROVIDE (__stop_crypto_data = .)

.log_const_data
                0x000000000002d6b0       0x70
                0x000000000002d6b0                PROVIDE (__start_log_const_data = .)
 *(SORT_BY_NAME(.log_const_data*))
 .log_const_data_CLOCK
                0x000000000002d6b0        0x8 _build/nrf52832_xxaa/nrfx_clock.c.o
                0x000000000002d6b0                m_nrf_log_CLOCK_logs_data_const
 .log_const_data_GPIOTE
                0x000000000002d6b8        0x8 _build/nrf52832_xxaa/nrfx_gpiote.c.o
                0x000000000002d6b8                m_nrf_log_GPIOTE_logs_data_const
 .log_const_data_PRS
                0x000000000002d6c0        0x8 _build/nrf52832_xxaa/nrfx_prs.c.o
                0x000000000002d6c0                m_nrf_log_PRS_logs_data_const
 .log_const_data_UART
                0x000000000002d6c8        0x8 _build/nrf52832_xxaa/nrfx_uart.c.o
                0x000000000002d6c8                m_nrf_log_UART_logs_data_const
 .log_const_data_UARTE
                0x000000000002d6d0        0x8 _build/nrf52832_xxaa/nrfx_uarte.c.o
                0x000000000002d6d0                m_nrf_log_UARTE_logs_data_const
 .log_const_data_app
                0x000000000002d6d8        0x8 _build/nrf52832_xxaa/nrf_log_frontend.c.o
                0x000000000002d6d8                m_nrf_log_app_logs_data_const
 .log_const_data_app_button
                0x000000000002d6e0        0x8 _build/nrf52832_xxaa/app_button.c.o
                0x000000000002d6e0                m_nrf_log_app_button_logs_data_const
 .log_const_data_app_timer
                0x000000000002d6e8        0x8 _build/nrf52832_xxaa/app_timer2.c.o
                0x000000000002d6e8                m_nrf_log_app_timer_logs_data_const
 .log_const_data_clock
                0x000000000002d6f0        0x8 _build/nrf52832_xxaa/nrf_drv_clock.c.o
                0x000000000002d6f0                m_nrf_log_clock_logs_data_const
 .log_const_data_nrf_sdh
                0x000000000002d6f8        0x8 _build/nrf52832_xxaa/nrf_sdh.c.o
                0x000000000002d6f8                m_nrf_log_nrf_sdh_logs_data_const
 .log_const_data_nrf_sdh_ble
                0x000000000002d700        0x8 _build/nrf52832_xxaa/nrf_sdh_ble.c.o
                0x000000000002d700                m_nrf_log_nrf_sdh_ble_logs_data_const
 .log_const_data_nrf_sdh_soc
                0x000000000002d708        0x8 _build/nrf52832_xxaa/nrf_sdh_soc.c.o
                0x000000000002d708                m_nrf_log_nrf_sdh_soc_logs_data_const
 .log_const_data_pwr_mgmt
                0x000000000002d710        0x8 _build/nrf52832_xxaa/nrf_pwr_mgmt.c.o
                0x000000000002d710                m_nrf_log_pwr_mgmt_logs_data_const
 .log_const_data_sortlist
                0x000000000002d718        0x8 _build/nrf52832_xxaa/nrf_sortlist.c.o
                0x000000000002d718                m_nrf_log_sortlist_logs_data_const
                0x000000000002d720                PROVIDE (__stop_log_const_data = .)

.log_backends   0x000000000002d720        0x0
                [!provide]                        PROVIDE (__start_log_backends = .)
 *(SORT_BY_NAME(.log_backends*))
                [!provide]                        PROVIDE (__stop_log_backends = .)

.ARM.extab
 *(.ARM.extab* .gnu.linkonce.armextab.*)
                0x000000000002d720                __exidx_start = .

.ARM.exidx      0x000000000002d720        0x8
 *(.ARM.exidx* .gnu.linkonce.armexidx.*)
 .ARM.exidx     0x000000000002d720        0x8 /usr/lib/gcc/arm-none-eabi/9.2.1/../../../arm-none-eabi/lib/thumb/v7e-m+fp/hard/crt0.o
                                         0x10 (size before relaxing)
 .ARM.exidx     0x000000000002d728        0x0 /usr/lib/gcc/arm-none-eabi/9.2.1/thumb/v7e-m+fp/hard/libgcc.a(_udivmoddi4.o)
                                          0x8 (size before relaxing)
                0x000000000002d728                __exidx_end = .

.rel.dyn        0x000000000002d728        0x0
 .rel.iplt      0x000000000002d728        0x0 /usr/lib/gcc/arm-none-eabi/9.2.1/thumb/v7e-m+fp/hard/crtbegin.o
                0x000000000002d728                . = ALIGN (0x4)
                0x000000000002d728                __etext = .

.data           0x00000000200018c8       0xc0 load address 0x000000000002d728
                0x00000000200018c8                __data_start__ = .
 *(vtable)
 *(.data*)
 .data.m_rtc_inst
                0x00000000200018c8        0x8 _build/nrf52832_xxaa/app_timer2.c.o
 .data.SystemCoreClock
                0x00000000200018d0        0x4 _build/nrf52832_xxaa/system_nrf52.c.o
                0x00000000200018d0                SystemCoreClock
 .data.m_adv_data
                0x00000000200018d4       0x10 _build/nrf52832_xxaa/main.c.o
 .data.m_adv_handle
                0x00000000200018e4        0x1 _build/nrf52832_xxaa/main.c.o
 *fill*         0x00000000200018e5        0x3 
 .data.m_beacon_info
                0x00000000200018e8       0x1e _build/nrf52832_xxaa/main.c.o
 *fill*         0x0000000020001906        0x2 
 .data.app_uart_inst
                0x0000000020001908       0x14 _build/nrf52832_xxaa/app_uart_fifo.c.o
 .data          0x000000002000191c       0x64 /usr/lib/gcc/arm-none-eabi/9.2.1/../../../arm-none-eabi/lib/thumb/v7e-m+fp/hard/libc_nano.a(lib_a-impure.o)
                0x000000002000191c                _impure_ptr
                0x0000000020001980                . = ALIGN (0x4)
                0x0000000020001980                PROVIDE (__preinit_array_start = .)
 *(.preinit_array)
                0x0000000020001980                PROVIDE (__preinit_array_end = .)
                0x0000000020001980                . = ALIGN (0x4)
                0x0000000020001980                PROVIDE (__init_array_start = .)
 *(SORT_BY_NAME(.init_array.*))
 *(.init_array)
 .init_array    0x0000000020001980        0x4 /usr/lib/gcc/arm-none-eabi/9.2.1/thumb/v7e-m+fp/hard/crtbegin.o
                0x0000000020001984                PROVIDE (__init_array_end = .)
                0x0000000020001984                . = ALIGN (0x4)
                0x0000000020001984                PROVIDE (__fini_array_start = .)
 *(SORT_BY_NAME(.fini_array.*))
 *(.fini_array)
 .fini_array    0x0000000020001984        0x4 /usr/lib/gcc/arm-none-eabi/9.2.1/thumb/v7e-m+fp/hard/crtbegin.o
                0x0000000020001988                PROVIDE (__fini_array_end = .)
 *(.jcr*)
                0x0000000020001988                . = ALIGN (0x4)
                0x0000000020001988                __data_end__ = .
LOAD /usr/lib/gcc/arm-none-eabi/9.2.1/thumb/v7e-m+fp/hard/crti.o
LOAD /usr/lib/gcc/arm-none-eabi/9.2.1/thumb/v7e-m+fp/hard/crtbegin.o
LOAD /usr/lib/gcc/arm-none-eabi/9.2.1/../../../arm-none-eabi/lib/thumb/v7e-m+fp/hard/crt0.o
LOAD _build/nrf52832_xxaa/gcc_startup_nrf52.S.o
LOAD _build/nrf52832_xxaa/nrf_log_backend_rtt.c.o
LOAD _build/nrf52832_xxaa/nrf_log_backend_serial.c.o
LOAD _build/nrf52832_xxaa/nrf_log_backend_uart.c.o
LOAD _build/nrf52832_xxaa/nrf_log_default_backends.c.o
LOAD _build/nrf52832_xxaa/nrf_log_frontend.c.o
LOAD _build/nrf52832_xxaa/nrf_log_str_formatter.c.o
LOAD _build/nrf52832_xxaa/app_button.c.o
LOAD _build/nrf52832_xxaa/app_error.c.o
LOAD _build/nrf52832_xxaa/app_error_handler_gcc.c.o
LOAD _build/nrf52832_xxaa/app_error_weak.c.o
LOAD _build/nrf52832_xxaa/app_scheduler.c.o
LOAD _build/nrf52832_xxaa/app_timer2.c.o
LOAD _build/nrf52832_xxaa/app_util_platform.c.o
LOAD _build/nrf52832_xxaa/drv_rtc.c.o
LOAD _build/nrf52832_xxaa/hardfault_implementation.c.o
LOAD _build/nrf52832_xxaa/nrf_assert.c.o
LOAD _build/nrf52832_xxaa/nrf_atfifo.c.o
LOAD _build/nrf52832_xxaa/nrf_atomic.c.o
LOAD _build/nrf52832_xxaa/nrf_balloc.c.o
LOAD _build/nrf52832_xxaa/nrf_fprintf.c.o
LOAD _build/nrf52832_xxaa/nrf_fprintf_format.c.o
LOAD _build/nrf52832_xxaa/nrf_memobj.c.o
LOAD _build/nrf52832_xxaa/nrf_pwr_mgmt.c.o
LOAD _build/nrf52832_xxaa/nrf_ringbuf.c.o
LOAD _build/nrf52832_xxaa/nrf_section_iter.c.o
LOAD _build/nrf52832_xxaa/nrf_sortlist.c.o
LOAD _build/nrf52832_xxaa/nrf_strerror.c.o
LOAD _build/nrf52832_xxaa/system_nrf52.c.o
LOAD _build/nrf52832_xxaa/boards.c.o
LOAD _build/nrf52832_xxaa/nrf_drv_clock.c.o
LOAD _build/nrf52832_xxaa/nrf_drv_uart.c.o
LOAD _build/nrf52832_xxaa/nrfx_atomic.c.o
LOAD _build/nrf52832_xxaa/nrfx_clock.c.o
LOAD _build/nrf52832_xxaa/nrfx_gpiote.c.o
LOAD _build/nrf52832_xxaa/nrfx_prs.c.o
LOAD _build/nrf52832_xxaa/nrfx_uart.c.o
LOAD _build/nrf52832_xxaa/nrfx_uarte.c.o
LOAD _build/nrf52832_xxaa/bsp.c.o
LOAD _build/nrf52832_xxaa/main.c.o
LOAD _build/nrf52832_xxaa/SEGGER_RTT.c.o
LOAD _build/nrf52832_xxaa/SEGGER_RTT_Syscalls_GCC.c.o
LOAD _build/nrf52832_xxaa/SEGGER_RTT_printf.c.o
LOAD _build/nrf52832_xxaa/ble_advdata.c.o
LOAD _build/nrf52832_xxaa/ble_srv_common.c.o
LOAD _build/nrf52832_xxaa/ble_nus.c.o
LOAD _build/nrf52832_xxaa/utf.c.o
LOAD _build/nrf52832_xxaa/nrf_sdh.c.o
LOAD _build/nrf52832_xxaa/nrf_sdh_ble.c.o
LOAD _build/nrf52832_xxaa/nrf_sdh_soc.c.o
LOAD _build/nrf52832_xxaa/app_uart_fifo.c.o
LOAD _build/nrf52832_xxaa/retarget.c.o
LOAD _build/nrf52832_xxaa/app_fifo.c.o
LOAD _build/nrf52832_xxaa/ble_link_ctx_manager.c.o
LOAD _build/nrf52832_xxaa/ble_advertising.c.o
LOAD /usr/lib/gcc/arm-none-eabi/9.2.1/../../../arm-none-eabi/lib/thumb/v7e-m+fp/hard/libc_nano.a
LOAD /usr/lib/gcc/arm-none-eabi/9.2.1/../../../arm-none-eabi/lib/thumb/v7e-m+fp/hard/libnosys.a
LOAD /usr/lib/gcc/arm-none-eabi/9.2.1/../../../arm-none-eabi/lib/thumb/v7e-m+fp/hard/libm.a
START GROUP
LOAD /usr/lib/gcc/arm-none-eabi/9.2.1/thumb/v7e-m+fp/hard/libgcc.a
LOAD /usr/lib/gcc/arm-none-eabi/9.2.1/../../../arm-none-eabi/lib/thumb/v7e-m+fp/hard/libg_nano.a
LOAD /usr/lib/gcc/arm-none-eabi/9.2.1/../../../arm-none-eabi/lib/thumb/v7e-m+fp/hard/libc_nano.a
END GROUP
START GROUP
LOAD /usr/lib/gcc/arm-none-eabi/9.2.1/thumb/v7e-m+fp/hard/libgcc.a
LOAD /usr/lib/gcc/arm-none-eabi/9.2.1/../../../arm-none-eabi/lib/thumb/v7e-m+fp/hard/libc_nano.a
END GROUP
LOAD /usr/lib/gcc/arm-none-eabi/9.2.1/thumb/v7e-m+fp/hard/crtend.o
LOAD /usr/lib/gcc/arm-none-eabi/9.2.1/thumb/v7e-m+fp/hard/crtn.o
START GROUP
LOAD /usr/lib/gcc/arm-none-eabi/9.2.1/thumb/v7e-m+fp/hard/libgcc.a
LOAD /usr/lib/gcc/arm-none-eabi/9.2.1/../../../arm-none-eabi/lib/thumb/v7e-m+fp/hard/libc.a
LOAD /usr/lib/gcc/arm-none-eabi/9.2.1/../../../arm-none-eabi/lib/thumb/v7e-m+fp/hard/libnosys.a
END GROUP

.tm_clone_table
                0x0000000020001988        0x0 load address 0x000000000002d7e8
 .tm_clone_table
                0x0000000020001988        0x0 /usr/lib/gcc/arm-none-eabi/9.2.1/thumb/v7e-m+fp/hard/crtbegin.o
 .tm_clone_table
                0x0000000020001988        0x0 /usr/lib/gcc/arm-none-eabi/9.2.1/thumb/v7e-m+fp/hard/crtend.o

.igot.plt       0x0000000020001988        0x0 load address 0x000000000002d7e8
 .igot.plt      0x0000000020001988        0x0 /usr/lib/gcc/arm-none-eabi/9.2.1/thumb/v7e-m+fp/hard/crtbegin.o
                0x0000000020001988                . = ALIGN (0x4)

.mem_section_dummy_ram

.cli_sorted_cmd_ptrs
                0x0000000020001988        0x0
                [!provide]                        PROVIDE (__start_cli_sorted_cmd_ptrs = .)
 *(.cli_sorted_cmd_ptrs)
                [!provide]                        PROVIDE (__stop_cli_sorted_cmd_ptrs = .)

.fs_data        0x0000000020001988        0x0
                [!provide]                        PROVIDE (__start_fs_data = .)
 *(.fs_data)
                [!provide]                        PROVIDE (__stop_fs_data = .)

.log_dynamic_data
                0x0000000020001988        0x0
                0x0000000020001988                PROVIDE (__start_log_dynamic_data = .)
 *(SORT_BY_NAME(.log_dynamic_data*))
                [!provide]                        PROVIDE (__stop_log_dynamic_data = .)

.log_filter_data
                0x0000000020001988        0x0
                [!provide]                        PROVIDE (__start_log_filter_data = .)
 *(SORT_BY_NAME(.log_filter_data*))
                [!provide]                        PROVIDE (__stop_log_filter_data = .)

.bss            0x0000000020001988      0xb68 load address 0x000000000002d7e8
                0x0000000020001988                . = ALIGN (0x4)
                0x0000000020001988                __bss_start__ = .
 *(.bss*)
 .bss           0x0000000020001988       0x1c /usr/lib/gcc/arm-none-eabi/9.2.1/thumb/v7e-m+fp/hard/crtbegin.o
 .bss.log_mempool_nrf_balloc_cb
                0x00000000200019a4        0x8 _build/nrf52832_xxaa/nrf_log_frontend.c.o
 .bss.log_mempool_nrf_balloc_pool_mem
                0x00000000200019ac       0xc0 _build/nrf52832_xxaa/nrf_log_frontend.c.o
 .bss.log_mempool_nrf_balloc_pool_stack
                0x0000000020001a6c        0x8 _build/nrf52832_xxaa/nrf_log_frontend.c.o
 .bss.m_log_data
                0x0000000020001a74      0x420 _build/nrf52832_xxaa/nrf_log_frontend.c.o
 .bss.m_log_push_ringbuf_buf
                0x0000000020001e94       0x80 _build/nrf52832_xxaa/nrf_log_frontend.c.o
 .bss.m_log_push_ringbuf_cb
                0x0000000020001f14       0x18 _build/nrf52832_xxaa/nrf_log_frontend.c.o
 .bss.m_button_count
                0x0000000020001f2c        0x1 _build/nrf52832_xxaa/app_button.c.o
 *fill*         0x0000000020001f2d        0x3 
 .bss.m_detection_delay
                0x0000000020001f30        0x4 _build/nrf52832_xxaa/app_button.c.o
 *fill*         0x0000000020001f34        0x4 
 .bss.m_detection_delay_timer_id_data
                0x0000000020001f38       0x20 _build/nrf52832_xxaa/app_button.c.o
 .bss.m_pin_active
                0x0000000020001f58        0x8 _build/nrf52832_xxaa/app_button.c.o
 .bss.m_pin_states
                0x0000000020001f60       0x10 _build/nrf52832_xxaa/app_button.c.o
 .bss.mp_buttons
                0x0000000020001f70        0x4 _build/nrf52832_xxaa/app_button.c.o
 .bss.m_app_timer_sortlist_sortlist_cb
                0x0000000020001f74        0x4 _build/nrf52832_xxaa/app_timer2.c.o
 .bss.m_base_counter
                0x0000000020001f78        0x8 _build/nrf52832_xxaa/app_timer2.c.o
 .bss.m_global_active
                0x0000000020001f80        0x1 _build/nrf52832_xxaa/app_timer2.c.o
 *fill*         0x0000000020001f81        0x3 
 .bss.m_req_fifo_data
                0x0000000020001f84       0x58 _build/nrf52832_xxaa/app_timer2.c.o
 .bss.m_req_fifo_inst
                0x0000000020001fdc       0x10 _build/nrf52832_xxaa/app_timer2.c.o
 *fill*         0x0000000020001fec        0x4 
 .bss.m_stamp64
                0x0000000020001ff0        0x8 _build/nrf52832_xxaa/app_timer2.c.o
 .bss.mp_active_timer
                0x0000000020001ff8        0x4 _build/nrf52832_xxaa/app_timer2.c.o
 .bss.m_cb      0x0000000020001ffc        0x8 _build/nrf52832_xxaa/drv_rtc.c.o
 .bss.m_handlers
                0x0000000020002004        0x4 _build/nrf52832_xxaa/drv_rtc.c.o
 .bss.m_handlers_iter
                0x0000000020002008        0x8 _build/nrf52832_xxaa/nrf_pwr_mgmt.c.o
 .bss.m_shutdown_started
                0x0000000020002010        0x1 _build/nrf52832_xxaa/nrf_pwr_mgmt.c.o
 *fill*         0x0000000020002011        0x3 
 .bss.m_sysoff_mtx
                0x0000000020002014        0x4 _build/nrf52832_xxaa/nrf_pwr_mgmt.c.o
 .bss.m_clock_cb
                0x0000000020002018       0x14 _build/nrf52832_xxaa/nrf_drv_clock.c.o
 .bss.m_contexts
                0x000000002000202c        0x4 _build/nrf52832_xxaa/nrf_drv_uart.c.o
 .bss.m_handlers
                0x0000000020002030        0x4 _build/nrf52832_xxaa/nrf_drv_uart.c.o
 .bss.m_clock_cb
                0x0000000020002034        0x8 _build/nrf52832_xxaa/nrfx_clock.c.o
 *fill*         0x000000002000203c        0x4 
 .bss.m_cb      0x0000000020002040       0x5c _build/nrf52832_xxaa/nrfx_gpiote.c.o
 .bss.m_prs_box_4
                0x000000002000209c        0x8 _build/nrf52832_xxaa/nrfx_prs.c.o
 *fill*         0x00000000200020a4        0x4 
 .bss.m_cb      0x00000000200020a8       0x2c _build/nrf52832_xxaa/nrfx_uart.c.o
 *fill*         0x00000000200020d4        0x4 
 .bss.m_cb      0x00000000200020d8       0x24 _build/nrf52832_xxaa/nrfx_uarte.c.o
 .bss.current_long_push_pin_no.9158
                0x00000000200020fc        0x1 _build/nrf52832_xxaa/bsp.c.o
 .bss.m_alert_on
                0x00000000200020fd        0x1 _build/nrf52832_xxaa/bsp.c.o
 *fill*         0x00000000200020fe        0x2 
 .bss.m_bsp_alert_tmr_data
                0x0000000020002100       0x20 _build/nrf52832_xxaa/bsp.c.o
 .bss.m_bsp_button_tmr_data
                0x0000000020002120       0x20 _build/nrf52832_xxaa/bsp.c.o
 .bss.m_bsp_leds_tmr_data
                0x0000000020002140       0x20 _build/nrf52832_xxaa/bsp.c.o
 .bss.m_events_list
                0x0000000020002160        0xc _build/nrf52832_xxaa/bsp.c.o
 .bss.m_indication_type
                0x000000002000216c        0x4 _build/nrf52832_xxaa/bsp.c.o
 .bss.m_leds_clear
                0x0000000020002170        0x1 _build/nrf52832_xxaa/bsp.c.o
 *fill*         0x0000000020002171        0x3 
 .bss.m_registered_callback
                0x0000000020002174        0x4 _build/nrf52832_xxaa/bsp.c.o
 .bss.m_stable_state
                0x0000000020002178        0x1 _build/nrf52832_xxaa/bsp.c.o
 *fill*         0x0000000020002179        0x3 
 .bss.release_event_at_push.9159
                0x000000002000217c        0x4 _build/nrf52832_xxaa/bsp.c.o
 .bss.advdata   0x0000000020002180       0x3c _build/nrf52832_xxaa/main.c.o
 .bss.data_array.12756
                0x00000000200021bc       0x14 _build/nrf52832_xxaa/main.c.o
 .bss.index.12757
                0x00000000200021d0        0x1 _build/nrf52832_xxaa/main.c.o
 *fill*         0x00000000200021d1        0x3 
 .bss.m_adv_params
                0x00000000200021d4       0x18 _build/nrf52832_xxaa/main.c.o
 .bss.m_enc_advdata
                0x00000000200021ec       0x1f _build/nrf52832_xxaa/main.c.o
 *fill*         0x000000002000220b        0x1 
 .bss.rx_buf.12845
                0x000000002000220c      0x100 _build/nrf52832_xxaa/main.c.o
 .bss.tx_buf.12846
                0x000000002000230c      0x100 _build/nrf52832_xxaa/main.c.o
 .bss.m_nrf_sdh_continue
                0x000000002000240c        0x1 _build/nrf52832_xxaa/nrf_sdh.c.o
 .bss.m_nrf_sdh_enabled
                0x000000002000240d        0x1 _build/nrf52832_xxaa/nrf_sdh.c.o
 .bss.m_nrf_sdh_suspended
                0x000000002000240e        0x1 _build/nrf52832_xxaa/nrf_sdh.c.o
 .bss.m_stack_is_enabled
                0x000000002000240f        0x1 _build/nrf52832_xxaa/nrf_sdh_ble.c.o
 .bss.m_event_handler
                0x0000000020002410        0x4 _build/nrf52832_xxaa/app_uart_fifo.c.o
 .bss.m_rx_fifo
                0x0000000020002414       0x10 _build/nrf52832_xxaa/app_uart_fifo.c.o
 .bss.m_rx_ovf  0x0000000020002424        0x1 _build/nrf52832_xxaa/app_uart_fifo.c.o
 *fill*         0x0000000020002425        0x3 
 .bss.m_tx_fifo
                0x0000000020002428       0x10 _build/nrf52832_xxaa/app_uart_fifo.c.o
 .bss.rx_buffer
                0x0000000020002438        0x1 _build/nrf52832_xxaa/app_uart_fifo.c.o
 *fill*         0x0000000020002439        0x3 
 .bss.tx_buffer
                0x000000002000243c        0x1 _build/nrf52832_xxaa/app_uart_fifo.c.o
 *fill*         0x000000002000243d        0x3 
 .bss           0x0000000020002440       0x8c /usr/lib/gcc/arm-none-eabi/9.2.1/../../../arm-none-eabi/lib/thumb/v7e-m+fp/hard/libc_nano.a(lib_a-__atexit.o)
 .bss           0x00000000200024cc        0x4 /usr/lib/gcc/arm-none-eabi/9.2.1/../../../arm-none-eabi/lib/thumb/v7e-m+fp/hard/libc_nano.a(lib_a-__call_atexit.o)
                0x00000000200024cc                _global_atexit
 .bss           0x00000000200024d0        0x8 /usr/lib/gcc/arm-none-eabi/9.2.1/../../../arm-none-eabi/lib/thumb/v7e-m+fp/hard/libc_nano.a(lib_a-nano-mallocr.o)
                0x00000000200024d0                __malloc_free_list
                0x00000000200024d4                __malloc_sbrk_start
 .bss           0x00000000200024d8        0x4 /usr/lib/gcc/arm-none-eabi/9.2.1/../../../arm-none-eabi/lib/thumb/v7e-m+fp/hard/libnosys.a(sbrk.o)
 *(COMMON)
 COMMON         0x00000000200024dc        0xc _build/nrf52832_xxaa/app_util_platform.c.o
                0x00000000200024dc                nrf_nvic_state
 COMMON         0x00000000200024e8        0x1 _build/nrf52832_xxaa/nrf_drv_uart.c.o
                0x00000000200024e8                nrf_drv_uart_use_easy_dma
 *fill*         0x00000000200024e9        0x3 
 COMMON         0x00000000200024ec        0x4 /usr/lib/gcc/arm-none-eabi/9.2.1/../../../arm-none-eabi/lib/thumb/v7e-m+fp/hard/libc_nano.a(lib_a-reent.o)
                0x00000000200024ec                errno
                0x00000000200024f0                . = ALIGN (0x4)
                0x00000000200024f0                __bss_end__ = .

.heap           0x00000000200024f0     0x2000
                0x00000000200024f0                __HeapBase = .
                0x00000000200024f0                __end__ = .
                0x00000000200024f0                PROVIDE (end = .)
 *(.heap*)
 .heap          0x00000000200024f0     0x2000 _build/nrf52832_xxaa/gcc_startup_nrf52.S.o
                0x00000000200044f0                __HeapLimit = .

.stack_dummy    0x00000000200024f0     0x2000
 *(.stack*)
 .stack         0x00000000200024f0     0x2000 _build/nrf52832_xxaa/gcc_startup_nrf52.S.o
                0x0000000020010000                __StackTop = (ORIGIN (RAM) + LENGTH (RAM))
                0x000000002000e000                __StackLimit = (__StackTop - SIZEOF (.stack_dummy))
                0x0000000020010000                PROVIDE (__stack = __StackTop)
                0x0000000000000001                ASSERT ((__StackLimit >= __HeapLimit), region RAM overflowed with stack)
                0x00000000000000c0                DataInitFlashUsed = (__bss_start__ - __data_start__)
                0x0000000000007728                CodeFlashUsed = (__etext - ORIGIN (FLASH))
                0x00000000000077e8                TotalFlashUsed = (CodeFlashUsed + DataInitFlashUsed)
                0x0000000000000001                ASSERT ((TotalFlashUsed <= LENGTH (FLASH)), region FLASH overflowed with .data and user data)
OUTPUT(_build/nrf52832_xxaa.out elf32-littlearm)
LOAD linker stubs

.ARM.attributes
                0x0000000000000000       0x30
 .ARM.attributes
                0x0000000000000000       0x1e /usr/lib/gcc/arm-none-eabi/9.2.1/thumb/v7e-m+fp/hard/crti.o
 .ARM.attributes
                0x000000000000001e       0x34 /usr/lib/gcc/arm-none-eabi/9.2.1/thumb/v7e-m+fp/hard/crtbegin.o
 .ARM.attributes
                0x0000000000000052       0x1c /usr/lib/gcc/arm-none-eabi/9.2.1/../../../arm-none-eabi/lib/thumb/v7e-m+fp/hard/crt0.o
 .ARM.attributes
                0x000000000000006e       0x20 _build/nrf52832_xxaa/gcc_startup_nrf52.S.o
 .ARM.attributes
                0x000000000000008e       0x34 _build/nrf52832_xxaa/nrf_log_default_backends.c.o
 .ARM.attributes
                0x00000000000000c2       0x34 _build/nrf52832_xxaa/nrf_log_frontend.c.o
 .ARM.attributes
                0x00000000000000f6       0x34 _build/nrf52832_xxaa/app_button.c.o
 .ARM.attributes
                0x000000000000012a       0x34 _build/nrf52832_xxaa/app_error.c.o
 .ARM.attributes
                0x000000000000015e       0x34 _build/nrf52832_xxaa/app_error_weak.c.o
 .ARM.attributes
                0x0000000000000192       0x34 _build/nrf52832_xxaa/app_timer2.c.o
 .ARM.attributes
                0x00000000000001c6       0x34 _build/nrf52832_xxaa/app_util_platform.c.o
 .ARM.attributes
                0x00000000000001fa       0x34 _build/nrf52832_xxaa/drv_rtc.c.o
 .ARM.attributes
                0x000000000000022e       0x34 _build/nrf52832_xxaa/nrf_atfifo.c.o
 .ARM.attributes
                0x0000000000000262       0x34 _build/nrf52832_xxaa/nrf_atomic.c.o
 .ARM.attributes
                0x0000000000000296       0x34 _build/nrf52832_xxaa/nrf_balloc.c.o
 .ARM.attributes
                0x00000000000002ca       0x34 _build/nrf52832_xxaa/nrf_memobj.c.o
 .ARM.attributes
                0x00000000000002fe       0x34 _build/nrf52832_xxaa/nrf_pwr_mgmt.c.o
 .ARM.attributes
                0x0000000000000332       0x34 _build/nrf52832_xxaa/nrf_ringbuf.c.o
 .ARM.attributes
                0x0000000000000366       0x34 _build/nrf52832_xxaa/nrf_section_iter.c.o
 .ARM.attributes
                0x000000000000039a       0x34 _build/nrf52832_xxaa/nrf_sortlist.c.o
 .ARM.attributes
                0x00000000000003ce       0x34 _build/nrf52832_xxaa/nrf_strerror.c.o
 .ARM.attributes
                0x0000000000000402       0x34 _build/nrf52832_xxaa/system_nrf52.c.o
 .ARM.attributes
                0x0000000000000436       0x34 _build/nrf52832_xxaa/boards.c.o
 .ARM.attributes
                0x000000000000046a       0x34 _build/nrf52832_xxaa/nrf_drv_clock.c.o
 .ARM.attributes
                0x000000000000049e       0x34 _build/nrf52832_xxaa/nrf_drv_uart.c.o
 .ARM.attributes
                0x00000000000004d2       0x34 _build/nrf52832_xxaa/nrfx_clock.c.o
 .ARM.attributes
                0x0000000000000506       0x34 _build/nrf52832_xxaa/nrfx_gpiote.c.o
 .ARM.attributes
                0x000000000000053a       0x34 _build/nrf52832_xxaa/nrfx_prs.c.o
 .ARM.attributes
                0x000000000000056e       0x34 _build/nrf52832_xxaa/nrfx_uart.c.o
 .ARM.attributes
                0x00000000000005a2       0x34 _build/nrf52832_xxaa/nrfx_uarte.c.o
 .ARM.attributes
                0x00000000000005d6       0x34 _build/nrf52832_xxaa/bsp.c.o
 .ARM.attributes
                0x000000000000060a       0x34 _build/nrf52832_xxaa/main.c.o
 .ARM.attributes
                0x000000000000063e       0x34 _build/nrf52832_xxaa/ble_advdata.c.o
 .ARM.attributes
                0x0000000000000672       0x34 _build/nrf52832_xxaa/nrf_sdh.c.o
 .ARM.attributes
                0x00000000000006a6       0x34 _build/nrf52832_xxaa/nrf_sdh_ble.c.o
 .ARM.attributes
                0x00000000000006da       0x34 _build/nrf52832_xxaa/nrf_sdh_soc.c.o
 .ARM.attributes
                0x000000000000070e       0x34 _build/nrf52832_xxaa/app_uart_fifo.c.o
 .ARM.attributes
                0x0000000000000742       0x34 _build/nrf52832_xxaa/app_fifo.c.o
 .ARM.attributes
                0x0000000000000776       0x34 /usr/lib/gcc/arm-none-eabi/9.2.1/../../../arm-none-eabi/lib/thumb/v7e-m+fp/hard/libc_nano.a(lib_a-atexit.o)
 .ARM.attributes
                0x00000000000007aa       0x34 /usr/lib/gcc/arm-none-eabi/9.2.1/../../../arm-none-eabi/lib/thumb/v7e-m+fp/hard/libc_nano.a(lib_a-exit.o)
 .ARM.attributes
                0x00000000000007de       0x34 /usr/lib/gcc/arm-none-eabi/9.2.1/../../../arm-none-eabi/lib/thumb/v7e-m+fp/hard/libc_nano.a(lib_a-fini.o)
 .ARM.attributes
                0x0000000000000812       0x32 /usr/lib/gcc/arm-none-eabi/9.2.1/../../../arm-none-eabi/lib/thumb/v7e-m+fp/hard/libc_nano.a(lib_a-impure.o)
 .ARM.attributes
                0x0000000000000844       0x34 /usr/lib/gcc/arm-none-eabi/9.2.1/../../../arm-none-eabi/lib/thumb/v7e-m+fp/hard/libc_nano.a(lib_a-init.o)
 .ARM.attributes
                0x0000000000000878       0x1c /usr/lib/gcc/arm-none-eabi/9.2.1/../../../arm-none-eabi/lib/thumb/v7e-m+fp/hard/libc_nano.a(lib_a-memcpy.o)
 .ARM.attributes
                0x0000000000000894       0x34 /usr/lib/gcc/arm-none-eabi/9.2.1/../../../arm-none-eabi/lib/thumb/v7e-m+fp/hard/libc_nano.a(lib_a-memset.o)
 .ARM.attributes
                0x00000000000008c8       0x34 /usr/lib/gcc/arm-none-eabi/9.2.1/../../../arm-none-eabi/lib/thumb/v7e-m+fp/hard/libc_nano.a(lib_a-printf.o)
 .ARM.attributes
                0x00000000000008fc       0x1c /usr/lib/gcc/arm-none-eabi/9.2.1/../../../arm-none-eabi/lib/thumb/v7e-m+fp/hard/libc_nano.a(lib_a-strlen.o)
 .ARM.attributes
                0x0000000000000918       0x34 /usr/lib/gcc/arm-none-eabi/9.2.1/../../../arm-none-eabi/lib/thumb/v7e-m+fp/hard/libc_nano.a(lib_a-__atexit.o)
 .ARM.attributes
                0x000000000000094c       0x34 /usr/lib/gcc/arm-none-eabi/9.2.1/../../../arm-none-eabi/lib/thumb/v7e-m+fp/hard/libc_nano.a(lib_a-__call_atexit.o)
 .ARM.attributes
                0x0000000000000980       0x34 /usr/lib/gcc/arm-none-eabi/9.2.1/../../../arm-none-eabi/lib/thumb/v7e-m+fp/hard/libc_nano.a(lib_a-findfp.o)
 .ARM.attributes
                0x00000000000009b4       0x34 /usr/lib/gcc/arm-none-eabi/9.2.1/../../../arm-none-eabi/lib/thumb/v7e-m+fp/hard/libc_nano.a(lib_a-fwalk.o)
 .ARM.attributes
                0x00000000000009e8       0x34 /usr/lib/gcc/arm-none-eabi/9.2.1/../../../arm-none-eabi/lib/thumb/v7e-m+fp/hard/libc_nano.a(lib_a-nano-mallocr.o)
 .ARM.attributes
                0x0000000000000a1c       0x34 /usr/lib/gcc/arm-none-eabi/9.2.1/../../../arm-none-eabi/lib/thumb/v7e-m+fp/hard/libc_nano.a(lib_a-nano-vfprintf.o)
 .ARM.attributes
                0x0000000000000a50       0x34 /usr/lib/gcc/arm-none-eabi/9.2.1/../../../arm-none-eabi/lib/thumb/v7e-m+fp/hard/libc_nano.a(lib_a-nano-vfprintf_i.o)
 .ARM.attributes
                0x0000000000000a84       0x34 /usr/lib/gcc/arm-none-eabi/9.2.1/../../../arm-none-eabi/lib/thumb/v7e-m+fp/hard/libc_nano.a(lib_a-sbrkr.o)
 .ARM.attributes
                0x0000000000000ab8       0x34 /usr/lib/gcc/arm-none-eabi/9.2.1/../../../arm-none-eabi/lib/thumb/v7e-m+fp/hard/libc_nano.a(lib_a-stdio.o)
 .ARM.attributes
                0x0000000000000aec       0x34 /usr/lib/gcc/arm-none-eabi/9.2.1/../../../arm-none-eabi/lib/thumb/v7e-m+fp/hard/libc_nano.a(lib_a-wbuf.o)
 .ARM.attributes
                0x0000000000000b20       0x34 /usr/lib/gcc/arm-none-eabi/9.2.1/../../../arm-none-eabi/lib/thumb/v7e-m+fp/hard/libc_nano.a(lib_a-writer.o)
 .ARM.attributes
                0x0000000000000b54       0x34 /usr/lib/gcc/arm-none-eabi/9.2.1/../../../arm-none-eabi/lib/thumb/v7e-m+fp/hard/libc_nano.a(lib_a-wsetup.o)
 .ARM.attributes
                0x0000000000000b88       0x34 /usr/lib/gcc/arm-none-eabi/9.2.1/../../../arm-none-eabi/lib/thumb/v7e-m+fp/hard/libc_nano.a(lib_a-closer.o)
 .ARM.attributes
                0x0000000000000bbc       0x34 /usr/lib/gcc/arm-none-eabi/9.2.1/../../../arm-none-eabi/lib/thumb/v7e-m+fp/hard/libc_nano.a(lib_a-fflush.o)
 .ARM.attributes
                0x0000000000000bf0       0x34 /usr/lib/gcc/arm-none-eabi/9.2.1/../../../arm-none-eabi/lib/thumb/v7e-m+fp/hard/libc_nano.a(lib_a-fvwrite.o)
 .ARM.attributes
                0x0000000000000c24       0x34 /usr/lib/gcc/arm-none-eabi/9.2.1/../../../arm-none-eabi/lib/thumb/v7e-m+fp/hard/libc_nano.a(lib_a-lseekr.o)
 .ARM.attributes
                0x0000000000000c58       0x34 /usr/lib/gcc/arm-none-eabi/9.2.1/../../../arm-none-eabi/lib/thumb/v7e-m+fp/hard/libc_nano.a(lib_a-makebuf.o)
 .ARM.attributes
                0x0000000000000c8c       0x1c /usr/lib/gcc/arm-none-eabi/9.2.1/../../../arm-none-eabi/lib/thumb/v7e-m+fp/hard/libc_nano.a(lib_a-memchr.o)
 .ARM.attributes
                0x0000000000000ca8       0x34 /usr/lib/gcc/arm-none-eabi/9.2.1/../../../arm-none-eabi/lib/thumb/v7e-m+fp/hard/libc_nano.a(lib_a-memmove.o)
 .ARM.attributes
                0x0000000000000cdc       0x34 /usr/lib/gcc/arm-none-eabi/9.2.1/../../../arm-none-eabi/lib/thumb/v7e-m+fp/hard/libc_nano.a(lib_a-mlock.o)
 .ARM.attributes
                0x0000000000000d10       0x34 /usr/lib/gcc/arm-none-eabi/9.2.1/../../../arm-none-eabi/lib/thumb/v7e-m+fp/hard/libc_nano.a(lib_a-nano-freer.o)
 .ARM.attributes
                0x0000000000000d44       0x34 /usr/lib/gcc/arm-none-eabi/9.2.1/../../../arm-none-eabi/lib/thumb/v7e-m+fp/hard/libc_nano.a(lib_a-nano-reallocr.o)
 .ARM.attributes
                0x0000000000000d78       0x34 /usr/lib/gcc/arm-none-eabi/9.2.1/../../../arm-none-eabi/lib/thumb/v7e-m+fp/hard/libc_nano.a(lib_a-readr.o)
 .ARM.attributes
                0x0000000000000dac       0x34 /usr/lib/gcc/arm-none-eabi/9.2.1/../../../arm-none-eabi/lib/thumb/v7e-m+fp/hard/libc_nano.a(lib_a-reent.o)
 .ARM.attributes
                0x0000000000000de0       0x34 /usr/lib/gcc/arm-none-eabi/9.2.1/../../../arm-none-eabi/lib/thumb/v7e-m+fp/hard/libc_nano.a(lib_a-fstatr.o)
 .ARM.attributes
                0x0000000000000e14       0x34 /usr/lib/gcc/arm-none-eabi/9.2.1/../../../arm-none-eabi/lib/thumb/v7e-m+fp/hard/libc_nano.a(lib_a-isattyr.o)
 .ARM.attributes
                0x0000000000000e48       0x34 /usr/lib/gcc/arm-none-eabi/9.2.1/../../../arm-none-eabi/lib/thumb/v7e-m+fp/hard/libc_nano.a(lib_a-nano-msizer.o)
 .ARM.attributes
                0x0000000000000e7c       0x34 /usr/lib/gcc/arm-none-eabi/9.2.1/../../../arm-none-eabi/lib/thumb/v7e-m+fp/hard/libnosys.a(close.o)
 .ARM.attributes
                0x0000000000000eb0       0x34 /usr/lib/gcc/arm-none-eabi/9.2.1/../../../arm-none-eabi/lib/thumb/v7e-m+fp/hard/libnosys.a(fstat.o)
 .ARM.attributes
                0x0000000000000ee4       0x34 /usr/lib/gcc/arm-none-eabi/9.2.1/../../../arm-none-eabi/lib/thumb/v7e-m+fp/hard/libnosys.a(isatty.o)
 .ARM.attributes
                0x0000000000000f18       0x34 /usr/lib/gcc/arm-none-eabi/9.2.1/../../../arm-none-eabi/lib/thumb/v7e-m+fp/hard/libnosys.a(lseek.o)
 .ARM.attributes
                0x0000000000000f4c       0x34 /usr/lib/gcc/arm-none-eabi/9.2.1/../../../arm-none-eabi/lib/thumb/v7e-m+fp/hard/libnosys.a(read.o)
 .ARM.attributes
                0x0000000000000f80       0x34 /usr/lib/gcc/arm-none-eabi/9.2.1/../../../arm-none-eabi/lib/thumb/v7e-m+fp/hard/libnosys.a(sbrk.o)
 .ARM.attributes
                0x0000000000000fb4       0x34 /usr/lib/gcc/arm-none-eabi/9.2.1/../../../arm-none-eabi/lib/thumb/v7e-m+fp/hard/libnosys.a(_exit.o)
 .ARM.attributes
                0x0000000000000fe8       0x1e /usr/lib/gcc/arm-none-eabi/9.2.1/thumb/v7e-m+fp/hard/libgcc.a(_aeabi_uldivmod.o)
 .ARM.attributes
                0x0000000000001006       0x34 /usr/lib/gcc/arm-none-eabi/9.2.1/thumb/v7e-m+fp/hard/libgcc.a(_udivmoddi4.o)
 .ARM.attributes
                0x000000000000103a       0x1e /usr/lib/gcc/arm-none-eabi/9.2.1/thumb/v7e-m+fp/hard/libgcc.a(_dvmd_tls.o)
 .ARM.attributes
                0x0000000000001058       0x32 /usr/lib/gcc/arm-none-eabi/9.2.1/thumb/v7e-m+fp/hard/crtend.o
 .ARM.attributes
                0x000000000000108a       0x1e /usr/lib/gcc/arm-none-eabi/9.2.1/thumb/v7e-m+fp/hard/crtn.o

.comment        0x0000000000000000       0xa7
 .comment       0x0000000000000000       0x59 /usr/lib/gcc/arm-none-eabi/9.2.1/thumb/v7e-m+fp/hard/crtbegin.o
                                         0x5a (size before relaxing)
 .comment       0x0000000000000059       0x5a _build/nrf52832_xxaa/nrf_log_default_backends.c.o
 .comment       0x0000000000000059       0x5a _build/nrf52832_xxaa/nrf_log_frontend.c.o
 .comment       0x0000000000000059       0x5a _build/nrf52832_xxaa/app_button.c.o
 .comment       0x0000000000000059       0x5a _build/nrf52832_xxaa/app_error.c.o
 .comment       0x0000000000000059       0x5a _build/nrf52832_xxaa/app_error_weak.c.o
 .comment       0x0000000000000059       0x5a _build/nrf52832_xxaa/app_timer2.c.o
 .comment       0x0000000000000059       0x5a _build/nrf52832_xxaa/app_util_platform.c.o
 .comment       0x0000000000000059       0x5a _build/nrf52832_xxaa/drv_rtc.c.o
 .comment       0x0000000000000059       0x5a _build/nrf52832_xxaa/nrf_atfifo.c.o
 .comment       0x0000000000000059       0x5a _build/nrf52832_xxaa/nrf_atomic.c.o
 .comment       0x0000000000000059       0x5a _build/nrf52832_xxaa/nrf_balloc.c.o
 .comment       0x0000000000000059       0x5a _build/nrf52832_xxaa/nrf_memobj.c.o
 .comment       0x0000000000000059       0x5a _build/nrf52832_xxaa/nrf_pwr_mgmt.c.o
 .comment       0x0000000000000059       0x5a _build/nrf52832_xxaa/nrf_ringbuf.c.o
 .comment       0x0000000000000059       0x5a _build/nrf52832_xxaa/nrf_section_iter.c.o
 .comment       0x0000000000000059       0x5a _build/nrf52832_xxaa/nrf_sortlist.c.o
 .comment       0x0000000000000059       0x5a _build/nrf52832_xxaa/nrf_strerror.c.o
 .comment       0x0000000000000059       0x5a _build/nrf52832_xxaa/system_nrf52.c.o
 .comment       0x0000000000000059       0x5a _build/nrf52832_xxaa/boards.c.o
 .comment       0x0000000000000059       0x5a _build/nrf52832_xxaa/nrf_drv_clock.c.o
 .comment       0x0000000000000059       0x5a _build/nrf52832_xxaa/nrf_drv_uart.c.o
 .comment       0x0000000000000059       0x5a _build/nrf52832_xxaa/nrfx_clock.c.o
 .comment       0x0000000000000059       0x5a _build/nrf52832_xxaa/nrfx_gpiote.c.o
 .comment       0x0000000000000059       0x5a _build/nrf52832_xxaa/nrfx_prs.c.o
 .comment       0x0000000000000059       0x5a _build/nrf52832_xxaa/nrfx_uart.c.o
 .comment       0x0000000000000059       0x5a _build/nrf52832_xxaa/nrfx_uarte.c.o
 .comment       0x0000000000000059       0x5a _build/nrf52832_xxaa/bsp.c.o
 .comment       0x0000000000000059       0x5a _build/nrf52832_xxaa/main.c.o
 .comment       0x0000000000000059       0x5a _build/nrf52832_xxaa/ble_advdata.c.o
 .comment       0x0000000000000059       0x5a _build/nrf52832_xxaa/nrf_sdh.c.o
 .comment       0x0000000000000059       0x5a _build/nrf52832_xxaa/nrf_sdh_ble.c.o
 .comment       0x0000000000000059       0x5a _build/nrf52832_xxaa/nrf_sdh_soc.c.o
 .comment       0x0000000000000059       0x5a _build/nrf52832_xxaa/app_uart_fifo.c.o
 .comment       0x0000000000000059       0x5a _build/nrf52832_xxaa/app_fifo.c.o
 .comment       0x0000000000000059       0x4e /usr/lib/gcc/arm-none-eabi/9.2.1/../../../arm-none-eabi/lib/thumb/v7e-m+fp/hard/libc_nano.a(lib_a-atexit.o)
                                         0x4f (size before relaxing)
 .comment       0x00000000000000a7       0x4f /usr/lib/gcc/arm-none-eabi/9.2.1/../../../arm-none-eabi/lib/thumb/v7e-m+fp/hard/libc_nano.a(lib_a-exit.o)
 .comment       0x00000000000000a7       0x4f /usr/lib/gcc/arm-none-eabi/9.2.1/../../../arm-none-eabi/lib/thumb/v7e-m+fp/hard/libc_nano.a(lib_a-fini.o)
 .comment       0x00000000000000a7       0x4f /usr/lib/gcc/arm-none-eabi/9.2.1/../../../arm-none-eabi/lib/thumb/v7e-m+fp/hard/libc_nano.a(lib_a-impure.o)
 .comment       0x00000000000000a7       0x4f /usr/lib/gcc/arm-none-eabi/9.2.1/../../../arm-none-eabi/lib/thumb/v7e-m+fp/hard/libc_nano.a(lib_a-init.o)
 .comment       0x00000000000000a7       0x4f /usr/lib/gcc/arm-none-eabi/9.2.1/../../../arm-none-eabi/lib/thumb/v7e-m+fp/hard/libc_nano.a(lib_a-memset.o)
 .comment       0x00000000000000a7       0x4f /usr/lib/gcc/arm-none-eabi/9.2.1/../../../arm-none-eabi/lib/thumb/v7e-m+fp/hard/libc_nano.a(lib_a-printf.o)
 .comment       0x00000000000000a7       0x4f /usr/lib/gcc/arm-none-eabi/9.2.1/../../../arm-none-eabi/lib/thumb/v7e-m+fp/hard/libc_nano.a(lib_a-__atexit.o)
 .comment       0x00000000000000a7       0x4f /usr/lib/gcc/arm-none-eabi/9.2.1/../../../arm-none-eabi/lib/thumb/v7e-m+fp/hard/libc_nano.a(lib_a-__call_atexit.o)
 .comment       0x00000000000000a7       0x4f /usr/lib/gcc/arm-none-eabi/9.2.1/../../../arm-none-eabi/lib/thumb/v7e-m+fp/hard/libc_nano.a(lib_a-findfp.o)
 .comment       0x00000000000000a7       0x4f /usr/lib/gcc/arm-none-eabi/9.2.1/../../../arm-none-eabi/lib/thumb/v7e-m+fp/hard/libc_nano.a(lib_a-fwalk.o)
 .comment       0x00000000000000a7       0x4f /usr/lib/gcc/arm-none-eabi/9.2.1/../../../arm-none-eabi/lib/thumb/v7e-m+fp/hard/libc_nano.a(lib_a-nano-mallocr.o)
 .comment       0x00000000000000a7       0x4f /usr/lib/gcc/arm-none-eabi/9.2.1/../../../arm-none-eabi/lib/thumb/v7e-m+fp/hard/libc_nano.a(lib_a-nano-vfprintf.o)
 .comment       0x00000000000000a7       0x4f /usr/lib/gcc/arm-none-eabi/9.2.1/../../../arm-none-eabi/lib/thumb/v7e-m+fp/hard/libc_nano.a(lib_a-nano-vfprintf_i.o)
 .comment       0x00000000000000a7       0x4f /usr/lib/gcc/arm-none-eabi/9.2.1/../../../arm-none-eabi/lib/thumb/v7e-m+fp/hard/libc_nano.a(lib_a-sbrkr.o)
 .comment       0x00000000000000a7       0x4f /usr/lib/gcc/arm-none-eabi/9.2.1/../../../arm-none-eabi/lib/thumb/v7e-m+fp/hard/libc_nano.a(lib_a-stdio.o)
 .comment       0x00000000000000a7       0x4f /usr/lib/gcc/arm-none-eabi/9.2.1/../../../arm-none-eabi/lib/thumb/v7e-m+fp/hard/libc_nano.a(lib_a-wbuf.o)
 .comment       0x00000000000000a7       0x4f /usr/lib/gcc/arm-none-eabi/9.2.1/../../../arm-none-eabi/lib/thumb/v7e-m+fp/hard/libc_nano.a(lib_a-writer.o)
 .comment       0x00000000000000a7       0x4f /usr/lib/gcc/arm-none-eabi/9.2.1/../../../arm-none-eabi/lib/thumb/v7e-m+fp/hard/libc_nano.a(lib_a-wsetup.o)
 .comment       0x00000000000000a7       0x4f /usr/lib/gcc/arm-none-eabi/9.2.1/../../../arm-none-eabi/lib/thumb/v7e-m+fp/hard/libc_nano.a(lib_a-closer.o)
 .comment       0x00000000000000a7       0x4f /usr/lib/gcc/arm-none-eabi/9.2.1/../../../arm-none-eabi/lib/thumb/v7e-m+fp/hard/libc_nano.a(lib_a-fflush.o)
 .comment       0x00000000000000a7       0x4f /usr/lib/gcc/arm-none-eabi/9.2.1/../../../arm-none-eabi/lib/thumb/v7e-m+fp/hard/libc_nano.a(lib_a-fvwrite.o)
 .comment       0x00000000000000a7       0x4f /usr/lib/gcc/arm-none-eabi/9.2.1/../../../arm-none-eabi/lib/thumb/v7e-m+fp/hard/libc_nano.a(lib_a-lseekr.o)
 .comment       0x00000000000000a7       0x4f /usr/lib/gcc/arm-none-eabi/9.2.1/../../../arm-none-eabi/lib/thumb/v7e-m+fp/hard/libc_nano.a(lib_a-makebuf.o)
 .comment       0x00000000000000a7       0x4f /usr/lib/gcc/arm-none-eabi/9.2.1/../../../arm-none-eabi/lib/thumb/v7e-m+fp/hard/libc_nano.a(lib_a-memmove.o)
 .comment       0x00000000000000a7       0x4f /usr/lib/gcc/arm-none-eabi/9.2.1/../../../arm-none-eabi/lib/thumb/v7e-m+fp/hard/libc_nano.a(lib_a-mlock.o)
 .comment       0x00000000000000a7       0x4f /usr/lib/gcc/arm-none-eabi/9.2.1/../../../arm-none-eabi/lib/thumb/v7e-m+fp/hard/libc_nano.a(lib_a-nano-freer.o)
 .comment       0x00000000000000a7       0x4f /usr/lib/gcc/arm-none-eabi/9.2.1/../../../arm-none-eabi/lib/thumb/v7e-m+fp/hard/libc_nano.a(lib_a-nano-reallocr.o)
 .comment       0x00000000000000a7       0x4f /usr/lib/gcc/arm-none-eabi/9.2.1/../../../arm-none-eabi/lib/thumb/v7e-m+fp/hard/libc_nano.a(lib_a-readr.o)
 .comment       0x00000000000000a7       0x4f /usr/lib/gcc/arm-none-eabi/9.2.1/../../../arm-none-eabi/lib/thumb/v7e-m+fp/hard/libc_nano.a(lib_a-reent.o)
 .comment       0x00000000000000a7       0x4f /usr/lib/gcc/arm-none-eabi/9.2.1/../../../arm-none-eabi/lib/thumb/v7e-m+fp/hard/libc_nano.a(lib_a-fstatr.o)
 .comment       0x00000000000000a7       0x4f /usr/lib/gcc/arm-none-eabi/9.2.1/../../../arm-none-eabi/lib/thumb/v7e-m+fp/hard/libc_nano.a(lib_a-isattyr.o)
 .comment       0x00000000000000a7       0x4f /usr/lib/gcc/arm-none-eabi/9.2.1/../../../arm-none-eabi/lib/thumb/v7e-m+fp/hard/libc_nano.a(lib_a-nano-msizer.o)
 .comment       0x00000000000000a7       0x4f /usr/lib/gcc/arm-none-eabi/9.2.1/../../../arm-none-eabi/lib/thumb/v7e-m+fp/hard/libnosys.a(close.o)
 .comment       0x00000000000000a7       0x4f /usr/lib/gcc/arm-none-eabi/9.2.1/../../../arm-none-eabi/lib/thumb/v7e-m+fp/hard/libnosys.a(fstat.o)
 .comment       0x00000000000000a7       0x4f /usr/lib/gcc/arm-none-eabi/9.2.1/../../../arm-none-eabi/lib/thumb/v7e-m+fp/hard/libnosys.a(isatty.o)
 .comment       0x00000000000000a7       0x4f /usr/lib/gcc/arm-none-eabi/9.2.1/../../../arm-none-eabi/lib/thumb/v7e-m+fp/hard/libnosys.a(lseek.o)
 .comment       0x00000000000000a7       0x4f /usr/lib/gcc/arm-none-eabi/9.2.1/../../../arm-none-eabi/lib/thumb/v7e-m+fp/hard/libnosys.a(read.o)
 .comment       0x00000000000000a7       0x4f /usr/lib/gcc/arm-none-eabi/9.2.1/../../../arm-none-eabi/lib/thumb/v7e-m+fp/hard/libnosys.a(sbrk.o)
 .comment       0x00000000000000a7       0x4f /usr/lib/gcc/arm-none-eabi/9.2.1/../../../arm-none-eabi/lib/thumb/v7e-m+fp/hard/libnosys.a(_exit.o)
 .comment       0x00000000000000a7       0x5a /usr/lib/gcc/arm-none-eabi/9.2.1/thumb/v7e-m+fp/hard/libgcc.a(_udivmoddi4.o)
 .comment       0x00000000000000a7       0x5a /usr/lib/gcc/arm-none-eabi/9.2.1/thumb/v7e-m+fp/hard/crtend.o

.debug_line     0x0000000000000000    0x25750
 .debug_line    0x0000000000000000       0x87 /usr/lib/gcc/arm-none-eabi/9.2.1/../../../arm-none-eabi/lib/thumb/v7e-m+fp/hard/crt0.o
 .debug_line    0x0000000000000087       0x86 _build/nrf52832_xxaa/gcc_startup_nrf52.S.o
 .debug_line    0x000000000000010d      0x6c2 _build/nrf52832_xxaa/nrf_log_default_backends.c.o
 .debug_line    0x00000000000007cf     0x2bac _build/nrf52832_xxaa/nrf_log_frontend.c.o
 .debug_line    0x000000000000337b     0x1212 _build/nrf52832_xxaa/app_button.c.o
 .debug_line    0x000000000000458d      0x4bd _build/nrf52832_xxaa/app_error.c.o
 .debug_line    0x0000000000004a4a      0x810 _build/nrf52832_xxaa/app_error_weak.c.o
 .debug_line    0x000000000000525a     0x1123 _build/nrf52832_xxaa/app_timer2.c.o
 .debug_line    0x000000000000637d      0x701 _build/nrf52832_xxaa/app_util_platform.c.o
 .debug_line    0x0000000000006a7e     0x1485 _build/nrf52832_xxaa/drv_rtc.c.o
 .debug_line    0x0000000000007f03      0x9d2 _build/nrf52832_xxaa/nrf_atfifo.c.o
 .debug_line    0x00000000000088d5      0x81a _build/nrf52832_xxaa/nrf_atomic.c.o
 .debug_line    0x00000000000090ef      0x858 _build/nrf52832_xxaa/nrf_balloc.c.o
 .debug_line    0x0000000000009947      0xaf2 _build/nrf52832_xxaa/nrf_memobj.c.o
 .debug_line    0x000000000000a439      0xe0e _build/nrf52832_xxaa/nrf_pwr_mgmt.c.o
 .debug_line    0x000000000000b247      0x952 _build/nrf52832_xxaa/nrf_ringbuf.c.o
 .debug_line    0x000000000000bb99      0x4ec _build/nrf52832_xxaa/nrf_section_iter.c.o
 .debug_line    0x000000000000c085      0x6d8 _build/nrf52832_xxaa/nrf_sortlist.c.o
 .debug_line    0x000000000000c75d      0x53d _build/nrf52832_xxaa/nrf_strerror.c.o
 .debug_line    0x000000000000cc9a      0x7eb _build/nrf52832_xxaa/system_nrf52.c.o
 .debug_line    0x000000000000d485     0x1017 _build/nrf52832_xxaa/boards.c.o
 .debug_line    0x000000000000e49c     0x11ba _build/nrf52832_xxaa/nrf_drv_clock.c.o
 .debug_line    0x000000000000f656      0x7ed _build/nrf52832_xxaa/nrf_drv_uart.c.o
 .debug_line    0x000000000000fe43     0x10bd _build/nrf52832_xxaa/nrfx_clock.c.o
 .debug_line    0x0000000000010f00     0x2d2d _build/nrf52832_xxaa/nrfx_gpiote.c.o
 .debug_line    0x0000000000013c2d      0x8dd _build/nrf52832_xxaa/nrfx_prs.c.o
 .debug_line    0x000000000001450a     0x1de6 _build/nrf52832_xxaa/nrfx_uart.c.o
 .debug_line    0x00000000000162f0     0x1d8e _build/nrf52832_xxaa/nrfx_uarte.c.o