Archive member included to satisfy reference by file (symbol)

/usr/lib/gcc/arm-none-eabi/9.2.1/../../../arm-none-eabi/lib/thumb/v7e-m+fp/hard/libc_nano.a(lib_a-atexit.o)
                              /usr/lib/gcc/arm-none-eabi/9.2.1/../../../arm-none-eabi/lib/thumb/v7e-m+fp/hard/crt0.o (atexit)
/usr/lib/gcc/arm-none-eabi/9.2.1/../../../arm-none-eabi/lib/thumb/v7e-m+fp/hard/libc_nano.a(lib_a-ctype_.o)
                              _build/nrf52832_xxaa/nrf_log_str_formatter.c.o (_ctype_)
/usr/lib/gcc/arm-none-eabi/9.2.1/../../../arm-none-eabi/lib/thumb/v7e-m+fp/hard/libc_nano.a(lib_a-exit.o)
                              /usr/lib/gcc/arm-none-eabi/9.2.1/../../../arm-none-eabi/lib/thumb/v7e-m+fp/hard/crt0.o (exit)
/usr/lib/gcc/arm-none-eabi/9.2.1/../../../arm-none-eabi/lib/thumb/v7e-m+fp/hard/libc_nano.a(lib_a-fini.o)
                              /usr/lib/gcc/arm-none-eabi/9.2.1/../../../arm-none-eabi/lib/thumb/v7e-m+fp/hard/crt0.o (__libc_fini_array)
/usr/lib/gcc/arm-none-eabi/9.2.1/../../../arm-none-eabi/lib/thumb/v7e-m+fp/hard/libc_nano.a(lib_a-impure.o)
                              /usr/lib/gcc/arm-none-eabi/9.2.1/../../../arm-none-eabi/lib/thumb/v7e-m+fp/hard/libc_nano.a(lib_a-exit.o) (_global_impure_ptr)
/usr/lib/gcc/arm-none-eabi/9.2.1/../../../arm-none-eabi/lib/thumb/v7e-m+fp/hard/libc_nano.a(lib_a-init.o)
                              /usr/lib/gcc/arm-none-eabi/9.2.1/../../../arm-none-eabi/lib/thumb/v7e-m+fp/hard/crt0.o (__libc_init_array)
/usr/lib/gcc/arm-none-eabi/9.2.1/../../../arm-none-eabi/lib/thumb/v7e-m+fp/hard/libc_nano.a(lib_a-memcmp.o)
                              _build/nrf52832_xxaa/ble_advdata.c.o (memcmp)
/usr/lib/gcc/arm-none-eabi/9.2.1/../../../arm-none-eabi/lib/thumb/v7e-m+fp/hard/libc_nano.a(lib_a-memcpy.o)
                              _build/nrf52832_xxaa/nrf_log_frontend.c.o (memcpy)
/usr/lib/gcc/arm-none-eabi/9.2.1/../../../arm-none-eabi/lib/thumb/v7e-m+fp/hard/libc_nano.a(lib_a-memset.o)
                              /usr/lib/gcc/arm-none-eabi/9.2.1/../../../arm-none-eabi/lib/thumb/v7e-m+fp/hard/crt0.o (memset)
/usr/lib/gcc/arm-none-eabi/9.2.1/../../../arm-none-eabi/lib/thumb/v7e-m+fp/hard/libc_nano.a(lib_a-printf.o)
                              _build/nrf52832_xxaa/main.c.o (printf)
/usr/lib/gcc/arm-none-eabi/9.2.1/../../../arm-none-eabi/lib/thumb/v7e-m+fp/hard/libc_nano.a(lib_a-strcpy.o)
                              _build/nrf52832_xxaa/SEGGER_RTT.c.o (strcpy)
/usr/lib/gcc/arm-none-eabi/9.2.1/../../../arm-none-eabi/lib/thumb/v7e-m+fp/hard/libc_nano.a(lib_a-strlen.o)
                              _build/nrf52832_xxaa/nrf_log_frontend.c.o (strlen)
/usr/lib/gcc/arm-none-eabi/9.2.1/../../../arm-none-eabi/lib/thumb/v7e-m+fp/hard/libc_nano.a(lib_a-strtol.o)
                              _build/nrf52832_xxaa/main.c.o (strtol)
/usr/lib/gcc/arm-none-eabi/9.2.1/../../../arm-none-eabi/lib/thumb/v7e-m+fp/hard/libc_nano.a(lib_a-__atexit.o)
                              /usr/lib/gcc/arm-none-eabi/9.2.1/../../../arm-none-eabi/lib/thumb/v7e-m+fp/hard/libc_nano.a(lib_a-atexit.o) (__register_exitproc)
/usr/lib/gcc/arm-none-eabi/9.2.1/../../../arm-none-eabi/lib/thumb/v7e-m+fp/hard/libc_nano.a(lib_a-__call_atexit.o)
                              /usr/lib/gcc/arm-none-eabi/9.2.1/../../../arm-none-eabi/lib/thumb/v7e-m+fp/hard/libc_nano.a(lib_a-__atexit.o) (__call_exitprocs)
/usr/lib/gcc/arm-none-eabi/9.2.1/../../../arm-none-eabi/lib/thumb/v7e-m+fp/hard/libc_nano.a(lib_a-errno.o)
                              /usr/lib/gcc/arm-none-eabi/9.2.1/../../../arm-none-eabi/lib/thumb/v7e-m+fp/hard/libc_nano.a(lib_a-strtol.o) (__errno)
/usr/lib/gcc/arm-none-eabi/9.2.1/../../../arm-none-eabi/lib/thumb/v7e-m+fp/hard/libc_nano.a(lib_a-findfp.o)
                              /usr/lib/gcc/arm-none-eabi/9.2.1/../../../arm-none-eabi/lib/thumb/v7e-m+fp/hard/libc_nano.a(lib_a-printf.o) (__sinit)
/usr/lib/gcc/arm-none-eabi/9.2.1/../../../arm-none-eabi/lib/thumb/v7e-m+fp/hard/libc_nano.a(lib_a-fwalk.o)
                              /usr/lib/gcc/arm-none-eabi/9.2.1/../../../arm-none-eabi/lib/thumb/v7e-m+fp/hard/libc_nano.a(lib_a-findfp.o) (_fwalk)
/usr/lib/gcc/arm-none-eabi/9.2.1/../../../arm-none-eabi/lib/thumb/v7e-m+fp/hard/libc_nano.a(lib_a-nano-mallocr.o)
                              /usr/lib/gcc/arm-none-eabi/9.2.1/../../../arm-none-eabi/lib/thumb/v7e-m+fp/hard/libc_nano.a(lib_a-findfp.o) (_malloc_r)
/usr/lib/gcc/arm-none-eabi/9.2.1/../../../arm-none-eabi/lib/thumb/v7e-m+fp/hard/libc_nano.a(lib_a-nano-vfprintf.o)
                              /usr/lib/gcc/arm-none-eabi/9.2.1/../../../arm-none-eabi/lib/thumb/v7e-m+fp/hard/libc_nano.a(lib_a-printf.o) (_vfprintf_r)
/usr/lib/gcc/arm-none-eabi/9.2.1/../../../arm-none-eabi/lib/thumb/v7e-m+fp/hard/libc_nano.a(lib_a-nano-vfprintf_i.o)
                              /usr/lib/gcc/arm-none-eabi/9.2.1/../../../arm-none-eabi/lib/thumb/v7e-m+fp/hard/libc_nano.a(lib_a-nano-vfprintf.o) (_printf_i)
[...]
Memory Configuration

Name             Origin             Length             Attributes
FLASH            0x0000000000026000 0x000000000005a000 xr
RAM              0x00000000200018c8 0x000000000000e738 xrw
*default*        0x0000000000000000 0xffffffffffffffff

Linker script and memory map


.text           0x0000000000026000     0x77b8
 *(.isr_vector)
 .isr_vector    0x0000000000026000      0x200 _build/nrf52832_xxaa/gcc_startup_nrf52.S.o
                0x0000000000026000                __isr_vector
 *(.text*)
 .text          0x0000000000026200       0x88 /usr/lib/gcc/arm-none-eabi/9.2.1/thumb/v7e-m+fp/hard/crtbegin.o
 .text          0x0000000000026288       0x70 /usr/lib/gcc/arm-none-eabi/9.2.1/../../../arm-none-eabi/lib/thumb/v7e-m+fp/hard/crt0.o
                0x0000000000026288                _stack_init
                0x0000000000026290                _mainCRTStartup
                0x0000000000026290                _start
 .text          0x00000000000262f8       0x3c _build/nrf52832_xxaa/gcc_startup_nrf52.S.o
                0x00000000000262f8                Reset_Handler
                0x0000000000026320                NMI_Handler
                0x0000000000026322                HardFault_Handler
                0x0000000000026324                MemoryManagement_Handler
                0x0000000000026326                BusFault_Handler
                0x0000000000026328                UsageFault_Handler
                0x000000000002632a                SVC_Handler
                0x000000000002632c                DebugMon_Handler
                0x000000000002632e                PendSV_Handler
                0x0000000000026330                SysTick_Handler
                0x0000000000026332                TIMER2_IRQHandler
                0x0000000000026332                RTC0_IRQHandler
                0x0000000000026332                SWI0_EGU0_IRQHandler
                0x0000000000026332                PWM1_IRQHandler
                0x0000000000026332                RADIO_IRQHandler
                0x0000000000026332                PDM_IRQHandler
                0x0000000000026332                TEMP_IRQHandler
                0x0000000000026332                QDEC_IRQHandler
                0x0000000000026332                TIMER3_IRQHandler
                0x0000000000026332                FPU_IRQHandler
                0x0000000000026332                SPIM0_SPIS0_TWIM0_TWIS0_SPI0_TWI0_IRQHandler
                0x0000000000026332                TIMER4_IRQHandler
                0x0000000000026332                I2S_IRQHandler
                0x0000000000026332                SWI4_EGU4_IRQHandler
                0x0000000000026332                TIMER0_IRQHandler
                0x0000000000026332                TIMER1_IRQHandler
                0x0000000000026332                PWM2_IRQHandler
                0x0000000000026332                ECB_IRQHandler
                0x0000000000026332                SPIM1_SPIS1_TWIM1_TWIS1_SPI1_TWI1_IRQHandler
                0x0000000000026332                Default_Handler
                0x0000000000026332                SAADC_IRQHandler
                0x0000000000026332                CCM_AAR_IRQHandler
                0x0000000000026332                WDT_IRQHandler
                0x0000000000026332                SWI5_EGU5_IRQHandler
                0x0000000000026332                RNG_IRQHandler
                0x0000000000026332                RTC2_IRQHandler
                0x0000000000026332                PWM0_IRQHandler
                0x0000000000026332                SWI3_EGU3_IRQHandler
                0x0000000000026332                SWI1_EGU1_IRQHandler
                0x0000000000026332                SPIM2_SPIS2_SPI2_IRQHandler
                0x0000000000026332                NFCT_IRQHandler
                0x0000000000026332                MWU_IRQHandler
                0x0000000000026332                COMP_LPCOMP_IRQHandler
 .text.nrf_log_default_backends_init
                0x0000000000026334        0x4 _build/nrf52832_xxaa/nrf_log_default_backends.c.o
                0x0000000000026334                nrf_log_default_backends_init
 .text.nrf_log_init
                0x0000000000026338       0x28 _build/nrf52832_xxaa/nrf_log_frontend.c.o
                0x0000000000026338                nrf_log_init
 .text.nrf_log_frontend_dequeue
                0x0000000000026360      0x250 _build/nrf52832_xxaa/nrf_log_frontend.c.o
                0x0000000000026360                nrf_log_frontend_dequeue
 .text.nrf_log_frontend_std_0
                0x00000000000265b0      0x188 _build/nrf52832_xxaa/nrf_log_frontend.c.o
                0x00000000000265b0                nrf_log_frontend_std_0
 .text.nrf_log_frontend_std_1
                0x0000000000026738      0x19c _build/nrf52832_xxaa/nrf_log_frontend.c.o
                0x0000000000026738                nrf_log_frontend_std_1
 .text.nrf_log_frontend_std_2
                0x00000000000268d4      0x1b0 _build/nrf52832_xxaa/nrf_log_frontend.c.o
                0x00000000000268d4                nrf_log_frontend_std_2
 .text.nrf_log_panic
                0x0000000000026a84       0x28 _build/nrf52832_xxaa/nrf_log_frontend.c.o
                0x0000000000026a84                nrf_log_panic
 .text.gpiote_event_handler
                0x0000000000026aac       0x74 _build/nrf52832_xxaa/app_button.c.o
 .text.detection_delay_timeout_handler
                0x0000000000026b20      0x264 _build/nrf52832_xxaa/app_button.c.o
 .text.app_button_init
                0x0000000000026d84       0xc0 _build/nrf52832_xxaa/app_button.c.o
                0x0000000000026d84                app_button_init
 .text.app_button_enable
                0x0000000000026e44       0x2c _build/nrf52832_xxaa/app_button.c.o
                0x0000000000026e44                app_button_enable
 .text.app_error_handler_bare
                0x0000000000026e70       0x20 _build/nrf52832_xxaa/app_error.c.o
                0x0000000000026e70                app_error_handler_bare
 .text.app_error_fault_handler
                0x0000000000026e90       0x70 _build/nrf52832_xxaa/app_error_weak.c.o
                0x0000000000026e90                app_error_fault_handler
 .text.compare_func
                0x0000000000026f00       0x18 _build/nrf52832_xxaa/app_timer2.c.o
 .text.rtc_irq  0x0000000000026f18      0x318 _build/nrf52832_xxaa/app_timer2.c.o
 .text.app_timer_init
                0x0000000000027230       0x6c _build/nrf52832_xxaa/app_timer2.c.o
                0x0000000000027230                app_timer_init
 .text.app_timer_create
                0x000000000002729c       0x1c _build/nrf52832_xxaa/app_timer2.c.o
                0x000000000002729c                app_timer_create
 .text.app_timer_start
                0x00000000000272b8       0x8c _build/nrf52832_xxaa/app_timer2.c.o
                0x00000000000272b8                app_timer_start
 .text.app_timer_stop
                0x0000000000027344       0x44 _build/nrf52832_xxaa/app_timer2.c.o
                0x0000000000027344                app_timer_stop
 .text.app_util_critical_region_enter
                0x0000000000027388       0x4c _build/nrf52832_xxaa/app_util_platform.c.o
                0x0000000000027388                app_util_critical_region_enter
 .text.app_util_critical_region_exit
                0x00000000000273d4       0x30 _build/nrf52832_xxaa/app_util_platform.c.o
                0x00000000000273d4                app_util_critical_region_exit
 .text.drv_rtc_init
                0x0000000000027404       0xc0 _build/nrf52832_xxaa/drv_rtc.c.o
                0x0000000000027404                drv_rtc_init
 .text.drv_rtc_start
                0x00000000000274c4        0x8 _build/nrf52832_xxaa/drv_rtc.c.o
                0x00000000000274c4                drv_rtc_start
 .text.drv_rtc_stop
                0x00000000000274cc        0x8 _build/nrf52832_xxaa/drv_rtc.c.o
                0x00000000000274cc                drv_rtc_stop
 .text.drv_rtc_compare_set
                0x00000000000274d4       0x4c _build/nrf52832_xxaa/drv_rtc.c.o
                0x00000000000274d4                drv_rtc_compare_set
 .text.drv_rtc_windowed_compare_set
                0x0000000000027520       0xf8 _build/nrf52832_xxaa/drv_rtc.c.o
                0x0000000000027520                drv_rtc_windowed_compare_set
 .text.drv_rtc_overflow_enable
                0x0000000000027618       0x14 _build/nrf52832_xxaa/drv_rtc.c.o
                0x0000000000027618                drv_rtc_overflow_enable
 .text.drv_rtc_overflow_pending
                0x000000000002762c       0x20 _build/nrf52832_xxaa/drv_rtc.c.o
                0x000000000002762c                drv_rtc_overflow_pending
 .text.drv_rtc_compare_disable
                0x000000000002764c       0x18 _build/nrf52832_xxaa/drv_rtc.c.o
                0x000000000002764c                drv_rtc_compare_disable
 .text.drv_rtc_compare_pending
                0x0000000000027664       0x20 _build/nrf52832_xxaa/drv_rtc.c.o
                0x0000000000027664                drv_rtc_compare_pending
 .text.drv_rtc_counter_get
                0x0000000000027684        0x8 _build/nrf52832_xxaa/drv_rtc.c.o
                0x0000000000027684                drv_rtc_counter_get
 .text.drv_rtc_irq_trigger
                0x000000000002768c       0x24 _build/nrf52832_xxaa/drv_rtc.c.o
                0x000000000002768c                drv_rtc_irq_trigger
 .text.RTC1_IRQHandler
                0x00000000000276b0       0x14 _build/nrf52832_xxaa/drv_rtc.c.o
                0x00000000000276b0                RTC1_IRQHandler
 .text.nrf_atfifo_init
                0x00000000000276c4       0x30 _build/nrf52832_xxaa/nrf_atfifo.c.o
                0x00000000000276c4                nrf_atfifo_init
 .text.nrf_atfifo_item_alloc
                0x00000000000276f4       0x5c _build/nrf52832_xxaa/nrf_atfifo.c.o
                0x00000000000276f4                nrf_atfifo_item_alloc
 .text.nrf_atfifo_item_put
                0x0000000000027750       0x20 _build/nrf52832_xxaa/nrf_atfifo.c.o
                0x0000000000027750                nrf_atfifo_item_put
 .text.nrf_atfifo_item_get
                0x0000000000027770       0x60 _build/nrf52832_xxaa/nrf_atfifo.c.o
                0x0000000000027770                nrf_atfifo_item_get
 .text.nrf_atfifo_item_free
                0x00000000000277d0       0x20 _build/nrf52832_xxaa/nrf_atfifo.c.o
                0x00000000000277d0                nrf_atfifo_item_free
 .text.nrf_atomic_u32_fetch_store
                0x00000000000277f0       0x1c _build/nrf52832_xxaa/nrf_atomic.c.o
                0x00000000000277f0                nrf_atomic_u32_fetch_store
 .text.nrf_atomic_u32_add
                0x000000000002780c       0x1c _build/nrf52832_xxaa/nrf_atomic.c.o
                0x000000000002780c                nrf_atomic_u32_add
 .text.nrf_atomic_u32_sub
                0x0000000000027828       0x1c _build/nrf52832_xxaa/nrf_atomic.c.o
                0x0000000000027828                nrf_atomic_u32_sub
 .text.nrf_atomic_flag_set
                0x0000000000027844       0x20 _build/nrf52832_xxaa/nrf_atomic.c.o
                0x0000000000027844                nrf_atomic_flag_set
 .text.nrf_atomic_flag_clear_fetch
                0x0000000000027864       0x20 _build/nrf52832_xxaa/nrf_atomic.c.o
                0x0000000000027864                nrf_atomic_flag_clear_fetch
 .text.nrf_balloc_init
                0x0000000000027884       0x38 _build/nrf52832_xxaa/nrf_balloc.c.o
                0x0000000000027884                nrf_balloc_init
 .text.nrf_balloc_alloc
                0x00000000000278bc       0x50 _build/nrf52832_xxaa/nrf_balloc.c.o
                0x00000000000278bc                nrf_balloc_alloc
 .text.nrf_balloc_free
                0x000000000002790c       0x38 _build/nrf52832_xxaa/nrf_balloc.c.o
                0x000000000002790c                nrf_balloc_free
 .text.nrf_memobj_pool_init
                0x0000000000027944        0x4 _build/nrf52832_xxaa/nrf_memobj.c.o
                0x0000000000027944                nrf_memobj_pool_init
 .text.nrf_memobj_alloc
                0x0000000000027948       0x94 _build/nrf52832_xxaa/nrf_memobj.c.o
                0x0000000000027948                nrf_memobj_alloc
 .text.nrf_memobj_get
                0x00000000000279dc        0x8 _build/nrf52832_xxaa/nrf_memobj.c.o
                0x00000000000279dc                nrf_memobj_get
 .text.nrf_memobj_put
                0x00000000000279e4       0x58 _build/nrf52832_xxaa/nrf_memobj.c.o
                0x00000000000279e4                nrf_memobj_put
 .text.nrf_memobj_write
                0x0000000000027a3c       0x68 _build/nrf52832_xxaa/nrf_memobj.c.o
                0x0000000000027a3c                nrf_memobj_write
 .text.sd_app_evt_wait
                0x0000000000027aa4        0x4 _build/nrf52832_xxaa/nrf_pwr_mgmt.c.o
 .text.nrf_pwr_mgmt_init
                0x0000000000027aa8       0x2c _build/nrf52832_xxaa/nrf_pwr_mgmt.c.o
                0x0000000000027aa8                nrf_pwr_mgmt_init
 .text.nrf_pwr_mgmt_run
                0x0000000000027ad4       0x54 _build/nrf52832_xxaa/nrf_pwr_mgmt.c.o
                0x0000000000027ad4                nrf_pwr_mgmt_run
 .text.nrf_ringbuf_init
                0x0000000000027b28       0x1c _build/nrf52832_xxaa/nrf_ringbuf.c.o
                0x0000000000027b28                nrf_ringbuf_init
 .text.nrf_section_iter_init
                0x0000000000027b44       0x14 _build/nrf52832_xxaa/nrf_section_iter.c.o
                0x0000000000027b44                nrf_section_iter_init
 .text.nrf_section_iter_next
                0x0000000000027b58       0x18 _build/nrf52832_xxaa/nrf_section_iter.c.o
                0x0000000000027b58                nrf_section_iter_next
 .text.nrf_sortlist_add
                0x0000000000027b70       0x28 _build/nrf52832_xxaa/nrf_sortlist.c.o
                0x0000000000027b70                nrf_sortlist_add
 .text.nrf_sortlist_pop
                0x0000000000027b98        0xc _build/nrf52832_xxaa/nrf_sortlist.c.o
                0x0000000000027b98                nrf_sortlist_pop
 .text.nrf_sortlist_peek
                0x0000000000027ba4        0x8 _build/nrf52832_xxaa/nrf_sortlist.c.o
                0x0000000000027ba4                nrf_sortlist_peek
 .text.nrf_sortlist_remove
                0x0000000000027bac       0x1c _build/nrf52832_xxaa/nrf_sortlist.c.o
                0x0000000000027bac                nrf_sortlist_remove
 .text.nrf_strerror_get
                0x0000000000027bc8       0x50 _build/nrf52832_xxaa/nrf_strerror.c.o
                0x0000000000027bc8                nrf_strerror_get
 .text.SystemInit
                0x0000000000027c18      0x37c _build/nrf52832_xxaa/system_nrf52.c.o
                0x0000000000027c18                SystemInit
 .text.bsp_board_led_state_get
                0x0000000000027f94       0x1c _build/nrf52832_xxaa/boards.c.o
                0x0000000000027f94                bsp_board_led_state_get
 .text.bsp_board_led_on
                0x0000000000027fb0       0x18 _build/nrf52832_xxaa/boards.c.o
                0x0000000000027fb0                bsp_board_led_on
 .text.bsp_board_led_off
                0x0000000000027fc8       0x18 _build/nrf52832_xxaa/boards.c.o
                0x0000000000027fc8                bsp_board_led_off
 .text.bsp_board_leds_off
                0x0000000000027fe0       0x2c _build/nrf52832_xxaa/boards.c.o
                0x0000000000027fe0                bsp_board_leds_off
 .text.bsp_board_leds_on
                0x000000000002800c       0x2c _build/nrf52832_xxaa/boards.c.o
                0x000000000002800c                bsp_board_leds_on
 .text.bsp_board_led_invert
                0x0000000000028038       0x24 _build/nrf52832_xxaa/boards.c.o
                0x0000000000028038                bsp_board_led_invert
 .text.bsp_board_pin_to_button_idx
                0x000000000002805c       0x24 _build/nrf52832_xxaa/boards.c.o
                0x000000000002805c                bsp_board_pin_to_button_idx
 .text.bsp_board_init
                0x0000000000028080       0x5c _build/nrf52832_xxaa/boards.c.o
                0x0000000000028080                bsp_board_init
 .text.clock_irq_handler
                0x00000000000280dc       0x44 _build/nrf52832_xxaa/nrf_drv_clock.c.o
 .text.soc_evt_handler
                0x0000000000028120       0x28 _build/nrf52832_xxaa/nrf_drv_clock.c.o
 .text.sd_state_evt_handler
                0x0000000000028148       0xc8 _build/nrf52832_xxaa/nrf_drv_clock.c.o
 .text.uarte_evt_handler
                0x0000000000028210       0x34 _build/nrf52832_xxaa/nrf_drv_uart.c.o
 .text.uart_evt_handler
                0x0000000000028244       0x34 _build/nrf52832_xxaa/nrf_drv_uart.c.o
 .text.nrf_drv_uart_init
                0x0000000000028278       0x80 _build/nrf52832_xxaa/nrf_drv_uart.c.o
                0x0000000000028278                nrf_drv_uart_init
 .text.nrfx_clock_init
                0x00000000000282f8       0x18 _build/nrf52832_xxaa/nrfx_clock.c.o
                0x00000000000282f8                nrfx_clock_init
 .text.nrfx_clock_enable
                0x0000000000028310       0x24 _build/nrf52832_xxaa/nrfx_clock.c.o
                0x0000000000028310                nrfx_clock_enable
 .text.nrfx_clock_lfclk_stop
                0x0000000000028334       0x38 _build/nrf52832_xxaa/nrfx_clock.c.o
                0x0000000000028334                nrfx_clock_lfclk_stop
 .text.POWER_CLOCK_IRQHandler
                0x000000000002836c       0x6c _build/nrf52832_xxaa/nrfx_clock.c.o
                0x000000000002836c                POWER_CLOCK_IRQHandler
 .text.nrfx_gpiote_init
                0x00000000000283d8       0xa0 _build/nrf52832_xxaa/nrfx_gpiote.c.o
                0x00000000000283d8                nrfx_gpiote_init
 .text.nrfx_gpiote_is_init
                0x0000000000028478       0x14 _build/nrf52832_xxaa/nrfx_gpiote.c.o
                0x0000000000028478                nrfx_gpiote_is_init
 .text.nrfx_gpiote_in_init
                0x000000000002848c      0x1c8 _build/nrf52832_xxaa/nrfx_gpiote.c.o
                0x000000000002848c                nrfx_gpiote_in_init
 .text.nrfx_gpiote_in_event_enable
                0x0000000000028654       0xbc _build/nrf52832_xxaa/nrfx_gpiote.c.o
                0x0000000000028654                nrfx_gpiote_in_event_enable
 .text.nrfx_gpiote_in_is_set
                0x0000000000028710       0x14 _build/nrf52832_xxaa/nrfx_gpiote.c.o
                0x0000000000028710                nrfx_gpiote_in_is_set
 .text.GPIOTE_IRQHandler
                0x0000000000028724      0x444 _build/nrf52832_xxaa/nrfx_gpiote.c.o
                0x0000000000028724                GPIOTE_IRQHandler
 .text.UARTE0_UART0_IRQHandler
                0x0000000000028b68        0xc _build/nrf52832_xxaa/nrfx_prs.c.o
                0x0000000000028b68                UARTE0_UART0_IRQHandler
 .text.nrfx_prs_acquire
                0x0000000000028b74       0x50 _build/nrf52832_xxaa/nrfx_prs.c.o
                0x0000000000028b74                nrfx_prs_acquire
 .text.nrfx_uart_0_irq_handler
                0x0000000000028bc4      0x1c4 _build/nrf52832_xxaa/nrfx_uart.c.o
                0x0000000000028bc4                nrfx_uart_0_irq_handler
 .text.nrfx_uart_init
                0x0000000000028d88      0x1a4 _build/nrf52832_xxaa/nrfx_uart.c.o
                0x0000000000028d88                nrfx_uart_init
 .text.nrfx_uart_tx
                0x0000000000028f2c       0xd0 _build/nrf52832_xxaa/nrfx_uart.c.o
                0x0000000000028f2c                nrfx_uart_tx
 .text.nrfx_uart_tx_in_progress
                0x0000000000028ffc       0x18 _build/nrf52832_xxaa/nrfx_uart.c.o
                0x0000000000028ffc                nrfx_uart_tx_in_progress
 .text.nrfx_uart_rx
                0x0000000000029014      0x148 _build/nrf52832_xxaa/nrfx_uart.c.o
                0x0000000000029014                nrfx_uart_rx
 .text.nrfx_uarte_0_irq_handler
                0x000000000002915c      0x168 _build/nrf52832_xxaa/nrfx_uarte.c.o
                0x000000000002915c                nrfx_uarte_0_irq_handler
 .text.nrfx_uarte_init
                0x00000000000292c4      0x1dc _build/nrf52832_xxaa/nrfx_uarte.c.o
                0x00000000000292c4                nrfx_uarte_init
 .text.nrfx_uarte_tx
                0x00000000000294a0       0xb4 _build/nrf52832_xxaa/nrfx_uarte.c.o
                0x00000000000294a0                nrfx_uarte_tx
 .text.nrfx_uarte_tx_in_progress
                0x0000000000029554       0x1c _build/nrf52832_xxaa/nrfx_uarte.c.o
                0x0000000000029554                nrfx_uarte_tx_in_progress
 .text.nrfx_uarte_rx
                0x0000000000029570      0x130 _build/nrf52832_xxaa/nrfx_uarte.c.o
                0x0000000000029570                nrfx_uarte_rx
 .text.alert_timer_handler
                0x00000000000296a0        0x8 _build/nrf52832_xxaa/bsp.c.o
 .text.bsp_button_event_handler
                0x00000000000296a8       0xa4 _build/nrf52832_xxaa/bsp.c.o
 .text.button_timer_handler
                0x000000000002974c       0x30 _build/nrf52832_xxaa/bsp.c.o
 .text.bsp_led_indication
                0x000000000002977c      0x318 _build/nrf52832_xxaa/bsp.c.o
 .text.leds_timer_handler
                0x0000000000029a94       0x1c _build/nrf52832_xxaa/bsp.c.o
 .text.bsp_indication_set
                0x0000000000029ab0       0x18 _build/nrf52832_xxaa/bsp.c.o
                0x0000000000029ab0                bsp_indication_set
 .text.bsp_init
                0x0000000000029ac8       0xbc _build/nrf52832_xxaa/bsp.c.o
                0x0000000000029ac8                bsp_init
 .text.sd_ble_gap_adv_set_configure
                0x0000000000029b84        0x4 _build/nrf52832_xxaa/main.c.o
 .text.sd_ble_gap_adv_start
                0x0000000000029b88        0x4 _build/nrf52832_xxaa/main.c.o
 .text.sd_ble_gap_adv_stop
                0x0000000000029b8c        0x4 _build/nrf52832_xxaa/main.c.o
 .text.sd_ble_gap_ppcp_set
                0x0000000000029b90        0x4 _build/nrf52832_xxaa/main.c.o
 .text.sd_ble_gap_device_name_set
                0x0000000000029b94        0x4 _build/nrf52832_xxaa/main.c.o
 .text.uart_event_handle
                0x0000000000029b98      0x198 _build/nrf52832_xxaa/main.c.o
                0x0000000000029b98                uart_event_handle
 .text._write   0x0000000000029d30       0x20 _build/nrf52832_xxaa/main.c.o
                0x0000000000029d30                _write
 .text.startup.main
                0x0000000000029d50      0x21c _build/nrf52832_xxaa/main.c.o
                0x0000000000029d50                main
 .text.sd_ble_gap_addr_get
                0x0000000000029f6c        0x4 _build/nrf52832_xxaa/ble_advdata.c.o
 .text.sd_ble_gap_appearance_get
                0x0000000000029f70        0x4 _build/nrf52832_xxaa/ble_advdata.c.o
 .text.sd_ble_gap_device_name_get
                0x0000000000029f74        0x4 _build/nrf52832_xxaa/ble_advdata.c.o
 .text.sd_ble_uuid_encode
                0x0000000000029f78        0x4 _build/nrf52832_xxaa/ble_advdata.c.o
 .text.uuid_list_sized_encode.isra.0
                0x0000000000029f7c       0xf0 _build/nrf52832_xxaa/ble_advdata.c.o
 .text.ble_advdata_encode
                0x000000000002a06c      0x40c _build/nrf52832_xxaa/ble_advdata.c.o
                0x000000000002a06c                ble_advdata_encode
 .text.sd_softdevice_enable
                0x000000000002a478        0x4 _build/nrf52832_xxaa/nrf_sdh.c.o
 .text.nrf_sdh_enable_request
                0x000000000002a47c      0x118 _build/nrf52832_xxaa/nrf_sdh.c.o
                0x000000000002a47c                nrf_sdh_enable_request
 .text.nrf_sdh_is_enabled
                0x000000000002a594        0xc _build/nrf52832_xxaa/nrf_sdh.c.o
                0x000000000002a594                nrf_sdh_is_enabled
 .text.SWI2_EGU2_IRQHandler
                0x000000000002a5a0       0x2c _build/nrf52832_xxaa/nrf_sdh.c.o
                0x000000000002a5a0                SWI2_EGU2_IRQHandler
 .text.sd_ble_enable
                0x000000000002a5cc        0x4 _build/nrf52832_xxaa/nrf_sdh_ble.c.o
 .text.sd_ble_cfg_set
                0x000000000002a5d0        0x4 _build/nrf52832_xxaa/nrf_sdh_ble.c.o
 .text.sd_ble_evt_get
                0x000000000002a5d4        0x4 _build/nrf52832_xxaa/nrf_sdh_ble.c.o
 .text.nrf_sdh_ble_evts_poll
                0x000000000002a5d8       0x5c _build/nrf52832_xxaa/nrf_sdh_ble.c.o
 .text.nrf_sdh_ble_default_cfg_set
                0x000000000002a634      0x178 _build/nrf52832_xxaa/nrf_sdh_ble.c.o
                0x000000000002a634                nrf_sdh_ble_default_cfg_set
 .text.nrf_sdh_ble_enable
                0x000000000002a7ac       0xa0 _build/nrf52832_xxaa/nrf_sdh_ble.c.o
                0x000000000002a7ac                nrf_sdh_ble_enable
 .text.sd_evt_get
                0x000000000002a84c        0x4 _build/nrf52832_xxaa/nrf_sdh_soc.c.o
 .text.nrf_sdh_soc_evts_poll
                0x000000000002a850       0x4c _build/nrf52832_xxaa/nrf_sdh_soc.c.o
 .text.uart_event_handler
                0x000000000002a89c      0x120 _build/nrf52832_xxaa/app_uart_fifo.c.o
 .text.app_uart_init
                0x000000000002a9bc       0xf8 _build/nrf52832_xxaa/app_uart_fifo.c.o
                0x000000000002a9bc                app_uart_init
 .text.app_uart_get
                0x000000000002aab4       0x5c _build/nrf52832_xxaa/app_uart_fifo.c.o
                0x000000000002aab4                app_uart_get
 .text.app_uart_put
                0x000000000002ab10       0x74 _build/nrf52832_xxaa/app_uart_fifo.c.o
                0x000000000002ab10                app_uart_put
 .text.app_fifo_init
                0x000000000002ab84       0x20 _build/nrf52832_xxaa/app_fifo.c.o
                0x000000000002ab84                app_fifo_init
 .text.app_fifo_put
                0x000000000002aba4       0x30 _build/nrf52832_xxaa/app_fifo.c.o
                0x000000000002aba4                app_fifo_put
 .text.app_fifo_get
                0x000000000002abd4       0x2c _build/nrf52832_xxaa/app_fifo.c.o
                0x000000000002abd4                app_fifo_get
 .text          0x000000000002ac00        0xc /usr/lib/gcc/arm-none-eabi/9.2.1/../../../arm-none-eabi/lib/thumb/v7e-m+fp/hard/libc_nano.a(lib_a-atexit.o)
                0x000000000002ac00                atexit
 .text          0x000000000002ac0c       0x28 /usr/lib/gcc/arm-none-eabi/9.2.1/../../../arm-none-eabi/lib/thumb/v7e-m+fp/hard/libc_nano.a(lib_a-exit.o)
                0x000000000002ac0c                exit
 .text          0x000000000002ac34       0x34 /usr/lib/gcc/arm-none-eabi/9.2.1/../../../arm-none-eabi/lib/thumb/v7e-m+fp/hard/libc_nano.a(lib_a-fini.o)
                0x000000000002ac34                __libc_fini_array
 .text          0x000000000002ac68       0x48 /usr/lib/gcc/arm-none-eabi/9.2.1/../../../arm-none-eabi/lib/thumb/v7e-m+fp/hard/libc_nano.a(lib_a-init.o)
                0x000000000002ac68                __libc_init_array
 .text          0x000000000002acb0      0x134 /usr/lib/gcc/arm-none-eabi/9.2.1/../../../arm-none-eabi/lib/thumb/v7e-m+fp/hard/libc_nano.a(lib_a-memcpy.o)
                0x000000000002acb0                memcpy
 .text          0x000000000002ade4       0xa0 /usr/lib/gcc/arm-none-eabi/9.2.1/../../../arm-none-eabi/lib/thumb/v7e-m+fp/hard/libc_nano.a(lib_a-memset.o)
                0x000000000002ade4                memset
 .text          0x000000000002ae84       0x68 /usr/lib/gcc/arm-none-eabi/9.2.1/../../../arm-none-eabi/lib/thumb/v7e-m+fp/hard/libc_nano.a(lib_a-printf.o)
                0x000000000002ae84                _printf_r
                0x000000000002ae84                _iprintf_r
                0x000000000002aeb4                printf
                0x000000000002aeb4                iprintf
 *fill*         0x000000000002aeec       0x14 
 .text          0x000000000002af00       0xdc /usr/lib/gcc/arm-none-eabi/9.2.1/../../../arm-none-eabi/lib/thumb/v7e-m+fp/hard/libc_nano.a(lib_a-strlen.o)
                0x000000000002af00                strlen
 .text          0x000000000002afdc      0x168 /usr/lib/gcc/arm-none-eabi/9.2.1/../../../arm-none-eabi/lib/thumb/v7e-m+fp/hard/libc_nano.a(lib_a-strtol.o)
                0x000000000002b110                _strtol_r
                0x000000000002b114                strtol_l
                0x000000000002b12c                strtol
 .text          0x000000000002b144       0xa0 /usr/lib/gcc/arm-none-eabi/9.2.1/../../../arm-none-eabi/lib/thumb/v7e-m+fp/hard/libc_nano.a(lib_a-__atexit.o)
                0x000000000002b144                __register_exitproc
 .text          0x000000000002b1e4       0x9c /usr/lib/gcc/arm-none-eabi/9.2.1/../../../arm-none-eabi/lib/thumb/v7e-m+fp/hard/libc_nano.a(lib_a-__call_atexit.o)
                0x000000000002b1e4                __call_exitprocs
 .text          0x000000000002b280        0xc /usr/lib/gcc/arm-none-eabi/9.2.1/../../../arm-none-eabi/lib/thumb/v7e-m+fp/hard/libc_nano.a(lib_a-errno.o)
                0x000000000002b280                __errno
 .text          0x000000000002b28c      0x210 /usr/lib/gcc/arm-none-eabi/9.2.1/../../../arm-none-eabi/lib/thumb/v7e-m+fp/hard/libc_nano.a(lib_a-findfp.o)
                0x000000000002b290                _cleanup_r
                0x000000000002b2a0                __sfmoreglue
                0x000000000002b2d0                __sfp
                0x000000000002b448                _cleanup
                0x000000000002b45c                __sinit
                0x000000000002b464                __sfp_lock_acquire
                0x000000000002b468                __sfp_lock_release
                0x000000000002b46c                __sinit_lock_acquire
                0x000000000002b470                __sinit_lock_release
                0x000000000002b474                __fp_lock_all
                0x000000000002b488                __fp_unlock_all
 .text          0x000000000002b49c       0xa0 /usr/lib/gcc/arm-none-eabi/9.2.1/../../../arm-none-eabi/lib/thumb/v7e-m+fp/hard/libc_nano.a(lib_a-fwalk.o)
                0x000000000002b49c                _fwalk
                0x000000000002b4e8                _fwalk_reent
 .text          0x000000000002b53c       0xc8 /usr/lib/gcc/arm-none-eabi/9.2.1/../../../arm-none-eabi/lib/thumb/v7e-m+fp/hard/libc_nano.a(lib_a-nano-mallocr.o)
                0x000000000002b53c                _malloc_r
 .text          0x000000000002b604      0x364 /usr/lib/gcc/arm-none-eabi/9.2.1/../../../arm-none-eabi/lib/thumb/v7e-m+fp/hard/libc_nano.a(lib_a-nano-vfprintf.o)
                0x000000000002b640                __sfputs_r
                0x000000000002b670                __sprint_r
                0x000000000002b68c                _vfiprintf_r
                0x000000000002b68c                _vfprintf_r
                0x000000000002b950                vfiprintf
                0x000000000002b950                vfprintf
 .text          0x000000000002b968      0x3c4 /usr/lib/gcc/arm-none-eabi/9.2.1/../../../arm-none-eabi/lib/thumb/v7e-m+fp/hard/libc_nano.a(lib_a-nano-vfprintf_i.o)
                0x000000000002b968                _printf_common
                0x000000000002ba94                _printf_i
 .text          0x000000000002bd2c       0x24 /usr/lib/gcc/arm-none-eabi/9.2.1/../../../arm-none-eabi/lib/thumb/v7e-m+fp/hard/libc_nano.a(lib_a-sbrkr.o)
                0x000000000002bd2c                _sbrk_r
 .text          0x000000000002bd50       0x90 /usr/lib/gcc/arm-none-eabi/9.2.1/../../../arm-none-eabi/lib/thumb/v7e-m+fp/hard/libc_nano.a(lib_a-stdio.o)
                0x000000000002bd50                __sread
                0x000000000002bd74                __seofread
                0x000000000002bd78                __swrite
                0x000000000002bdb8                __sseek
                0x000000000002bdd8                __sclose
 .text          0x000000000002bde0       0xc0 /usr/lib/gcc/arm-none-eabi/9.2.1/../../../arm-none-eabi/lib/thumb/v7e-m+fp/hard/libc_nano.a(lib_a-wbuf.o)
                0x000000000002bde0                __swbuf_r
                0x000000000002be90                __swbuf
 .text          0x000000000002bea0       0x2c /usr/lib/gcc/arm-none-eabi/9.2.1/../../../arm-none-eabi/lib/thumb/v7e-m+fp/hard/libc_nano.a(lib_a-writer.o)
                0x000000000002bea0                _write_r
 .text          0x000000000002becc      0x100 /usr/lib/gcc/arm-none-eabi/9.2.1/../../../arm-none-eabi/lib/thumb/v7e-m+fp/hard/libc_nano.a(lib_a-wsetup.o)
                0x000000000002becc                __swsetup_r
 .text          0x000000000002bfcc       0x24 /usr/lib/gcc/arm-none-eabi/9.2.1/../../../arm-none-eabi/lib/thumb/v7e-m+fp/hard/libc_nano.a(lib_a-closer.o)
                0x000000000002bfcc                _close_r
 .text          0x000000000002bff0      0x1b0 /usr/lib/gcc/arm-none-eabi/9.2.1/../../../arm-none-eabi/lib/thumb/v7e-m+fp/hard/libc_nano.a(lib_a-fflush.o)
                0x000000000002bff0                __sflush_r
                0x000000000002c11c                _fflush_r
                0x000000000002c17c                fflush
 .text          0x000000000002c1a0      0x308 /usr/lib/gcc/arm-none-eabi/9.2.1/../../../arm-none-eabi/lib/thumb/v7e-m+fp/hard/libc_nano.a(lib_a-fvwrite.o)
                0x000000000002c1a0                __sfvwrite_r
 .text          0x000000000002c4a8       0x2c /usr/lib/gcc/arm-none-eabi/9.2.1/../../../arm-none-eabi/lib/thumb/v7e-m+fp/hard/libc_nano.a(lib_a-lseekr.o)
                0x000000000002c4a8                _lseek_r
 .text          0x000000000002c4d4       0xf0 /usr/lib/gcc/arm-none-eabi/9.2.1/../../../arm-none-eabi/lib/thumb/v7e-m+fp/hard/libc_nano.a(lib_a-makebuf.o)
                0x000000000002c4d4                __swhatbuf_r
                0x000000000002c530                __smakebuf_r
 *fill*         0x000000000002c5c4        0xc 
 .text          0x000000000002c5d0       0xa0 /usr/lib/gcc/arm-none-eabi/9.2.1/../../../arm-none-eabi/lib/thumb/v7e-m+fp/hard/libc_nano.a(lib_a-memchr.o)
                0x000000000002c5d0                memchr
 .text          0x000000000002c670       0xd0 /usr/lib/gcc/arm-none-eabi/9.2.1/../../../arm-none-eabi/lib/thumb/v7e-m+fp/hard/libc_nano.a(lib_a-memmove.o)
                0x000000000002c670                memmove
 .text          0x000000000002c740        0x8 /usr/lib/gcc/arm-none-eabi/9.2.1/../../../arm-none-eabi/lib/thumb/v7e-m+fp/hard/libc_nano.a(lib_a-mlock.o)
                0x000000000002c740                __malloc_lock
                0x000000000002c744                __malloc_unlock
 .text          0x000000000002c748       0xac /usr/lib/gcc/arm-none-eabi/9.2.1/../../../arm-none-eabi/lib/thumb/v7e-m+fp/hard/libc_nano.a(lib_a-nano-freer.o)
                0x000000000002c748                _free_r
 .text          0x000000000002c7f4       0x4c /usr/lib/gcc/arm-none-eabi/9.2.1/../../../arm-none-eabi/lib/thumb/v7e-m+fp/hard/libc_nano.a(lib_a-nano-reallocr.o)
                0x000000000002c7f4                _realloc_r
 .text          0x000000000002c840       0x2c /usr/lib/gcc/arm-none-eabi/9.2.1/../../../arm-none-eabi/lib/thumb/v7e-m+fp/hard/libc_nano.a(lib_a-readr.o)
                0x000000000002c840                _read_r
 .text          0x000000000002c86c       0x28 /usr/lib/gcc/arm-none-eabi/9.2.1/../../../arm-none-eabi/lib/thumb/v7e-m+fp/hard/libc_nano.a(lib_a-fstatr.o)
                0x000000000002c86c                _fstat_r
 .text          0x000000000002c894       0x24 /usr/lib/gcc/arm-none-eabi/9.2.1/../../../arm-none-eabi/lib/thumb/v7e-m+fp/hard/libc_nano.a(lib_a-isattyr.o)
                0x000000000002c894                _isatty_r
 .text          0x000000000002c8b8       0x10 /usr/lib/gcc/arm-none-eabi/9.2.1/../../../arm-none-eabi/lib/thumb/v7e-m+fp/hard/libc_nano.a(lib_a-nano-msizer.o)
                0x000000000002c8b8                _malloc_usable_size_r
 .text          0x000000000002c8c8       0x10 /usr/lib/gcc/arm-none-eabi/9.2.1/../../../arm-none-eabi/lib/thumb/v7e-m+fp/hard/libnosys.a(close.o)
                0x000000000002c8c8                _close
 .text          0x000000000002c8d8       0x10 /usr/lib/gcc/arm-none-eabi/9.2.1/../../../arm-none-eabi/lib/thumb/v7e-m+fp/hard/libnosys.a(fstat.o)
                0x000000000002c8d8                _fstat
 .text          0x000000000002c8e8       0x10 /usr/lib/gcc/arm-none-eabi/9.2.1/../../../arm-none-eabi/lib/thumb/v7e-m+fp/hard/libnosys.a(isatty.o)
                0x000000000002c8e8                _isatty
 .text          0x000000000002c8f8       0x10 /usr/lib/gcc/arm-none-eabi/9.2.1/../../../arm-none-eabi/lib/thumb/v7e-m+fp/hard/libnosys.a(lseek.o)
                0x000000000002c8f8                _lseek
 .text          0x000000000002c908       0x10 /usr/lib/gcc/arm-none-eabi/9.2.1/../../../arm-none-eabi/lib/thumb/v7e-m+fp/hard/libnosys.a(read.o)
                0x000000000002c908                _read
 .text          0x000000000002c918       0x1c /usr/lib/gcc/arm-none-eabi/9.2.1/../../../arm-none-eabi/lib/thumb/v7e-m+fp/hard/libnosys.a(sbrk.o)
                0x000000000002c918                _sbrk
 .text          0x000000000002c934        0x4 /usr/lib/gcc/arm-none-eabi/9.2.1/../../../arm-none-eabi/lib/thumb/v7e-m+fp/hard/libnosys.a(_exit.o)
                0x000000000002c934                _exit
 .text          0x000000000002c938       0x30 /usr/lib/gcc/arm-none-eabi/9.2.1/thumb/v7e-m+fp/hard/libgcc.a(_aeabi_uldivmod.o)
                0x000000000002c938                __aeabi_uldivmod
 .text          0x000000000002c968      0x2c4 /usr/lib/gcc/arm-none-eabi/9.2.1/thumb/v7e-m+fp/hard/libgcc.a(_udivmoddi4.o)
                0x000000000002c968                __udivmoddi4
 .text          0x000000000002cc2c        0x4 /usr/lib/gcc/arm-none-eabi/9.2.1/thumb/v7e-m+fp/hard/libgcc.a(_dvmd_tls.o)
                0x000000000002cc2c                __aeabi_ldiv0
                0x000000000002cc2c                __aeabi_idiv0
 *(.init)
 .init          0x000000000002cc30        0x4 /usr/lib/gcc/arm-none-eabi/9.2.1/thumb/v7e-m+fp/hard/crti.o
                0x000000000002cc30                _init
 .init          0x000000000002cc34        0x8 /usr/lib/gcc/arm-none-eabi/9.2.1/thumb/v7e-m+fp/hard/crtn.o
 *(.fini)
 .fini          0x000000000002cc3c        0x4 /usr/lib/gcc/arm-none-eabi/9.2.1/thumb/v7e-m+fp/hard/crti.o
                0x000000000002cc3c                _fini
 .fini          0x000000000002cc40        0x8 /usr/lib/gcc/arm-none-eabi/9.2.1/thumb/v7e-m+fp/hard/crtn.o
 *crtbegin.o(.ctors)
 *crtbegin?.o(.ctors)
 *(EXCLUDE_FILE(*crtend.o *crtend?.o) .ctors)
 *(SORT_BY_NAME(.ctors.*))
 *(.ctors)
 *crtbegin.o(.dtors)
 *crtbegin?.o(.dtors)
 *(EXCLUDE_FILE(*crtend.o *crtend?.o) .dtors)
 *(SORT_BY_NAME(.dtors.*))
 *(.dtors)
 *(.rodata*)
 .rodata.nrf_log_frontend_dequeue.str1.4
                0x000000000002cc48       0x11 _build/nrf52832_xxaa/nrf_log_frontend.c.o
 *fill*         0x000000000002cc59        0x3 
 .rodata.str1.4
                0x000000000002cc5c        0x4 _build/nrf52832_xxaa/nrf_log_frontend.c.o
 .rodata.m_log_push_ringbuf
                0x000000000002cc60        0xc _build/nrf52832_xxaa/nrf_log_frontend.c.o
 .rodata.str1.4
                0x000000000002cc6c        0xb _build/nrf52832_xxaa/app_button.c.o
 *fill*         0x000000000002cc77        0x1 
 .rodata.m_detection_delay_timer_id
                0x000000000002cc78        0x4 _build/nrf52832_xxaa/app_button.c.o
 .rodata.app_error_fault_handler.str1.4
                0x000000000002cc7c       0x19 _build/nrf52832_xxaa/app_error_weak.c.o
 *fill*         0x000000000002cc95        0x3 
 .rodata.str1.4
                0x000000000002cc98        0xa _build/nrf52832_xxaa/app_timer2.c.o
 *fill*         0x000000000002cca2        0x2 
 .rodata        0x000000000002cca4        0x4 _build/nrf52832_xxaa/app_timer2.c.o
 .rodata.m_app_timer_sortlist
                0x000000000002cca8        0xc _build/nrf52832_xxaa/app_timer2.c.o
 .rodata.drv_rtc_init.str1.4
                0x000000000002ccb4       0x36 _build/nrf52832_xxaa/drv_rtc.c.o
 *fill*         0x000000000002ccea        0x6 
 .rodata.delay_machine_code.8542
                0x000000000002ccf0        0x6 _build/nrf52832_xxaa/drv_rtc.c.o
 *fill*         0x000000000002ccf6        0x2 
 .rodata.str1.4
                0x000000000002ccf8        0x9 _build/nrf52832_xxaa/nrf_pwr_mgmt.c.o
 *fill*         0x000000000002cd01        0x3 
 .rodata.pwr_mgmt_data
                0x000000000002cd04        0xc _build/nrf52832_xxaa/nrf_pwr_mgmt.c.o
 .rodata.str1.4
                0x000000000002cd10        0x9 _build/nrf52832_xxaa/nrf_sortlist.c.o
 *fill*         0x000000000002cd19        0x3 
 .rodata.str1.4
                0x000000000002cd1c      0x3e9 _build/nrf52832_xxaa/nrf_strerror.c.o
 *fill*         0x000000000002d105        0x3 
 .rodata.m_unknown_str
                0x000000000002d108       0x13 _build/nrf52832_xxaa/nrf_strerror.c.o
 *fill*         0x000000000002d11b        0x1 
 .rodata.nrf_strerror_array
                0x000000000002d11c      0x128 _build/nrf52832_xxaa/nrf_strerror.c.o
 .rodata.CSWTCH.15
                0x000000000002d244        0x4 _build/nrf52832_xxaa/system_nrf52.c.o
 .rodata.CSWTCH.19
                0x000000000002d248        0x4 _build/nrf52832_xxaa/system_nrf52.c.o
 .rodata.CSWTCH.5
                0x000000000002d24c        0x4 _build/nrf52832_xxaa/system_nrf52.c.o
 .rodata.m_board_led_list
                0x000000000002d250        0x4 _build/nrf52832_xxaa/boards.c.o
 .rodata.str1.4
                0x000000000002d254        0x6 _build/nrf52832_xxaa/nrf_drv_clock.c.o
 *fill*         0x000000000002d25a        0x2 
 .rodata.str1.4
                0x000000000002d25c        0x6 _build/nrf52832_xxaa/nrfx_clock.c.o
 *fill*         0x000000000002d262        0x2 
 .rodata.str1.4
                0x000000000002d264        0x7 _build/nrf52832_xxaa/nrfx_gpiote.c.o
 *fill*         0x000000000002d26b        0x1 
 .rodata.str1.4
                0x000000000002d26c        0x4 _build/nrf52832_xxaa/nrfx_prs.c.o
 .rodata.str1.4
                0x000000000002d270        0x5 _build/nrf52832_xxaa/nrfx_uart.c.o
 *fill*         0x000000000002d275        0x3 
 .rodata.str1.4
                0x000000000002d278        0x6 _build/nrf52832_xxaa/nrfx_uarte.c.o
 *fill*         0x000000000002d27e        0x2 
 .rodata.app_buttons
                0x000000000002d280       0x20 _build/nrf52832_xxaa/bsp.c.o
 .rodata.m_bsp_alert_tmr
                0x000000000002d2a0        0x4 _build/nrf52832_xxaa/bsp.c.o
 .rodata.m_bsp_button_tmr
                0x000000000002d2a4        0x4 _build/nrf52832_xxaa/bsp.c.o
 .rodata.m_bsp_leds_tmr
                0x000000000002d2a8        0x4 _build/nrf52832_xxaa/bsp.c.o
 .rodata.uart_event_handle.str1.4
                0x000000000002d2ac       0x4a _build/nrf52832_xxaa/main.c.o
 *fill*         0x000000000002d2f6        0x2 
 .rodata.main.str1.4
                0x000000000002d2f8       0x45 _build/nrf52832_xxaa/main.c.o
 *fill*         0x000000000002d33d        0x3 
 .rodata        0x000000000002d340       0x18 _build/nrf52832_xxaa/main.c.o
 .rodata.str1.4
                0x000000000002d358        0x8 _build/nrf52832_xxaa/nrf_sdh.c.o
 .rodata        0x000000000002d360        0x4 _build/nrf52832_xxaa/nrf_sdh.c.o
 .rodata.sdh_req_observers
                0x000000000002d364        0xc _build/nrf52832_xxaa/nrf_sdh.c.o
 .rodata.sdh_stack_observers
                0x000000000002d370        0xc _build/nrf52832_xxaa/nrf_sdh.c.o
 .rodata.sdh_state_observers
                0x000000000002d37c        0xc _build/nrf52832_xxaa/nrf_sdh.c.o
 .rodata.nrf_sdh_ble_default_cfg_set.str1.4
                0x000000000002d388      0x187 _build/nrf52832_xxaa/nrf_sdh_ble.c.o
 *fill*         0x000000000002d50f        0x1 
 .rodata.nrf_sdh_ble_enable.str1.4
                0x000000000002d510       0xad _build/nrf52832_xxaa/nrf_sdh_ble.c.o
 *fill*         0x000000000002d5bd        0x3 
 .rodata.str1.4
                0x000000000002d5c0        0xc _build/nrf52832_xxaa/nrf_sdh_ble.c.o
 .rodata.sdh_ble_observers
                0x000000000002d5cc        0xc _build/nrf52832_xxaa/nrf_sdh_ble.c.o
 .rodata.str1.4
                0x000000000002d5d8        0xc _build/nrf52832_xxaa/nrf_sdh_soc.c.o
 .rodata.sdh_soc_observers
                0x000000000002d5e4        0xc _build/nrf52832_xxaa/nrf_sdh_soc.c.o
 .rodata        0x000000000002d5f0       0x20 _build/nrf52832_xxaa/app_uart_fifo.c.o
 .rodata        0x000000000002d610      0x101 /usr/lib/gcc/arm-none-eabi/9.2.1/../../../arm-none-eabi/lib/thumb/v7e-m+fp/hard/libc_nano.a(lib_a-ctype_.o)
                0x000000000002d610                _ctype_
 *fill*         0x000000000002d711        0x3 
 .rodata        0x000000000002d714        0x4 /usr/lib/gcc/arm-none-eabi/9.2.1/../../../arm-none-eabi/lib/thumb/v7e-m+fp/hard/libc_nano.a(lib_a-impure.o)
                0x000000000002d714                _global_impure_ptr
 .rodata        0x000000000002d718       0x60 /usr/lib/gcc/arm-none-eabi/9.2.1/../../../arm-none-eabi/lib/thumb/v7e-m+fp/hard/libc_nano.a(lib_a-findfp.o)
                0x000000000002d718                __sf_fake_stderr
                0x000000000002d738                __sf_fake_stdout
                0x000000000002d758                __sf_fake_stdin
 .rodata.str1.4
                0x000000000002d778       0x13 /usr/lib/gcc/arm-none-eabi/9.2.1/../../../arm-none-eabi/lib/thumb/v7e-m+fp/hard/libc_nano.a(lib_a-nano-vfprintf.o)
 *fill*         0x000000000002d78b        0x1 
 .rodata.str1.4
                0x000000000002d78c       0x25 /usr/lib/gcc/arm-none-eabi/9.2.1/../../../arm-none-eabi/lib/thumb/v7e-m+fp/hard/libc_nano.a(lib_a-nano-vfprintf_i.o)
 *(.eh_frame*)
 *fill*         0x000000000002d7b1        0x3 
 .eh_frame      0x000000000002d7b4        0x0 /usr/lib/gcc/arm-none-eabi/9.2.1/thumb/v7e-m+fp/hard/crtbegin.o
 .eh_frame      0x000000000002d7b4        0x4 /usr/lib/gcc/arm-none-eabi/9.2.1/thumb/v7e-m+fp/hard/crtend.o

.glue_7         0x000000000002d7b8        0x0
 .glue_7        0x000000000002d7b8        0x0 linker stubs

.glue_7t        0x000000000002d7b8        0x0
 .glue_7t       0x000000000002d7b8        0x0 linker stubs

.vfp11_veneer   0x000000000002d7b8        0x0
 .vfp11_veneer  0x000000000002d7b8        0x0 linker stubs

.v4_bx          0x000000000002d7b8        0x0
 .v4_bx         0x000000000002d7b8        0x0 linker stubs

.iplt           0x000000000002d7b8        0x0
 .iplt          0x000000000002d7b8        0x0 /usr/lib/gcc/arm-none-eabi/9.2.1/thumb/v7e-m+fp/hard/crtbegin.o

.mem_section_dummy_rom

.sdh_soc_observers
                0x000000000002d7b8        0x8
                0x000000000002d7b8                PROVIDE (__start_sdh_soc_observers = .)
 *(SORT_BY_NAME(.sdh_soc_observers*))
 .sdh_soc_observers0
                0x000000000002d7b8        0x8 _build/nrf52832_xxaa/nrf_drv_clock.c.o
                0x000000000002d7c0                PROVIDE (__stop_sdh_soc_observers = .)

.sdh_ble_observers
                0x000000000002d7c0        0x0
                0x000000000002d7c0                PROVIDE (__start_sdh_ble_observers = .)
 *(SORT_BY_NAME(.sdh_ble_observers*))
                0x000000000002d7c0                PROVIDE (__stop_sdh_ble_observers = .)

.pwr_mgmt_data  0x000000000002d7c0        0x0
                0x000000000002d7c0                PROVIDE (__start_pwr_mgmt_data = .)
 *(SORT_BY_NAME(.pwr_mgmt_data*))
                0x000000000002d7c0                PROVIDE (__stop_pwr_mgmt_data = .)

.sdh_req_observers
                0x000000000002d7c0        0x0
                0x000000000002d7c0                PROVIDE (__start_sdh_req_observers = .)
 *(SORT_BY_NAME(.sdh_req_observers*))
                0x000000000002d7c0                PROVIDE (__stop_sdh_req_observers = .)

.sdh_state_observers
                0x000000000002d7c0        0x8
                0x000000000002d7c0                PROVIDE (__start_sdh_state_observers = .)
 *(SORT_BY_NAME(.sdh_state_observers*))
 .sdh_state_observers0
                0x000000000002d7c0        0x8 _build/nrf52832_xxaa/nrf_drv_clock.c.o
                0x000000000002d7c8                PROVIDE (__stop_sdh_state_observers = .)

.sdh_stack_observers
                0x000000000002d7c8       0x10
                0x000000000002d7c8                PROVIDE (__start_sdh_stack_observers = .)
 *(SORT_BY_NAME(.sdh_stack_observers*))
 .sdh_stack_observers0
                0x000000000002d7c8        0x8 _build/nrf52832_xxaa/nrf_sdh_ble.c.o
 .sdh_stack_observers0
                0x000000000002d7d0        0x8 _build/nrf52832_xxaa/nrf_sdh_soc.c.o
                0x000000000002d7d8                PROVIDE (__stop_sdh_stack_observers = .)

.nrf_queue      0x000000000002d7d8        0x0
                [!provide]                        PROVIDE (__start_nrf_queue = .)
 *(.nrf_queue)
                [!provide]                        PROVIDE (__stop_nrf_queue = .)

.nrf_balloc     0x000000000002d7d8       0x14
                [!provide]                        PROVIDE (__start_nrf_balloc = .)
 *(.nrf_balloc)
 .nrf_balloc    0x000000000002d7d8       0x14 _build/nrf52832_xxaa/nrf_log_frontend.c.o
                0x000000000002d7d8                log_mempool
                [!provide]                        PROVIDE (__stop_nrf_balloc = .)

.cli_command    0x000000000002d7ec        0x0
                [!provide]                        PROVIDE (__start_cli_command = .)
 *(.cli_command)
                [!provide]                        PROVIDE (__stop_cli_command = .)

.crypto_data    0x000000000002d7ec        0x0
                [!provide]                        PROVIDE (__start_crypto_data = .)
 *(SORT_BY_NAME(.crypto_data*))
                [!provide]                        PROVIDE (__stop_crypto_data = .)

.log_const_data
                0x000000000002d7ec       0x70
                0x000000000002d7ec                PROVIDE (__start_log_const_data = .)
 *(SORT_BY_NAME(.log_const_data*))
 .log_const_data_CLOCK
                0x000000000002d7ec        0x8 _build/nrf52832_xxaa/nrfx_clock.c.o
                0x000000000002d7ec                m_nrf_log_CLOCK_logs_data_const
 .log_const_data_GPIOTE
                0x000000000002d7f4        0x8 _build/nrf52832_xxaa/nrfx_gpiote.c.o
                0x000000000002d7f4                m_nrf_log_GPIOTE_logs_data_const
 .log_const_data_PRS
                0x000000000002d7fc        0x8 _build/nrf52832_xxaa/nrfx_prs.c.o
                0x000000000002d7fc                m_nrf_log_PRS_logs_data_const
 .log_const_data_UART
                0x000000000002d804        0x8 _build/nrf52832_xxaa/nrfx_uart.c.o
                0x000000000002d804                m_nrf_log_UART_logs_data_const
 .log_const_data_UARTE
                0x000000000002d80c        0x8 _build/nrf52832_xxaa/nrfx_uarte.c.o
                0x000000000002d80c                m_nrf_log_UARTE_logs_data_const
 .log_const_data_app
                0x000000000002d814        0x8 _build/nrf52832_xxaa/nrf_log_frontend.c.o
                0x000000000002d814                m_nrf_log_app_logs_data_const
 .log_const_data_app_button
                0x000000000002d81c        0x8 _build/nrf52832_xxaa/app_button.c.o
                0x000000000002d81c                m_nrf_log_app_button_logs_data_const
 .log_const_data_app_timer
                0x000000000002d824        0x8 _build/nrf52832_xxaa/app_timer2.c.o
                0x000000000002d824                m_nrf_log_app_timer_logs_data_const
 .log_const_data_clock
                0x000000000002d82c        0x8 _build/nrf52832_xxaa/nrf_drv_clock.c.o
                0x000000000002d82c                m_nrf_log_clock_logs_data_const
 .log_const_data_nrf_sdh
                0x000000000002d834        0x8 _build/nrf52832_xxaa/nrf_sdh.c.o
                0x000000000002d834                m_nrf_log_nrf_sdh_logs_data_const
 .log_const_data_nrf_sdh_ble
                0x000000000002d83c        0x8 _build/nrf52832_xxaa/nrf_sdh_ble.c.o
                0x000000000002d83c                m_nrf_log_nrf_sdh_ble_logs_data_const
 .log_const_data_nrf_sdh_soc
                0x000000000002d844        0x8 _build/nrf52832_xxaa/nrf_sdh_soc.c.o
                0x000000000002d844                m_nrf_log_nrf_sdh_soc_logs_data_const
 .log_const_data_pwr_mgmt
                0x000000000002d84c        0x8 _build/nrf52832_xxaa/nrf_pwr_mgmt.c.o
                0x000000000002d84c                m_nrf_log_pwr_mgmt_logs_data_const
 .log_const_data_sortlist
                0x000000000002d854        0x8 _build/nrf52832_xxaa/nrf_sortlist.c.o
                0x000000000002d854                m_nrf_log_sortlist_logs_data_const
                0x000000000002d85c                PROVIDE (__stop_log_const_data = .)

.log_backends   0x000000000002d85c        0x0
                [!provide]                        PROVIDE (__start_log_backends = .)
 *(SORT_BY_NAME(.log_backends*))
                [!provide]                        PROVIDE (__stop_log_backends = .)

.ARM.extab
 *(.ARM.extab* .gnu.linkonce.armextab.*)
                0x000000000002d85c                __exidx_start = .

.ARM.exidx      0x000000000002d85c        0x8
 *(.ARM.exidx* .gnu.linkonce.armexidx.*)
 .ARM.exidx     0x000000000002d85c        0x8 /usr/lib/gcc/arm-none-eabi/9.2.1/../../../arm-none-eabi/lib/thumb/v7e-m+fp/hard/crt0.o
                                         0x10 (size before relaxing)
 .ARM.exidx     0x000000000002d864        0x0 /usr/lib/gcc/arm-none-eabi/9.2.1/thumb/v7e-m+fp/hard/libgcc.a(_udivmoddi4.o)
                                          0x8 (size before relaxing)
                0x000000000002d864                __exidx_end = .

.rel.dyn        0x000000000002d864        0x0
 .rel.iplt      0x000000000002d864        0x0 /usr/lib/gcc/arm-none-eabi/9.2.1/thumb/v7e-m+fp/hard/crtbegin.o
                0x000000000002d864                . = ALIGN (0x4)
                0x000000000002d864                __etext = .

.data           0x00000000200018c8       0xc0 load address 0x000000000002d864
                0x00000000200018c8                __data_start__ = .
 *(vtable)
 *(.data*)
 .data.m_rtc_inst
                0x00000000200018c8        0x8 _build/nrf52832_xxaa/app_timer2.c.o
 .data.SystemCoreClock
                0x00000000200018d0        0x4 _build/nrf52832_xxaa/system_nrf52.c.o
                0x00000000200018d0                SystemCoreClock
 .data.m_adv_data
                0x00000000200018d4       0x10 _build/nrf52832_xxaa/main.c.o
 .data.m_adv_handle
                0x00000000200018e4        0x1 _build/nrf52832_xxaa/main.c.o
 *fill*         0x00000000200018e5        0x3 
 .data.m_beacon_info
                0x00000000200018e8       0x1e _build/nrf52832_xxaa/main.c.o
 *fill*         0x0000000020001906        0x2 
 .data.app_uart_inst
                0x0000000020001908       0x14 _build/nrf52832_xxaa/app_uart_fifo.c.o
 .data          0x000000002000191c       0x64 /usr/lib/gcc/arm-none-eabi/9.2.1/../../../arm-none-eabi/lib/thumb/v7e-m+fp/hard/libc_nano.a(lib_a-impure.o)
                0x000000002000191c                _impure_ptr
                0x0000000020001980                . = ALIGN (0x4)
                0x0000000020001980                PROVIDE (__preinit_array_start = .)
 *(.preinit_array)
                0x0000000020001980                PROVIDE (__preinit_array_end = .)
                0x0000000020001980                . = ALIGN (0x4)
                0x0000000020001980                PROVIDE (__init_array_start = .)
 *(SORT_BY_NAME(.init_array.*))
 *(.init_array)
 .init_array    0x0000000020001980        0x4 /usr/lib/gcc/arm-none-eabi/9.2.1/thumb/v7e-m+fp/hard/crtbegin.o
                0x0000000020001984                PROVIDE (__init_array_end = .)
                0x0000000020001984                . = ALIGN (0x4)
                0x0000000020001984                PROVIDE (__fini_array_start = .)
 *(SORT_BY_NAME(.fini_array.*))
 *(.fini_array)
 .fini_array    0x0000000020001984        0x4 /usr/lib/gcc/arm-none-eabi/9.2.1/thumb/v7e-m+fp/hard/crtbegin.o
                0x0000000020001988                PROVIDE (__fini_array_end = .)
 *(.jcr*)
                0x0000000020001988                . = ALIGN (0x4)
                0x0000000020001988                __data_end__ = .
LOAD /usr/lib/gcc/arm-none-eabi/9.2.1/thumb/v7e-m+fp/hard/crti.o
LOAD /usr/lib/gcc/arm-none-eabi/9.2.1/thumb/v7e-m+fp/hard/crtbegin.o
LOAD /usr/lib/gcc/arm-none-eabi/9.2.1/../../../arm-none-eabi/lib/thumb/v7e-m+fp/hard/crt0.o
LOAD _build/nrf52832_xxaa/gcc_startup_nrf52.S.o
LOAD _build/nrf52832_xxaa/nrf_log_backend_rtt.c.o
LOAD _build/nrf52832_xxaa/nrf_log_backend_serial.c.o
LOAD _build/nrf52832_xxaa/nrf_log_backend_uart.c.o
LOAD _build/nrf52832_xxaa/nrf_log_default_backends.c.o
LOAD _build/nrf52832_xxaa/nrf_log_frontend.c.o
LOAD _build/nrf52832_xxaa/nrf_log_str_formatter.c.o
LOAD _build/nrf52832_xxaa/app_button.c.o
LOAD _build/nrf52832_xxaa/app_error.c.o
LOAD _build/nrf52832_xxaa/app_error_handler_gcc.c.o
LOAD _build/nrf52832_xxaa/app_error_weak.c.o
LOAD _build/nrf52832_xxaa/app_scheduler.c.o
LOAD _build/nrf52832_xxaa/app_timer2.c.o
LOAD _build/nrf52832_xxaa/app_util_platform.c.o
LOAD _build/nrf52832_xxaa/drv_rtc.c.o
LOAD _build/nrf52832_xxaa/hardfault_implementation.c.o
LOAD _build/nrf52832_xxaa/nrf_assert.c.o
LOAD _build/nrf52832_xxaa/nrf_atfifo.c.o
LOAD _build/nrf52832_xxaa/nrf_atomic.c.o
LOAD _build/nrf52832_xxaa/nrf_balloc.c.o
LOAD _build/nrf52832_xxaa/nrf_fprintf.c.o
LOAD _build/nrf52832_xxaa/nrf_fprintf_format.c.o
LOAD _build/nrf52832_xxaa/nrf_memobj.c.o
LOAD _build/nrf52832_xxaa/nrf_pwr_mgmt.c.o
LOAD _build/nrf52832_xxaa/nrf_ringbuf.c.o
LOAD _build/nrf52832_xxaa/nrf_section_iter.c.o
LOAD _build/nrf52832_xxaa/nrf_sortlist.c.o
LOAD _build/nrf52832_xxaa/nrf_strerror.c.o
LOAD _build/nrf52832_xxaa/system_nrf52.c.o
LOAD _build/nrf52832_xxaa/boards.c.o
LOAD _build/nrf52832_xxaa/nrf_drv_clock.c.o
LOAD _build/nrf52832_xxaa/nrf_drv_uart.c.o
LOAD _build/nrf52832_xxaa/nrfx_atomic.c.o
LOAD _build/nrf52832_xxaa/nrfx_clock.c.o
LOAD _build/nrf52832_xxaa/nrfx_gpiote.c.o
LOAD _build/nrf52832_xxaa/nrfx_prs.c.o
LOAD _build/nrf52832_xxaa/nrfx_uart.c.o
LOAD _build/nrf52832_xxaa/nrfx_uarte.c.o
LOAD _build/nrf52832_xxaa/bsp.c.o
LOAD _build/nrf52832_xxaa/main.c.o
LOAD _build/nrf52832_xxaa/SEGGER_RTT.c.o
LOAD _build/nrf52832_xxaa/SEGGER_RTT_Syscalls_GCC.c.o
LOAD _build/nrf52832_xxaa/SEGGER_RTT_printf.c.o
LOAD _build/nrf52832_xxaa/ble_advdata.c.o
LOAD _build/nrf52832_xxaa/ble_srv_common.c.o
LOAD _build/nrf52832_xxaa/ble_nus.c.o
LOAD _build/nrf52832_xxaa/utf.c.o
LOAD _build/nrf52832_xxaa/nrf_sdh.c.o
LOAD _build/nrf52832_xxaa/nrf_sdh_ble.c.o
LOAD _build/nrf52832_xxaa/nrf_sdh_soc.c.o
LOAD _build/nrf52832_xxaa/app_uart_fifo.c.o
LOAD _build/nrf52832_xxaa/retarget.c.o
LOAD _build/nrf52832_xxaa/app_fifo.c.o
LOAD _build/nrf52832_xxaa/ble_link_ctx_manager.c.o
LOAD _build/nrf52832_xxaa/ble_advertising.c.o
LOAD /usr/lib/gcc/arm-none-eabi/9.2.1/../../../arm-none-eabi/lib/thumb/v7e-m+fp/hard/libc_nano.a
LOAD /usr/lib/gcc/arm-none-eabi/9.2.1/../../../arm-none-eabi/lib/thumb/v7e-m+fp/hard/libnosys.a
LOAD /usr/lib/gcc/arm-none-eabi/9.2.1/../../../arm-none-eabi/lib/thumb/v7e-m+fp/hard/libm.a
START GROUP
LOAD /usr/lib/gcc/arm-none-eabi/9.2.1/thumb/v7e-m+fp/hard/libgcc.a
LOAD /usr/lib/gcc/arm-none-eabi/9.2.1/../../../arm-none-eabi/lib/thumb/v7e-m+fp/hard/libg_nano.a
LOAD /usr/lib/gcc/arm-none-eabi/9.2.1/../../../arm-none-eabi/lib/thumb/v7e-m+fp/hard/libc_nano.a
END GROUP
START GROUP
LOAD /usr/lib/gcc/arm-none-eabi/9.2.1/thumb/v7e-m+fp/hard/libgcc.a
LOAD /usr/lib/gcc/arm-none-eabi/9.2.1/../../../arm-none-eabi/lib/thumb/v7e-m+fp/hard/libc_nano.a
END GROUP
LOAD /usr/lib/gcc/arm-none-eabi/9.2.1/thumb/v7e-m+fp/hard/crtend.o
LOAD /usr/lib/gcc/arm-none-eabi/9.2.1/thumb/v7e-m+fp/hard/crtn.o
START GROUP
LOAD /usr/lib/gcc/arm-none-eabi/9.2.1/thumb/v7e-m+fp/hard/libgcc.a
LOAD /usr/lib/gcc/arm-none-eabi/9.2.1/../../../arm-none-eabi/lib/thumb/v7e-m+fp/hard/libc.a
LOAD /usr/lib/gcc/arm-none-eabi/9.2.1/../../../arm-none-eabi/lib/thumb/v7e-m+fp/hard/libnosys.a
END GROUP

.tm_clone_table
                0x0000000020001988        0x0 load address 0x000000000002d924
 .tm_clone_table
                0x0000000020001988        0x0 /usr/lib/gcc/arm-none-eabi/9.2.1/thumb/v7e-m+fp/hard/crtbegin.o
 .tm_clone_table
                0x0000000020001988        0x0 /usr/lib/gcc/arm-none-eabi/9.2.1/thumb/v7e-m+fp/hard/crtend.o

.igot.plt       0x0000000020001988        0x0 load address 0x000000000002d924
 .igot.plt      0x0000000020001988        0x0 /usr/lib/gcc/arm-none-eabi/9.2.1/thumb/v7e-m+fp/hard/crtbegin.o
                0x0000000020001988                . = ALIGN (0x4)

.mem_section_dummy_ram

.cli_sorted_cmd_ptrs
                0x0000000020001988        0x0
                [!provide]                        PROVIDE (__start_cli_sorted_cmd_ptrs = .)
 *(.cli_sorted_cmd_ptrs)
                [!provide]                        PROVIDE (__stop_cli_sorted_cmd_ptrs = .)

.fs_data        0x0000000020001988        0x0
                [!provide]                        PROVIDE (__start_fs_data = .)
 *(.fs_data)
                [!provide]                        PROVIDE (__stop_fs_data = .)

.log_dynamic_data
                0x0000000020001988        0x0
                0x0000000020001988                PROVIDE (__start_log_dynamic_data = .)
 *(SORT_BY_NAME(.log_dynamic_data*))
                [!provide]                        PROVIDE (__stop_log_dynamic_data = .)

.log_filter_data
                0x0000000020001988        0x0
                [!provide]                        PROVIDE (__start_log_filter_data = .)
 *(SORT_BY_NAME(.log_filter_data*))
                [!provide]                        PROVIDE (__stop_log_filter_data = .)

.bss            0x0000000020001988      0xb68 load address 0x000000000002d928
                0x0000000020001988                . = ALIGN (0x4)
                0x0000000020001988                __bss_start__ = .
 *(.bss*)
 .bss           0x0000000020001988       0x1c /usr/lib/gcc/arm-none-eabi/9.2.1/thumb/v7e-m+fp/hard/crtbegin.o
 .bss.log_mempool_nrf_balloc_cb
                0x00000000200019a4        0x8 _build/nrf52832_xxaa/nrf_log_frontend.c.o
 .bss.log_mempool_nrf_balloc_pool_mem
                0x00000000200019ac       0xc0 _build/nrf52832_xxaa/nrf_log_frontend.c.o
 .bss.log_mempool_nrf_balloc_pool_stack
                0x0000000020001a6c        0x8 _build/nrf52832_xxaa/nrf_log_frontend.c.o
 .bss.m_log_data
                0x0000000020001a74      0x420 _build/nrf52832_xxaa/nrf_log_frontend.c.o
 .bss.m_log_push_ringbuf_buf
                0x0000000020001e94       0x80 _build/nrf52832_xxaa/nrf_log_frontend.c.o
 .bss.m_log_push_ringbuf_cb
                0x0000000020001f14       0x18 _build/nrf52832_xxaa/nrf_log_frontend.c.o
 .bss.m_button_count
                0x0000000020001f2c        0x1 _build/nrf52832_xxaa/app_button.c.o
 *fill*         0x0000000020001f2d        0x3 
 .bss.m_detection_delay
                0x0000000020001f30        0x4 _build/nrf52832_xxaa/app_button.c.o
 *fill*         0x0000000020001f34        0x4 
 .bss.m_detection_delay_timer_id_data
                0x0000000020001f38       0x20 _build/nrf52832_xxaa/app_button.c.o
 .bss.m_pin_active
                0x0000000020001f58        0x8 _build/nrf52832_xxaa/app_button.c.o
 .bss.m_pin_states
                0x0000000020001f60       0x10 _build/nrf52832_xxaa/app_button.c.o
 .bss.mp_buttons
                0x0000000020001f70        0x4 _build/nrf52832_xxaa/app_button.c.o
 .bss.m_app_timer_sortlist_sortlist_cb
                0x0000000020001f74        0x4 _build/nrf52832_xxaa/app_timer2.c.o
 .bss.m_base_counter
                0x0000000020001f78        0x8 _build/nrf52832_xxaa/app_timer2.c.o
 .bss.m_global_active
                0x0000000020001f80        0x1 _build/nrf52832_xxaa/app_timer2.c.o
 *fill*         0x0000000020001f81        0x3 
 .bss.m_req_fifo_data
                0x0000000020001f84       0x58 _build/nrf52832_xxaa/app_timer2.c.o
 .bss.m_req_fifo_inst
                0x0000000020001fdc       0x10 _build/nrf52832_xxaa/app_timer2.c.o
 *fill*         0x0000000020001fec        0x4 
 .bss.m_stamp64
                0x0000000020001ff0        0x8 _build/nrf52832_xxaa/app_timer2.c.o
 .bss.mp_active_timer
                0x0000000020001ff8        0x4 _build/nrf52832_xxaa/app_timer2.c.o
 .bss.m_cb      0x0000000020001ffc        0x8 _build/nrf52832_xxaa/drv_rtc.c.o
 .bss.m_handlers
                0x0000000020002004        0x4 _build/nrf52832_xxaa/drv_rtc.c.o
 .bss.m_handlers_iter
                0x0000000020002008        0x8 _build/nrf52832_xxaa/nrf_pwr_mgmt.c.o
 .bss.m_shutdown_started
                0x0000000020002010        0x1 _build/nrf52832_xxaa/nrf_pwr_mgmt.c.o
 *fill*         0x0000000020002011        0x3 
 .bss.m_sysoff_mtx
                0x0000000020002014        0x4 _build/nrf52832_xxaa/nrf_pwr_mgmt.c.o
 .bss.m_clock_cb
                0x0000000020002018       0x14 _build/nrf52832_xxaa/nrf_drv_clock.c.o
 .bss.m_contexts
                0x000000002000202c        0x4 _build/nrf52832_xxaa/nrf_drv_uart.c.o
 .bss.m_handlers
                0x0000000020002030        0x4 _build/nrf52832_xxaa/nrf_drv_uart.c.o
 .bss.m_clock_cb
                0x0000000020002034        0x8 _build/nrf52832_xxaa/nrfx_clock.c.o
 *fill*         0x000000002000203c        0x4 
 .bss.m_cb      0x0000000020002040       0x5c _build/nrf52832_xxaa/nrfx_gpiote.c.o
 .bss.m_prs_box_4
                0x000000002000209c        0x8 _build/nrf52832_xxaa/nrfx_prs.c.o
 *fill*         0x00000000200020a4        0x4 
 .bss.m_cb      0x00000000200020a8       0x2c _build/nrf52832_xxaa/nrfx_uart.c.o
 *fill*         0x00000000200020d4        0x4 
 .bss.m_cb      0x00000000200020d8       0x24 _build/nrf52832_xxaa/nrfx_uarte.c.o
 .bss.current_long_push_pin_no.9158
                0x00000000200020fc        0x1 _build/nrf52832_xxaa/bsp.c.o
 .bss.m_alert_on
                0x00000000200020fd        0x1 _build/nrf52832_xxaa/bsp.c.o
 *fill*         0x00000000200020fe        0x2 
 .bss.m_bsp_alert_tmr_data
                0x0000000020002100       0x20 _build/nrf52832_xxaa/bsp.c.o
 .bss.m_bsp_button_tmr_data
                0x0000000020002120       0x20 _build/nrf52832_xxaa/bsp.c.o
 .bss.m_bsp_leds_tmr_data
                0x0000000020002140       0x20 _build/nrf52832_xxaa/bsp.c.o
 .bss.m_events_list
                0x0000000020002160        0xc _build/nrf52832_xxaa/bsp.c.o
 .bss.m_indication_type
                0x000000002000216c        0x4 _build/nrf52832_xxaa/bsp.c.o
 .bss.m_leds_clear
                0x0000000020002170        0x1 _build/nrf52832_xxaa/bsp.c.o
 *fill*         0x0000000020002171        0x3 
 .bss.m_registered_callback
                0x0000000020002174        0x4 _build/nrf52832_xxaa/bsp.c.o
 .bss.m_stable_state
                0x0000000020002178        0x1 _build/nrf52832_xxaa/bsp.c.o
 *fill*         0x0000000020002179        0x3 
 .bss.release_event_at_push.9159
                0x000000002000217c        0x4 _build/nrf52832_xxaa/bsp.c.o
 .bss.advdata   0x0000000020002180       0x3c _build/nrf52832_xxaa/main.c.o
 .bss.data_array.12748
                0x00000000200021bc       0x14 _build/nrf52832_xxaa/main.c.o
 .bss.index.12749
                0x00000000200021d0        0x1 _build/nrf52832_xxaa/main.c.o
 *fill*         0x00000000200021d1        0x3 
 .bss.m_adv_params
                0x00000000200021d4       0x18 _build/nrf52832_xxaa/main.c.o
 .bss.m_enc_advdata
                0x00000000200021ec       0x1f _build/nrf52832_xxaa/main.c.o
 *fill*         0x000000002000220b        0x1 
 .bss.rx_buf.12843
                0x000000002000220c      0x100 _build/nrf52832_xxaa/main.c.o
 .bss.tx_buf.12844
                0x000000002000230c      0x100 _build/nrf52832_xxaa/main.c.o
 .bss.m_nrf_sdh_continue
                0x000000002000240c        0x1 _build/nrf52832_xxaa/nrf_sdh.c.o
 .bss.m_nrf_sdh_enabled
                0x000000002000240d        0x1 _build/nrf52832_xxaa/nrf_sdh.c.o
 .bss.m_nrf_sdh_suspended
                0x000000002000240e        0x1 _build/nrf52832_xxaa/nrf_sdh.c.o
 .bss.m_stack_is_enabled
                0x000000002000240f        0x1 _build/nrf52832_xxaa/nrf_sdh_ble.c.o
 .bss.m_event_handler
                0x0000000020002410        0x4 _build/nrf52832_xxaa/app_uart_fifo.c.o
 .bss.m_rx_fifo
                0x0000000020002414       0x10 _build/nrf52832_xxaa/app_uart_fifo.c.o
 .bss.m_rx_ovf  0x0000000020002424        0x1 _build/nrf52832_xxaa/app_uart_fifo.c.o
 *fill*         0x0000000020002425        0x3 
 .bss.m_tx_fifo
                0x0000000020002428       0x10 _build/nrf52832_xxaa/app_uart_fifo.c.o
 .bss.rx_buffer
                0x0000000020002438        0x1 _build/nrf52832_xxaa/app_uart_fifo.c.o
 *fill*         0x0000000020002439        0x3 
 .bss.tx_buffer
                0x000000002000243c        0x1 _build/nrf52832_xxaa/app_uart_fifo.c.o
 *fill*         0x000000002000243d        0x3 
 .bss           0x0000000020002440       0x8c /usr/lib/gcc/arm-none-eabi/9.2.1/../../../arm-none-eabi/lib/thumb/v7e-m+fp/hard/libc_nano.a(lib_a-__atexit.o)
 .bss           0x00000000200024cc        0x4 /usr/lib/gcc/arm-none-eabi/9.2.1/../../../arm-none-eabi/lib/thumb/v7e-m+fp/hard/libc_nano.a(lib_a-__call_atexit.o)
                0x00000000200024cc                _global_atexit
 .bss           0x00000000200024d0        0x8 /usr/lib/gcc/arm-none-eabi/9.2.1/../../../arm-none-eabi/lib/thumb/v7e-m+fp/hard/libc_nano.a(lib_a-nano-mallocr.o)
                0x00000000200024d0                __malloc_free_list
                0x00000000200024d4                __malloc_sbrk_start
 .bss           0x00000000200024d8        0x4 /usr/lib/gcc/arm-none-eabi/9.2.1/../../../arm-none-eabi/lib/thumb/v7e-m+fp/hard/libnosys.a(sbrk.o)
 *(COMMON)
 COMMON         0x00000000200024dc        0xc _build/nrf52832_xxaa/app_util_platform.c.o
                0x00000000200024dc                nrf_nvic_state
 COMMON         0x00000000200024e8        0x1 _build/nrf52832_xxaa/nrf_drv_uart.c.o
                0x00000000200024e8                nrf_drv_uart_use_easy_dma
 *fill*         0x00000000200024e9        0x3 
 COMMON         0x00000000200024ec        0x4 /usr/lib/gcc/arm-none-eabi/9.2.1/../../../arm-none-eabi/lib/thumb/v7e-m+fp/hard/libc_nano.a(lib_a-reent.o)
                0x00000000200024ec                errno
                0x00000000200024f0                . = ALIGN (0x4)
                0x00000000200024f0                __bss_end__ = .

.heap           0x00000000200024f0     0x2000
                0x00000000200024f0                __HeapBase = .
                0x00000000200024f0                __end__ = .
                0x00000000200024f0                PROVIDE (end = .)
 *(.heap*)
 .heap          0x00000000200024f0     0x2000 _build/nrf52832_xxaa/gcc_startup_nrf52.S.o
                0x00000000200044f0                __HeapLimit = .

.stack_dummy    0x00000000200024f0     0x2000
 *(.stack*)
 .stack         0x00000000200024f0     0x2000 _build/nrf52832_xxaa/gcc_startup_nrf52.S.o
                0x0000000020010000                __StackTop = (ORIGIN (RAM) + LENGTH (RAM))
                0x000000002000e000                __StackLimit = (__StackTop - SIZEOF (.stack_dummy))
                0x0000000020010000                PROVIDE (__stack = __StackTop)
                0x0000000000000001                ASSERT ((__StackLimit >= __HeapLimit), region RAM overflowed with stack)
                0x00000000000000c0                DataInitFlashUsed = (__bss_start__ - __data_start__)
                0x0000000000007864                CodeFlashUsed = (__etext - ORIGIN (FLASH))
                0x0000000000007924                TotalFlashUsed = (CodeFlashUsed + DataInitFlashUsed)
                0x0000000000000001                ASSERT ((TotalFlashUsed <= LENGTH (FLASH)), region FLASH overflowed with .data and user data)
OUTPUT(_build/nrf52832_xxaa.out elf32-littlearm)
LOAD linker stubs

.ARM.attributes
                0x0000000000000000       0x30
 .ARM.attributes
                0x0000000000000000       0x1e /usr/lib/gcc/arm-none-eabi/9.2.1/thumb/v7e-m+fp/hard/crti.o
 .ARM.attributes
                0x000000000000001e       0x34 /usr/lib/gcc/arm-none-eabi/9.2.1/thumb/v7e-m+fp/hard/crtbegin.o
 .ARM.attributes
                0x0000000000000052       0x1c /usr/lib/gcc/arm-none-eabi/9.2.1/../../../arm-none-eabi/lib/thumb/v7e-m+fp/hard/crt0.o
 .ARM.attributes
                0x000000000000006e       0x20 _build/nrf52832_xxaa/gcc_startup_nrf52.S.o
 .ARM.attributes
                0x000000000000008e       0x34 _build/nrf52832_xxaa/nrf_log_default_backends.c.o
 .ARM.attributes
                0x00000000000000c2       0x34 _build/nrf52832_xxaa/nrf_log_frontend.c.o
 .ARM.attributes
                0x00000000000000f6       0x34 _build/nrf52832_xxaa/app_button.c.o
 .ARM.attributes
                0x000000000000012a       0x34 _build/nrf52832_xxaa/app_error.c.o
 .ARM.attributes
                0x000000000000015e       0x34 _build/nrf52832_xxaa/app_error_weak.c.o
 .ARM.attributes
                0x0000000000000192       0x34 _build/nrf52832_xxaa/app_timer2.c.o
 .ARM.attributes
                0x00000000000001c6       0x34 _build/nrf52832_xxaa/app_util_platform.c.o
 .ARM.attributes
                0x00000000000001fa       0x34 _build/nrf52832_xxaa/drv_rtc.c.o
 .ARM.attributes
                0x000000000000022e       0x34 _build/nrf52832_xxaa/nrf_atfifo.c.o
 .ARM.attributes
                0x0000000000000262       0x34 _build/nrf52832_xxaa/nrf_atomic.c.o
 .ARM.attributes
                0x0000000000000296       0x34 _build/nrf52832_xxaa/nrf_balloc.c.o
 .ARM.attributes
                0x00000000000002ca       0x34 _build/nrf52832_xxaa/nrf_memobj.c.o
 .ARM.attributes
                0x00000000000002fe       0x34 _build/nrf52832_xxaa/nrf_pwr_mgmt.c.o
 .ARM.attributes
                0x0000000000000332       0x34 _build/nrf52832_xxaa/nrf_ringbuf.c.o
 .ARM.attributes
                0x0000000000000366       0x34 _build/nrf52832_xxaa/nrf_section_iter.c.o
 .ARM.attributes
                0x000000000000039a       0x34 _build/nrf52832_xxaa/nrf_sortlist.c.o
 .ARM.attributes
                0x00000000000003ce       0x34 _build/nrf52832_xxaa/nrf_strerror.c.o
 .ARM.attributes
                0x0000000000000402       0x34 _build/nrf52832_xxaa/system_nrf52.c.o
 .ARM.attributes
                0x0000000000000436       0x34 _build/nrf52832_xxaa/boards.c.o
 .ARM.attributes
                0x000000000000046a       0x34 _build/nrf52832_xxaa/nrf_drv_clock.c.o
 .ARM.attributes
                0x000000000000049e       0x34 _build/nrf52832_xxaa/nrf_drv_uart.c.o
 .ARM.attributes
                0x00000000000004d2       0x34 _build/nrf52832_xxaa/nrfx_clock.c.o
 .ARM.attributes
                0x0000000000000506       0x34 _build/nrf52832_xxaa/nrfx_gpiote.c.o
 .ARM.attributes
                0x000000000000053a       0x34 _build/nrf52832_xxaa/nrfx_prs.c.o
 .ARM.attributes
                0x000000000000056e       0x34 _build/nrf52832_xxaa/nrfx_uart.c.o
 .ARM.attributes
                0x00000000000005a2       0x34 _build/nrf52832_xxaa/nrfx_uarte.c.o
 .ARM.attributes
                0x00000000000005d6       0x34 _build/nrf52832_xxaa/bsp.c.o
 .ARM.attributes
                0x000000000000060a       0x34 _build/nrf52832_xxaa/main.c.o
 .ARM.attributes
                0x000000000000063e       0x34 _build/nrf52832_xxaa/ble_advdata.c.o
 .ARM.attributes
                0x0000000000000672       0x34 _build/nrf52832_xxaa/nrf_sdh.c.o
 .ARM.attributes
                0x00000000000006a6       0x34 _build/nrf52832_xxaa/nrf_sdh_ble.c.o
 .ARM.attributes
                0x00000000000006da       0x34 _build/nrf52832_xxaa/nrf_sdh_soc.c.o
 .ARM.attributes
                0x000000000000070e       0x34 _build/nrf52832_xxaa/app_uart_fifo.c.o
 .ARM.attributes
                0x0000000000000742       0x34 _build/nrf52832_xxaa/app_fifo.c.o
 .ARM.attributes
                0x0000000000000776       0x34 /usr/lib/gcc/arm-none-eabi/9.2.1/../../../arm-none-eabi/lib/thumb/v7e-m+fp/hard/libc_nano.a(lib_a-atexit.o)
 .ARM.attributes
                0x00000000000007aa       0x32 /usr/lib/gcc/arm-none-eabi/9.2.1/../../../arm-none-eabi/lib/thumb/v7e-m+fp/hard/libc_nano.a(lib_a-ctype_.o)
 .ARM.attributes
                0x00000000000007dc       0x34 /usr/lib/gcc/arm-none-eabi/9.2.1/../../../arm-none-eabi/lib/thumb/v7e-m+fp/hard/libc_nano.a(lib_a-exit.o)
 .ARM.attributes
                0x0000000000000810       0x34 /usr/lib/gcc/arm-none-eabi/9.2.1/../../../arm-none-eabi/lib/thumb/v7e-m+fp/hard/libc_nano.a(lib_a-fini.o)
 .ARM.attributes
                0x0000000000000844       0x32 /usr/lib/gcc/arm-none-eabi/9.2.1/../../../arm-none-eabi/lib/thumb/v7e-m+fp/hard/libc_nano.a(lib_a-impure.o)
 .ARM.attributes
                0x0000000000000876       0x34 /usr/lib/gcc/arm-none-eabi/9.2.1/../../../arm-none-eabi/lib/thumb/v7e-m+fp/hard/libc_nano.a(lib_a-init.o)
 .ARM.attributes
                0x00000000000008aa       0x1c /usr/lib/gcc/arm-none-eabi/9.2.1/../../../arm-none-eabi/lib/thumb/v7e-m+fp/hard/libc_nano.a(lib_a-memcpy.o)
 .ARM.attributes
                0x00000000000008c6       0x34 /usr/lib/gcc/arm-none-eabi/9.2.1/../../../arm-none-eabi/lib/thumb/v7e-m+fp/hard/libc_nano.a(lib_a-memset.o)
 .ARM.attributes
                0x00000000000008fa       0x34 /usr/lib/gcc/arm-none-eabi/9.2.1/../../../arm-none-eabi/lib/thumb/v7e-m+fp/hard/libc_nano.a(lib_a-printf.o)
 .ARM.attributes
                0x000000000000092e       0x1c /usr/lib/gcc/arm-none-eabi/9.2.1/../../../arm-none-eabi/lib/thumb/v7e-m+fp/hard/libc_nano.a(lib_a-strlen.o)
 .ARM.attributes
                0x000000000000094a       0x34 /usr/lib/gcc/arm-none-eabi/9.2.1/../../../arm-none-eabi/lib/thumb/v7e-m+fp/hard/libc_nano.a(lib_a-strtol.o)
 .ARM.attributes
                0x000000000000097e       0x34 /usr/lib/gcc/arm-none-eabi/9.2.1/../../../arm-none-eabi/lib/thumb/v7e-m+fp/hard/libc_nano.a(lib_a-__atexit.o)
 .ARM.attributes
                0x00000000000009b2       0x34 /usr/lib/gcc/arm-none-eabi/9.2.1/../../../arm-none-eabi/lib/thumb/v7e-m+fp/hard/libc_nano.a(lib_a-__call_atexit.o)
 .ARM.attributes
                0x00000000000009e6       0x34 /usr/lib/gcc/arm-none-eabi/9.2.1/../../../arm-none-eabi/lib/thumb/v7e-m+fp/hard/libc_nano.a(lib_a-errno.o)
 .ARM.attributes
                0x0000000000000a1a       0x34 /usr/lib/gcc/arm-none-eabi/9.2.1/../../../arm-none-eabi/lib/thumb/v7e-m+fp/hard/libc_nano.a(lib_a-findfp.o)
 .ARM.attributes
                0x0000000000000a4e       0x34 /usr/lib/gcc/arm-none-eabi/9.2.1/../../../arm-none-eabi/lib/thumb/v7e-m+fp/hard/libc_nano.a(lib_a-fwalk.o)
 .ARM.attributes
                0x0000000000000a82       0x34 /usr/lib/gcc/arm-none-eabi/9.2.1/../../../arm-none-eabi/lib/thumb/v7e-m+fp/hard/libc_nano.a(lib_a-nano-mallocr.o)
 .ARM.attributes
                0x0000000000000ab6       0x34 /usr/lib/gcc/arm-none-eabi/9.2.1/../../../arm-none-eabi/lib/thumb/v7e-m+fp/hard/libc_nano.a(lib_a-nano-vfprintf.o)
 .ARM.attributes
                0x0000000000000aea       0x34 /usr/lib/gcc/arm-none-eabi/9.2.1/../../../arm-none-eabi/lib/thumb/v7e-m+fp/hard/libc_nano.a(lib_a-nano-vfprintf_i.o)
 .ARM.attributes
                0x0000000000000b1e       0x34 /usr/lib/gcc/arm-none-eabi/9.2.1/../../../arm-none-eabi/lib/thumb/v7e-m+fp/hard/libc_nano.a(lib_a-sbrkr.o)
 .ARM.attributes
                0x0000000000000b52       0x34 /usr/lib/gcc/arm-none-eabi/9.2.1/../../../arm-none-eabi/lib/thumb/v7e-m+fp/hard/libc_nano.a(lib_a-stdio.o)
 .ARM.attributes
                0x0000000000000b86       0x34 /usr/lib/gcc/arm-none-eabi/9.2.1/../../../arm-none-eabi/lib/thumb/v7e-m+fp/hard/libc_nano.a(lib_a-wbuf.o)
 .ARM.attributes
                0x0000000000000bba       0x34 /usr/lib/gcc/arm-none-eabi/9.2.1/../../../arm-none-eabi/lib/thumb/v7e-m+fp/hard/libc_nano.a(lib_a-writer.o)
 .ARM.attributes
                0x0000000000000bee       0x34 /usr/lib/gcc/arm-none-eabi/9.2.1/../../../arm-none-eabi/lib/thumb/v7e-m+fp/hard/libc_nano.a(lib_a-wsetup.o)
 .ARM.attributes
                0x0000000000000c22       0x34 /usr/lib/gcc/arm-none-eabi/9.2.1/../../../arm-none-eabi/lib/thumb/v7e-m+fp/hard/libc_nano.a(lib_a-closer.o)
 .ARM.attributes
                0x0000000000000c56       0x34 /usr/lib/gcc/arm-none-eabi/9.2.1/../../../arm-none-eabi/lib/thumb/v7e-m+fp/hard/libc_nano.a(lib_a-fflush.o)
 .ARM.attributes
                0x0000000000000c8a       0x34 /usr/lib/gcc/arm-none-eabi/9.2.1/../../../arm-none-eabi/lib/thumb/v7e-m+fp/hard/libc_nano.a(lib_a-fvwrite.o)
 .ARM.attributes
                0x0000000000000cbe       0x34 /usr/lib/gcc/arm-none-eabi/9.2.1/../../../arm-none-eabi/lib/thumb/v7e-m+fp/hard/libc_nano.a(lib_a-lseekr.o)
 .ARM.attributes
                0x0000000000000cf2       0x34 /usr/lib/gcc/arm-none-eabi/9.2.1/../../../arm-none-eabi/lib/thumb/v7e-m+fp/hard/libc_nano.a(lib_a-makebuf.o)
 .ARM.attributes
                0x0000000000000d26       0x1c /usr/lib/gcc/arm-none-eabi/9.2.1/../../../arm-none-eabi/lib/thumb/v7e-m+fp/hard/libc_nano.a(lib_a-memchr.o)
 .ARM.attributes
                0x0000000000000d42       0x34 /usr/lib/gcc/arm-none-eabi/9.2.1/../../../arm-none-eabi/lib/thumb/v7e-m+fp/hard/libc_nano.a(lib_a-memmove.o)
 .ARM.attributes
                0x0000000000000d76       0x34 /usr/lib/gcc/arm-none-eabi/9.2.1/../../../arm-none-eabi/lib/thumb/v7e-m+fp/hard/libc_nano.a(lib_a-mlock.o)
 .ARM.attributes
                0x0000000000000daa       0x34 /usr/lib/gcc/arm-none-eabi/9.2.1/../../../arm-none-eabi/lib/thumb/v7e-m+fp/hard/libc_nano.a(lib_a-nano-freer.o)
 .ARM.attributes
                0x0000000000000dde       0x34 /usr/lib/gcc/arm-none-eabi/9.2.1/../../../arm-none-eabi/lib/thumb/v7e-m+fp/hard/libc_nano.a(lib_a-nano-reallocr.o)
 .ARM.attributes
                0x0000000000000e12       0x34 /usr/lib/gcc/arm-none-eabi/9.2.1/../../../arm-none-eabi/lib/thumb/v7e-m+fp/hard/libc_nano.a(lib_a-readr.o)
 .ARM.attributes
                0x0000000000000e46       0x34 /usr/lib/gcc/arm-none-eabi/9.2.1/../../../arm-none-eabi/lib/thumb/v7e-m+fp/hard/libc_nano.a(lib_a-reent.o)
 .ARM.attributes
                0x0000000000000e7a       0x34 /usr/lib/gcc/arm-none-eabi/9.2.1/../../../arm-none-eabi/lib/thumb/v7e-m+fp/hard/libc_nano.a(lib_a-fstatr.o)
 .ARM.attributes
                0x0000000000000eae       0x34 /usr/lib/gcc/arm-none-eabi/9.2.1/../../../arm-none-eabi/lib/thumb/v7e-m+fp/hard/libc_nano.a(lib_a-isattyr.o)
 .ARM.attributes
                0x0000000000000ee2       0x34 /usr/lib/gcc/arm-none-eabi/9.2.1/../../../arm-none-eabi/lib/thumb/v7e-m+fp/hard/libc_nano.a(lib_a-nano-msizer.o)
 .ARM.attributes
                0x0000000000000f16       0x34 /usr/lib/gcc/arm-none-eabi/9.2.1/../../../arm-none-eabi/lib/thumb/v7e-m+fp/hard/libnosys.a(close.o)
 .ARM.attributes
                0x0000000000000f4a       0x34 /usr/lib/gcc/arm-none-eabi/9.2.1/../../../arm-none-eabi/lib/thumb/v7e-m+fp/hard/libnosys.a(fstat.o)
 .ARM.attributes
                0x0000000000000f7e       0x34 /usr/lib/gcc/arm-none-eabi/9.2.1/../../../arm-none-eabi/lib/thumb/v7e-m+fp/hard/libnosys.a(isatty.o)
 .ARM.attributes
                0x0000000000000fb2       0x34 /usr/lib/gcc/arm-none-eabi/9.2.1/../../../arm-none-eabi/lib/thumb/v7e-m+fp/hard/libnosys.a(lseek.o)
 .ARM.attributes
                0x0000000000000fe6       0x34 /usr/lib/gcc/arm-none-eabi/9.2.1/../../../arm-none-eabi/lib/thumb/v7e-m+fp/hard/libnosys.a(read.o)
 .ARM.attributes
                0x000000000000101a       0x34 /usr/lib/gcc/arm-none-eabi/9.2.1/../../../arm-none-eabi/lib/thumb/v7e-m+fp/hard/libnosys.a(sbrk.o)
 .ARM.attributes
                0x000000000000104e       0x34 /usr/lib/gcc/arm-none-eabi/9.2.1/../../../arm-none-eabi/lib/thumb/v7e-m+fp/hard/libnosys.a(_exit.o)
 .ARM.attributes
                0x0000000000001082       0x1e /usr/lib/gcc/arm-none-eabi/9.2.1/thumb/v7e-m+fp/hard/libgcc.a(_aeabi_uldivmod.o)
 .ARM.attributes
                0x00000000000010a0       0x34 /usr/lib/gcc/arm-none-eabi/9.2.1/thumb/v7e-m+fp/hard/libgcc.a(_udivmoddi4.o)
 .ARM.attributes
                0x00000000000010d4       0x1e /usr/lib/gcc/arm-none-eabi/9.2.1/thumb/v7e-m+fp/hard/libgcc.a(_dvmd_tls.o)
 .ARM.attributes
                0x00000000000010f2       0x32 /usr/lib/gcc/arm-none-eabi/9.2.1/thumb/v7e-m+fp/hard/crtend.o
 .ARM.attributes
                0x0000000000001124       0x1e /usr/lib/gcc/arm-none-eabi/9.2.1/thumb/v7e-m+fp/hard/crtn.o

.comment        0x0000000000000000       0xa7
 .comment       0x0000000000000000       0x59 /usr/lib/gcc/arm-none-eabi/9.2.1/thumb/v7e-m+fp/hard/crtbegin.o
                                         0x5a (size before relaxing)
 .comment       0x0000000000000059       0x5a _build/nrf52832_xxaa/nrf_log_default_backends.c.o
 .comment       0x0000000000000059       0x5a _build/nrf52832_xxaa/nrf_log_frontend.c.o
 .comment       0x0000000000000059       0x5a _build/nrf52832_xxaa/app_button.c.o
 .comment       0x0000000000000059       0x5a _build/nrf52832_xxaa/app_error.c.o
 .comment       0x0000000000000059       0x5a _build/nrf52832_xxaa/app_error_weak.c.o
 .comment       0x0000000000000059       0x5a _build/nrf52832_xxaa/app_timer2.c.o
 .comment       0x0000000000000059       0x5a _build/nrf52832_xxaa/app_util_platform.c.o
 .comment       0x0000000000000059       0x5a _build/nrf52832_xxaa/drv_rtc.c.o
 .comment       0x0000000000000059       0x5a _build/nrf52832_xxaa/nrf_atfifo.c.o
 .comment       0x0000000000000059       0x5a _build/nrf52832_xxaa/nrf_atomic.c.o
 .comment       0x0000000000000059       0x5a _build/nrf52832_xxaa/nrf_balloc.c.o
 .comment       0x0000000000000059       0x5a _build/nrf52832_xxaa/nrf_memobj.c.o
 .comment       0x0000000000000059       0x5a _build/nrf52832_xxaa/nrf_pwr_mgmt.c.o
 .comment       0x0000000000000059       0x5a _build/nrf52832_xxaa/nrf_ringbuf.c.o
 .comment       0x0000000000000059       0x5a _build/nrf52832_xxaa/nrf_section_iter.c.o
 .comment       0x0000000000000059       0x5a _build/nrf52832_xxaa/nrf_sortlist.c.o
 .comment       0x0000000000000059       0x5a _build/nrf52832_xxaa/nrf_strerror.c.o
 .comment       0x0000000000000059       0x5a _build/nrf52832_xxaa/system_nrf52.c.o
 .comment       0x0000000000000059       0x5a _build/nrf52832_xxaa/boards.c.o
 .comment       0x0000000000000059       0x5a _build/nrf52832_xxaa/nrf_drv_clock.c.o
 .comment       0x0000000000000059       0x5a _build/nrf52832_xxaa/nrf_drv_uart.c.o
 .comment       0x0000000000000059       0x5a _build/nrf52832_xxaa/nrfx_clock.c.o
 .comment       0x0000000000000059       0x5a _build/nrf52832_xxaa/nrfx_gpiote.c.o
 .comment       0x0000000000000059       0x5a _build/nrf52832_xxaa/nrfx_prs.c.o
 .comment       0x0000000000000059       0x5a _build/nrf52832_xxaa/nrfx_uart.c.o
 .comment       0x0000000000000059       0x5a _build/nrf52832_xxaa/nrfx_uarte.c.o
 .comment       0x0000000000000059       0x5a _build/nrf52832_xxaa/bsp.c.o
 .comment       0x0000000000000059       0x5a _build/nrf52832_xxaa/main.c.o
 .comment       0x0000000000000059       0x5a _build/nrf52832_xxaa/ble_advdata.c.o
 .comment       0x0000000000000059       0x5a _build/nrf52832_xxaa/nrf_sdh.c.o
 .comment       0x0000000000000059       0x5a _build/nrf52832_xxaa/nrf_sdh_ble.c.o
 .comment       0x0000000000000059       0x5a _build/nrf52832_xxaa/nrf_sdh_soc.c.o
 .comment       0x0000000000000059       0x5a _build/nrf52832_xxaa/app_uart_fifo.c.o
 .comment       0x0000000000000059       0x5a _build/nrf52832_xxaa/app_fifo.c.o
 .comment       0x0000000000000059       0x4e /usr/lib/gcc/arm-none-eabi/9.2.1/../../../arm-none-eabi/lib/thumb/v7e-m+fp/hard/libc_nano.a(lib_a-atexit.o)
                                         0x4f (size before relaxing)
 .comment       0x00000000000000a7       0x4f /usr/lib/gcc/arm-none-eabi/9.2.1/../../../arm-none-eabi/lib/thumb/v7e-m+fp/hard/libc_nano.a(lib_a-ctype_.o)
 .comment       0x00000000000000a7       0x4f /usr/lib/gcc/arm-none-eabi/9.2.1/../../../arm-none-eabi/lib/thumb/v7e-m+fp/hard/libc_nano.a(lib_a-exit.o)
 .comment       0x00000000000000a7       0x4f /usr/lib/gcc/arm-none-eabi/9.2.1/../../../arm-none-eabi/lib/thumb/v7e-m+fp/hard/libc_nano.a(lib_a-fini.o)
 .comment       0x00000000000000a7       0x4f /usr/lib/gcc/arm-none-eabi/9.2.1/../../../arm-none-eabi/lib/thumb/v7e-m+fp/hard/libc_nano.a(lib_a-impure.o)
 .comment       0x00000000000000a7       0x4f /usr/lib/gcc/arm-none-eabi/9.2.1/../../../arm-none-eabi/lib/thumb/v7e-m+fp/hard/libc_nano.a(lib_a-init.o)
 .comment       0x00000000000000a7       0x4f /usr/lib/gcc/arm-none-eabi/9.2.1/../../../arm-none-eabi/lib/thumb/v7e-m+fp/hard/libc_nano.a(lib_a-memset.o)
 .comment       0x00000000000000a7       0x4f /usr/lib/gcc/arm-none-eabi/9.2.1/../../../arm-none-eabi/lib/thumb/v7e-m+fp/hard/libc_nano.a(lib_a-printf.o)
 .comment       0x00000000000000a7       0x4f /usr/lib/gcc/arm-none-eabi/9.2.1/../../../arm-none-eabi/lib/thumb/v7e-m+fp/hard/libc_nano.a(lib_a-strtol.o)
 .comment       0x00000000000000a7       0x4f /usr/lib/gcc/arm-none-eabi/9.2.1/../../../arm-none-eabi/lib/thumb/v7e-m+fp/hard/libc_nano.a(lib_a-__atexit.o)
 .comment       0x00000000000000a7       0x4f /usr/lib/gcc/arm-none-eabi/9.2.1/../../../arm-none-eabi/lib/thumb/v7e-m+fp/hard/libc_nano.a(lib_a-__call_atexit.o)
 .comment       0x00000000000000a7       0x4f /usr/lib/gcc/arm-none-eabi/9.2.1/../../../arm-none-eabi/lib/thumb/v7e-m+fp/hard/libc_nano.a(lib_a-errno.o)
 .comment       0x00000000000000a7       0x4f /usr/lib/gcc/arm-none-eabi/9.2.1/../../../arm-none-eabi/lib/thumb/v7e-m+fp/hard/libc_nano.a(lib_a-findfp.o)
 .comment       0x00000000000000a7       0x4f /usr/lib/gcc/arm-none-eabi/9.2.1/../../../arm-none-eabi/lib/thumb/v7e-m+fp/hard/libc_nano.a(lib_a-fwalk.o)
 .comment       0x00000000000000a7       0x4f /usr/lib/gcc/arm-none-eabi/9.2.1/../../../arm-none-eabi/lib/thumb/v7e-m+fp/hard/libc_nano.a(lib_a-nano-mallocr.o)
 .comment       0x00000000000000a7       0x4f /usr/lib/gcc/arm-none-eabi/9.2.1/../../../arm-none-eabi/lib/thumb/v7e-m+fp/hard/libc_nano.a(lib_a-nano-vfprintf.o)
 .comment       0x00000000000000a7       0x4f /usr/lib/gcc/arm-none-eabi/9.2.1/../../../arm-none-eabi/lib/thumb/v7e-m+fp/hard/libc_nano.a(lib_a-nano-vfprintf_i.o)
 .comment       0x00000000000000a7       0x4f /usr/lib/gcc/arm-none-eabi/9.2.1/../../../arm-none-eabi/lib/thumb/v7e-m+fp/hard/libc_nano.a(lib_a-sbrkr.o)
 .comment       0x00000000000000a7       0x4f /usr/lib/gcc/arm-none-eabi/9.2.1/../../../arm-none-eabi/lib/thumb/v7e-m+fp/hard/libc_nano.a(lib_a-stdio.o)
 .comment       0x00000000000000a7       0x4f /usr/lib/gcc/arm-none-eabi/9.2.1/../../../arm-none-eabi/lib/thumb/v7e-m+fp/hard/libc_nano.a(lib_a-wbuf.o)
 .comment       0x00000000000000a7       0x4f /usr/lib/gcc/arm-none-eabi/9.2.1/../../../arm-none-eabi/lib/thumb/v7e-m+fp/hard/libc_nano.a(lib_a-writer.o)
 .comment       0x00000000000000a7       0x4f /usr/lib/gcc/arm-none-eabi/9.2.1/../../../arm-none-eabi/lib/thumb/v7e-m+fp/hard/libc_nano.a(lib_a-wsetup.o)
 .comment       0x00000000000000a7       0x4f /usr/lib/gcc/arm-none-eabi/9.2.1/../../../arm-none-eabi/lib/thumb/v7e-m+fp/hard/libc_nano.a(lib_a-closer.o)
 .comment       0x00000000000000a7       0x4f /usr/lib/gcc/arm-none-eabi/9.2.1/../../../arm-none-eabi/lib/thumb/v7e-m+fp/hard/libc_nano.a(lib_a-fflush.o)
 .comment       0x00000000000000a7       0x4f /usr/lib/gcc/arm-none-eabi/9.2.1/../../../arm-none-eabi/lib/thumb/v7e-m+fp/hard/libc_nano.a(lib_a-fvwrite.o)
 .comment       0x00000000000000a7       0x4f /usr/lib/gcc/arm-none-eabi/9.2.1/../../../arm-none-eabi/lib/thumb/v7e-m+fp/hard/libc_nano.a(lib_a-lseekr.o)
 .comment       0x00000000000000a7       0x4f /usr/lib/gcc/arm-none-eabi/9.2.1/../../../arm-none-eabi/lib/thumb/v7e-m+fp/hard/libc_nano.a(lib_a-makebuf.o)
 .comment       0x00000000000000a7       0x4f /usr/lib/gcc/arm-none-eabi/9.2.1/../../../arm-none-eabi/lib/thumb/v7e-m+fp/hard/libc_nano.a(lib_a-memmove.o)
 .comment       0x00000000000000a7       0x4f /usr/lib/gcc/arm-none-eabi/9.2.1/../../../arm-none-eabi/lib/thumb/v7e-m+fp/hard/libc_nano.a(lib_a-mlock.o)
 .comment       0x00000000000000a7       0x4f /usr/lib/gcc/arm-none-eabi/9.2.1/../../../arm-none-eabi/lib/thumb/v7e-m+fp/hard/libc_nano.a(lib_a-nano-freer.o)
 .comment       0x00000000000000a7       0x4f /usr/lib/gcc/arm-none-eabi/9.2.1/../../../arm-none-eabi/lib/thumb/v7e-m+fp/hard/libc_nano.a(lib_a-nano-reallocr.o)
 .comment       0x00000000000000a7       0x4f /usr/lib/gcc/arm-none-eabi/9.2.1/../../../arm-none-eabi/lib/thumb/v7e-m+fp/hard/libc_nano.a(lib_a-readr.o)
 .comment       0x00000000000000a7       0x4f /usr/lib/gcc/arm-none-eabi/9.2.1/../../../arm-none-eabi/lib/thumb/v7e-m+fp/hard/libc_nano.a(lib_a-reent.o)
 .comment       0x00000000000000a7       0x4f /usr/lib/gcc/arm-none-eabi/9.2.1/../../../arm-none-eabi/lib/thumb/v7e-m+fp/hard/libc_nano.a(lib_a-fstatr.o)
 .comment       0x00000000000000a7       0x4f /usr/lib/gcc/arm-none-eabi/9.2.1/../../../arm-none-eabi/lib/thumb/v7e-m+fp/hard/libc_nano.a(lib_a-isattyr.o)
 .comment       0x00000000000000a7       0x4f /usr/lib/gcc/arm-none-eabi/9.2.1/../../../arm-none-eabi/lib/thumb/v7e-m+fp/hard/libc_nano.a(lib_a-nano-msizer.o)
 .comment       0x00000000000000a7       0x4f /usr/lib/gcc/arm-none-eabi/9.2.1/../../../arm-none-eabi/lib/thumb/v7e-m+fp/hard/libnosys.a(close.o)
 .comment       0x00000000000000a7       0x4f /usr/lib/gcc/arm-none-eabi/9.2.1/../../../arm-none-eabi/lib/thumb/v7e-m+fp/hard/libnosys.a(fstat.o)
 .comment       0x00000000000000a7       0x4f /usr/lib/gcc/arm-none-eabi/9.2.1/../../../arm-none-eabi/lib/thumb/v7e-m+fp/hard/libnosys.a(isatty.o)
 .comment       0x00000000000000a7       0x4f /usr/lib/gcc/arm-none-eabi/9.2.1/../../../arm-none-eabi/lib/thumb/v7e-m+fp/hard/libnosys.a(lseek.o)
 .comment       0x00000000000000a7       0x4f /usr/lib/gcc/arm-none-eabi/9.2.1/../../../arm-none-eabi/lib/thumb/v7e-m+fp/hard/libnosys.a(read.o)
 .comment       0x00000000000000a7       0x4f /usr/lib/gcc/arm-none-eabi/9.2.1/../../../arm-none-eabi/lib/thumb/v7e-m+fp/hard/libnosys.a(sbrk.o)
 .comment       0x00000000000000a7       0x4f /usr/lib/gcc/arm-none-eabi/9.2.1/../../../arm-none-eabi/lib/thumb/v7e-m+fp/hard/libnosys.a(_exit.o)
 .comment       0x00000000000000a7       0x5a /usr/lib/gcc/arm-none-eabi/9.2.1/thumb/v7e-m+fp/hard/libgcc.a(_udivmoddi4.o)
 .comment       0x00000000000000a7       0x5a /usr/lib/gcc/arm-none-eabi/9.2.1/thumb/v7e-m+fp/hard/crtend.o

.debug_line     0x0000000000000000    0x25bf9
 .debug_line    0x0000000000000000       0x87 /usr/lib/gcc/arm-none-eabi/9.2.1/../../../arm-none-eabi/lib/thumb/v7e-m+fp/hard/crt0.o
 .debug_line    0x0000000000000087       0x86 _build/nrf52832_xxaa/gcc_startup_nrf52.S.o
 .debug_line    0x000000000000010d      0x6c2 _build/nrf52832_xxaa/nrf_log_default_backends.c.o
 .debug_line    0x00000000000007cf     0x2bac _build/nrf52832_xxaa/nrf_log_frontend.c.o
 .debug_line    0x000000000000337b     0x1212 _build/nrf52832_xxaa/app_button.c.o